Archive member included to satisfy reference by file (symbol)

c:/program files (x86)/gnu arm embedded toolchain/10 2020-q4-major/bin/../lib/gcc/arm-none-eabi/10.2.1/../../../../arm-none-eabi/lib/thumb/v6-m/nofp\libc_nano.a(lib_a-errno.o)
                              build/syscalls.o (__errno)
c:/program files (x86)/gnu arm embedded toolchain/10 2020-q4-major/bin/../lib/gcc/arm-none-eabi/10.2.1/../../../../arm-none-eabi/lib/thumb/v6-m/nofp\libc_nano.a(lib_a-exit.o)
                              c:/program files (x86)/gnu arm embedded toolchain/10 2020-q4-major/bin/../lib/gcc/arm-none-eabi/10.2.1/../../../../arm-none-eabi/lib/thumb/v6-m/nofp/crt0.o (exit)
c:/program files (x86)/gnu arm embedded toolchain/10 2020-q4-major/bin/../lib/gcc/arm-none-eabi/10.2.1/../../../../arm-none-eabi/lib/thumb/v6-m/nofp\libc_nano.a(lib_a-impure.o)
                              c:/program files (x86)/gnu arm embedded toolchain/10 2020-q4-major/bin/../lib/gcc/arm-none-eabi/10.2.1/../../../../arm-none-eabi/lib/thumb/v6-m/nofp\libc_nano.a(lib_a-exit.o) (_global_impure_ptr)
c:/program files (x86)/gnu arm embedded toolchain/10 2020-q4-major/bin/../lib/gcc/arm-none-eabi/10.2.1/../../../../arm-none-eabi/lib/thumb/v6-m/nofp\libc_nano.a(lib_a-init.o)
                              c:/program files (x86)/gnu arm embedded toolchain/10 2020-q4-major/bin/../lib/gcc/arm-none-eabi/10.2.1/../../../../arm-none-eabi/lib/thumb/v6-m/nofp/crt0.o (__libc_init_array)
c:/program files (x86)/gnu arm embedded toolchain/10 2020-q4-major/bin/../lib/gcc/arm-none-eabi/10.2.1/../../../../arm-none-eabi/lib/thumb/v6-m/nofp\libc_nano.a(lib_a-memset.o)
                              c:/program files (x86)/gnu arm embedded toolchain/10 2020-q4-major/bin/../lib/gcc/arm-none-eabi/10.2.1/../../../../arm-none-eabi/lib/thumb/v6-m/nofp/crt0.o (memset)
c:/program files (x86)/gnu arm embedded toolchain/10 2020-q4-major/bin/../lib/gcc/arm-none-eabi/10.2.1/../../../../arm-none-eabi/lib/thumb/v6-m/nofp\libc_nano.a(lib_a-strncmp.o)
                              build/marine_controller.o (strncmp)
c:/program files (x86)/gnu arm embedded toolchain/10 2020-q4-major/bin/../lib/gcc/arm-none-eabi/10.2.1/thumb/v6-m/nofp\libgcc.a(_udivsi3.o)
                              build/system_stm32f0xx.o (__aeabi_uidiv)
c:/program files (x86)/gnu arm embedded toolchain/10 2020-q4-major/bin/../lib/gcc/arm-none-eabi/10.2.1/thumb/v6-m/nofp\libgcc.a(_dvmd_tls.o)
                              c:/program files (x86)/gnu arm embedded toolchain/10 2020-q4-major/bin/../lib/gcc/arm-none-eabi/10.2.1/thumb/v6-m/nofp\libgcc.a(_udivsi3.o) (__aeabi_idiv0)
c:/program files (x86)/gnu arm embedded toolchain/10 2020-q4-major/bin/../lib/gcc/arm-none-eabi/10.2.1/thumb/v6-m/nofp\libgcc.a(unwind-arm.o)
                              build/main.o (__aeabi_unwind_cpp_pr1)
c:/program files (x86)/gnu arm embedded toolchain/10 2020-q4-major/bin/../lib/gcc/arm-none-eabi/10.2.1/thumb/v6-m/nofp\libgcc.a(libunwind.o)
                              c:/program files (x86)/gnu arm embedded toolchain/10 2020-q4-major/bin/../lib/gcc/arm-none-eabi/10.2.1/thumb/v6-m/nofp\libgcc.a(unwind-arm.o) (restore_core_regs)
c:/program files (x86)/gnu arm embedded toolchain/10 2020-q4-major/bin/../lib/gcc/arm-none-eabi/10.2.1/thumb/v6-m/nofp\libgcc.a(pr-support.o)
                              c:/program files (x86)/gnu arm embedded toolchain/10 2020-q4-major/bin/../lib/gcc/arm-none-eabi/10.2.1/thumb/v6-m/nofp\libgcc.a(unwind-arm.o) (__gnu_unwind_execute)
c:/program files (x86)/gnu arm embedded toolchain/10 2020-q4-major/bin/../lib/gcc/arm-none-eabi/10.2.1/../../../../arm-none-eabi/lib/thumb/v6-m/nofp\libc_nano.a(lib_a-abort.o)
                              c:/program files (x86)/gnu arm embedded toolchain/10 2020-q4-major/bin/../lib/gcc/arm-none-eabi/10.2.1/thumb/v6-m/nofp\libgcc.a(unwind-arm.o) (abort)
c:/program files (x86)/gnu arm embedded toolchain/10 2020-q4-major/bin/../lib/gcc/arm-none-eabi/10.2.1/../../../../arm-none-eabi/lib/thumb/v6-m/nofp\libc_nano.a(lib_a-memcpy-stub.o)
                              c:/program files (x86)/gnu arm embedded toolchain/10 2020-q4-major/bin/../lib/gcc/arm-none-eabi/10.2.1/thumb/v6-m/nofp\libgcc.a(unwind-arm.o) (memcpy)
c:/program files (x86)/gnu arm embedded toolchain/10 2020-q4-major/bin/../lib/gcc/arm-none-eabi/10.2.1/../../../../arm-none-eabi/lib/thumb/v6-m/nofp\libc_nano.a(lib_a-signal.o)
                              c:/program files (x86)/gnu arm embedded toolchain/10 2020-q4-major/bin/../lib/gcc/arm-none-eabi/10.2.1/../../../../arm-none-eabi/lib/thumb/v6-m/nofp\libc_nano.a(lib_a-abort.o) (raise)
c:/program files (x86)/gnu arm embedded toolchain/10 2020-q4-major/bin/../lib/gcc/arm-none-eabi/10.2.1/../../../../arm-none-eabi/lib/thumb/v6-m/nofp\libc_nano.a(lib_a-signalr.o)
                              c:/program files (x86)/gnu arm embedded toolchain/10 2020-q4-major/bin/../lib/gcc/arm-none-eabi/10.2.1/../../../../arm-none-eabi/lib/thumb/v6-m/nofp\libc_nano.a(lib_a-signal.o) (_kill_r)
[...]
Memory Configuration

Name             Origin             Length             Attributes
RAM              0x20000000         0x00001800         xrw
FLASH            0x08000000         0x00008000         xr
*default*        0x00000000         0xffffffff

Linker script and memory map

LOAD c:/program files (x86)/gnu arm embedded toolchain/10 2020-q4-major/bin/../lib/gcc/arm-none-eabi/10.2.1/thumb/v6-m/nofp/crti.o
LOAD c:/program files (x86)/gnu arm embedded toolchain/10 2020-q4-major/bin/../lib/gcc/arm-none-eabi/10.2.1/thumb/v6-m/nofp/crtbegin.o
LOAD c:/program files (x86)/gnu arm embedded toolchain/10 2020-q4-major/bin/../lib/gcc/arm-none-eabi/10.2.1/../../../../arm-none-eabi/lib/thumb/v6-m/nofp/crt0.o
LOAD build/main.o
LOAD build/marine_controller.o
LOAD build/stm32f0xx_hal_msp.o
LOAD build/stm32f0xx_it.o
LOAD build/syscalls.o
LOAD build/sysmem.o
LOAD build/system_stm32f0xx.o
LOAD build/stm32f0xx_hal.o
LOAD build/stm32f0xx_hal_cortex.o
LOAD build/stm32f0xx_hal_dma.o
LOAD build/stm32f0xx_hal_exti.o
LOAD build/stm32f0xx_hal_flash.o
LOAD build/stm32f0xx_hal_flash_ex.o
LOAD build/stm32f0xx_hal_gpio.o
LOAD build/stm32f0xx_hal_i2c.o
LOAD build/stm32f0xx_hal_i2c_ex.o
LOAD build/stm32f0xx_hal_pwr.o
LOAD build/stm32f0xx_hal_pwr_ex.o
LOAD build/stm32f0xx_hal_rcc.o
LOAD build/stm32f0xx_hal_rcc_ex.o
LOAD build/stm32f0xx_hal_tim.o
LOAD build/stm32f0xx_hal_tim_ex.o
LOAD build/stm32f0xx_hal_uart.o
LOAD build/stm32f0xx_hal_uart_ex.o
LOAD build/startup_stm32f070x6.o
LOAD c:/program files (x86)/gnu arm embedded toolchain/10 2020-q4-major/bin/../lib/gcc/arm-none-eabi/10.2.1/../../../../arm-none-eabi/lib/thumb/v6-m/nofp\libnosys.a
LOAD c:/program files (x86)/gnu arm embedded toolchain/10 2020-q4-major/bin/../lib/gcc/arm-none-eabi/10.2.1/../../../../arm-none-eabi/lib/thumb/v6-m/nofp\libstdc++_nano.a
LOAD c:/program files (x86)/gnu arm embedded toolchain/10 2020-q4-major/bin/../lib/gcc/arm-none-eabi/10.2.1/../../../../arm-none-eabi/lib/thumb/v6-m/nofp\libm.a
LOAD c:/program files (x86)/gnu arm embedded toolchain/10 2020-q4-major/bin/../lib/gcc/arm-none-eabi/10.2.1/../../../../arm-none-eabi/lib/thumb/v6-m/nofp\libc_nano.a
START GROUP
LOAD c:/program files (x86)/gnu arm embedded toolchain/10 2020-q4-major/bin/../lib/gcc/arm-none-eabi/10.2.1/thumb/v6-m/nofp\libgcc.a
LOAD c:/program files (x86)/gnu arm embedded toolchain/10 2020-q4-major/bin/../lib/gcc/arm-none-eabi/10.2.1/../../../../arm-none-eabi/lib/thumb/v6-m/nofp\libc_nano.a
END GROUP
START GROUP
LOAD c:/program files (x86)/gnu arm embedded toolchain/10 2020-q4-major/bin/../lib/gcc/arm-none-eabi/10.2.1/thumb/v6-m/nofp\libgcc.a
LOAD c:/program files (x86)/gnu arm embedded toolchain/10 2020-q4-major/bin/../lib/gcc/arm-none-eabi/10.2.1/../../../../arm-none-eabi/lib/thumb/v6-m/nofp\libc_nano.a
END GROUP
LOAD c:/program files (x86)/gnu arm embedded toolchain/10 2020-q4-major/bin/../lib/gcc/arm-none-eabi/10.2.1/thumb/v6-m/nofp/crtend.o
LOAD c:/program files (x86)/gnu arm embedded toolchain/10 2020-q4-major/bin/../lib/gcc/arm-none-eabi/10.2.1/thumb/v6-m/nofp/crtn.o
                0x20001800                _estack = 0x20001800
                0x00000200                _Min_Heap_Size = 0x200
                0x00000400                _Min_Stack_Size = 0x400

.isr_vector     0x08000000       0xc0
                0x08000000                . = ALIGN (0x4)
 *(.isr_vector)
 .isr_vector    0x08000000       0xc0 build/startup_stm32f070x6.o
                0x08000000                g_pfnVectors
                0x080000c0                . = ALIGN (0x4)

.text           0x080000c0     0x2910
                0x080000c0                . = ALIGN (0x4)
 *(.text)
 .text          0x080000c0       0x48 c:/program files (x86)/gnu arm embedded toolchain/10 2020-q4-major/bin/../lib/gcc/arm-none-eabi/10.2.1/thumb/v6-m/nofp/crtbegin.o
 .text          0x08000108      0x114 c:/program files (x86)/gnu arm embedded toolchain/10 2020-q4-major/bin/../lib/gcc/arm-none-eabi/10.2.1/thumb/v6-m/nofp\libgcc.a(_udivsi3.o)
                0x08000108                __aeabi_uidiv
                0x08000108                __udivsi3
                0x08000214                __aeabi_uidivmod
 .text          0x0800021c        0x4 c:/program files (x86)/gnu arm embedded toolchain/10 2020-q4-major/bin/../lib/gcc/arm-none-eabi/10.2.1/thumb/v6-m/nofp\libgcc.a(_dvmd_tls.o)
                0x0800021c                __aeabi_idiv0
                0x0800021c                __aeabi_ldiv0
 .text          0x08000220      0xa30 c:/program files (x86)/gnu arm embedded toolchain/10 2020-q4-major/bin/../lib/gcc/arm-none-eabi/10.2.1/thumb/v6-m/nofp\libgcc.a(unwind-arm.o)
                0x080004ec                _Unwind_GetCFA
                0x080004f0                __gnu_Unwind_RaiseException
                0x08000544                __gnu_Unwind_ForcedUnwind
                0x08000558                __gnu_Unwind_Resume
                0x080005a0                __gnu_Unwind_Resume_or_Rethrow
                0x080005bc                _Unwind_Complete
                0x080005c0                _Unwind_DeleteException
                0x080005d0                _Unwind_VRS_Get
                0x0800061c                _Unwind_VRS_Set
                0x08000668                __gnu_Unwind_Backtrace
                0x080009c4                __aeabi_unwind_cpp_pr0
                0x080009d0                __aeabi_unwind_cpp_pr1
                0x080009dc                __aeabi_unwind_cpp_pr2
                0x080009e8                _Unwind_VRS_Pop
 .text          0x08000c50      0x144 c:/program files (x86)/gnu arm embedded toolchain/10 2020-q4-major/bin/../lib/gcc/arm-none-eabi/10.2.1/thumb/v6-m/nofp\libgcc.a(libunwind.o)
                0x08000c50                __restore_core_regs
                0x08000c50                restore_core_regs
                0x08000c7c                __gnu_Unwind_Restore_VFP
                0x08000c80                __gnu_Unwind_Save_VFP
                0x08000c84                __gnu_Unwind_Restore_VFP_D
                0x08000c88                __gnu_Unwind_Save_VFP_D
                0x08000c8c                __gnu_Unwind_Restore_VFP_D_16_to_31
                0x08000c90                __gnu_Unwind_Save_VFP_D_16_to_31
                0x08000c94                __gnu_Unwind_Restore_WMMXD
                0x08000c98                __gnu_Unwind_Save_WMMXD
                0x08000c9c                __gnu_Unwind_Restore_WMMXC
                0x08000ca0                __gnu_Unwind_Save_WMMXC
                0x08000ca4                ___Unwind_RaiseException
                0x08000ca4                _Unwind_RaiseException
                0x08000cd4                _Unwind_Resume
                0x08000cd4                ___Unwind_Resume
                0x08000d04                _Unwind_Resume_or_Rethrow
                0x08000d04                ___Unwind_Resume_or_Rethrow
                0x08000d34                _Unwind_ForcedUnwind
                0x08000d34                ___Unwind_ForcedUnwind
                0x08000d64                ___Unwind_Backtrace
                0x08000d64                _Unwind_Backtrace
 .text          0x08000d94      0x38c c:/program files (x86)/gnu arm embedded toolchain/10 2020-q4-major/bin/../lib/gcc/arm-none-eabi/10.2.1/thumb/v6-m/nofp\libgcc.a(pr-support.o)
                0x08000de8                __gnu_unwind_execute
                0x080010d8                __gnu_unwind_frame
                0x08001100                _Unwind_GetRegionStart
                0x0800110c                _Unwind_GetLanguageSpecificData
 *(.text*)
 .text._ZL12MX_GPIO_Initv
                0x08001120       0xa4 build/main.o
 .text.Error_Handler
                0x080011c4        0x4 build/main.o
                0x080011c4                Error_Handler
 .text._ZL19MX_USART2_UART_Initv
                0x080011c8       0x40 build/main.o
 .text._Z18SystemClock_Configv
                0x08001208       0x52 build/main.o
                0x08001208                SystemClock_Config()
 *fill*         0x0800125a        0x2 
 .text.main     0x0800125c       0x30 build/main.o
                0x0800125c                main
 .text._Z10marineMainv
                0x0800128c       0x44 build/marine_controller.o
                0x0800128c                marineMain()
 .text._Z4CRC8Phh
                0x080012d0       0x3c build/marine_controller.o
                0x080012d0                CRC8(unsigned char*, unsigned char)
 .text._Z14handleCommandsPhh
                0x0800130c       0x34 build/marine_controller.o
                0x0800130c                handleCommands(unsigned char*, unsigned char)
 .text._Z21serialProtocolReciverPh
                0x08001340       0x36 build/marine_controller.o
                0x08001340                serialProtocolReciver(unsigned char*)
 *fill*         0x08001376        0x2 
 .text.HAL_UART_RxCpltCallback
                0x08001378       0xa4 build/marine_controller.o
                0x08001378                HAL_UART_RxCpltCallback
 .text.HAL_MspInit
                0x0800141c       0x30 build/stm32f0xx_hal_msp.o
                0x0800141c                HAL_MspInit
 .text.HAL_UART_MspInit
                0x0800144c       0x74 build/stm32f0xx_hal_msp.o
                0x0800144c                HAL_UART_MspInit
 .text.NMI_Handler
                0x080014c0        0x2 build/stm32f0xx_it.o
                0x080014c0                NMI_Handler
 .text.HardFault_Handler
                0x080014c2        0x2 build/stm32f0xx_it.o
                0x080014c2                HardFault_Handler
 .text.SVC_Handler
                0x080014c4        0x2 build/stm32f0xx_it.o
                0x080014c4                SVC_Handler
 .text.PendSV_Handler
                0x080014c6        0x2 build/stm32f0xx_it.o
                0x080014c6                PendSV_Handler
 .text.SysTick_Handler
                0x080014c8        0x8 build/stm32f0xx_it.o
                0x080014c8                SysTick_Handler
 .text.USART2_IRQHandler
                0x080014d0       0x10 build/stm32f0xx_it.o
                0x080014d0                USART2_IRQHandler
 .text._getpid  0x080014e0        0x4 build/syscalls.o
                0x080014e0                _getpid
 .text._kill    0x080014e4       0x10 build/syscalls.o
                0x080014e4                _kill
 .text._exit    0x080014f4        0xc build/syscalls.o
                0x080014f4                _exit
 .text.SystemInit
                0x08001500        0x2 build/system_stm32f0xx.o
                0x08001500                SystemInit
 *fill*         0x08001502        0x2 
 .text.HAL_InitTick
                0x08001504       0x50 build/stm32f0xx_hal.o
                0x08001504                HAL_InitTick
 .text.HAL_Init
                0x08001554       0x20 build/stm32f0xx_hal.o
                0x08001554                HAL_Init
 .text.HAL_IncTick
                0x08001574       0x18 build/stm32f0xx_hal.o
                0x08001574                HAL_IncTick
 .text.HAL_GetTick
                0x0800158c        0xc build/stm32f0xx_hal.o
                0x0800158c                HAL_GetTick
 .text.HAL_Delay
                0x08001598       0x24 build/stm32f0xx_hal.o
                0x08001598                HAL_Delay
 .text.HAL_NVIC_SetPriority
                0x080015bc       0x60 build/stm32f0xx_hal_cortex.o
                0x080015bc                HAL_NVIC_SetPriority
 .text.HAL_NVIC_EnableIRQ
                0x0800161c       0x18 build/stm32f0xx_hal_cortex.o
                0x0800161c                HAL_NVIC_EnableIRQ
 .text.HAL_SYSTICK_Config
                0x08001634       0x38 build/stm32f0xx_hal_cortex.o
                0x08001634                HAL_SYSTICK_Config
 .text.HAL_DMA_Abort
                0x0800166c       0x44 build/stm32f0xx_hal_dma.o
                0x0800166c                HAL_DMA_Abort
 .text.HAL_DMA_Abort_IT
                0x080016b0       0x4a build/stm32f0xx_hal_dma.o
                0x080016b0                HAL_DMA_Abort_IT
 *fill*         0x080016fa        0x2 
 .text.HAL_GPIO_Init
                0x080016fc      0x190 build/stm32f0xx_hal_gpio.o
                0x080016fc                HAL_GPIO_Init
 .text.HAL_GPIO_WritePin
                0x0800188c        0xc build/stm32f0xx_hal_gpio.o
                0x0800188c                HAL_GPIO_WritePin
 .text.HAL_GPIO_TogglePin
                0x08001898       0x10 build/stm32f0xx_hal_gpio.o
                0x08001898                HAL_GPIO_TogglePin
 .text.HAL_RCC_OscConfig
                0x080018a8      0x4b0 build/stm32f0xx_hal_rcc.o
                0x080018a8                HAL_RCC_OscConfig
 .text.HAL_RCC_GetSysClockFreq
                0x08001d58       0x74 build/stm32f0xx_hal_rcc.o
                0x08001d58                HAL_RCC_GetSysClockFreq
 .text.HAL_RCC_ClockConfig
                0x08001dcc      0x134 build/stm32f0xx_hal_rcc.o
                0x08001dcc                HAL_RCC_ClockConfig
 .text.HAL_RCC_GetHCLKFreq
                0x08001f00        0xc build/stm32f0xx_hal_rcc.o
                0x08001f00                HAL_RCC_GetHCLKFreq
 .text.HAL_RCC_GetPCLK1Freq
                0x08001f0c       0x20 build/stm32f0xx_hal_rcc.o
                0x08001f0c                HAL_RCC_GetPCLK1Freq
 .text.UART_EndRxTransfer
                0x08001f2c       0x38 build/stm32f0xx_hal_uart.o
 .text.HAL_UART_TxCpltCallback
                0x08001f64        0x2 build/stm32f0xx_hal_uart.o
                0x08001f64                HAL_UART_TxCpltCallback
 .text.UART_EndTransmit_IT
                0x08001f66       0x1a build/stm32f0xx_hal_uart.o
 .text.HAL_UART_ErrorCallback
                0x08001f80        0x2 build/stm32f0xx_hal_uart.o
                0x08001f80                HAL_UART_ErrorCallback
 .text.UART_DMAAbortOnError
                0x08001f82       0x14 build/stm32f0xx_hal_uart.o
 .text.HAL_UARTEx_RxEventCallback
                0x08001f96        0x2 build/stm32f0xx_hal_uart.o
                0x08001f96                HAL_UARTEx_RxEventCallback
 .text.HAL_UART_IRQHandler
                0x08001f98      0x250 build/stm32f0xx_hal_uart.o
                0x08001f98                HAL_UART_IRQHandler
 .text.UART_RxISR_8BIT
                0x080021e8       0x84 build/stm32f0xx_hal_uart.o
 .text.UART_RxISR_16BIT
                0x0800226c       0x84 build/stm32f0xx_hal_uart.o
 .text.UART_SetConfig
                0x080022f0      0x17c build/stm32f0xx_hal_uart.o
                0x080022f0                UART_SetConfig
 .text.UART_AdvFeatureConfig
                0x0800246c       0xe0 build/stm32f0xx_hal_uart.o
                0x0800246c                UART_AdvFeatureConfig
 .text.UART_WaitOnFlagUntilTimeout
                0x0800254c       0xb0 build/stm32f0xx_hal_uart.o
                0x0800254c                UART_WaitOnFlagUntilTimeout
 .text.UART_CheckIdleState
                0x080025fc       0x70 build/stm32f0xx_hal_uart.o
                0x080025fc                UART_CheckIdleState
 .text.HAL_UART_Init
                0x0800266c       0x6c build/stm32f0xx_hal_uart.o
                0x0800266c                HAL_UART_Init
 .text.UART_Start_Receive_IT
                0x080026d8       0xbc build/stm32f0xx_hal_uart.o
                0x080026d8                UART_Start_Receive_IT
 .text.HAL_UART_Receive_IT
                0x08002794       0x62 build/stm32f0xx_hal_uart.o
                0x08002794                HAL_UART_Receive_IT
 *fill*         0x080027f6        0x2 
 .text.Reset_Handler
                0x080027f8       0x80 build/startup_stm32f070x6.o
                0x080027f8                Reset_Handler
 .text.Default_Handler
                0x08002878        0x2 build/startup_stm32f070x6.o
                0x08002878                TIM1_CC_IRQHandler
                0x08002878                I2C1_IRQHandler
                0x08002878                SPI1_IRQHandler
                0x08002878                EXTI2_3_IRQHandler
                0x08002878                ADC1_IRQHandler
                0x08002878                TIM17_IRQHandler
                0x08002878                RTC_IRQHandler
                0x08002878                TIM16_IRQHandler
                0x08002878                TIM3_IRQHandler
                0x08002878                EXTI4_15_IRQHandler
                0x08002878                RCC_IRQHandler
                0x08002878                DMA1_Channel1_IRQHandler
                0x08002878                Default_Handler
                0x08002878                TIM14_IRQHandler
                0x08002878                DMA1_Channel4_5_IRQHandler
                0x08002878                EXTI0_1_IRQHandler
                0x08002878                USB_IRQHandler
                0x08002878                WWDG_IRQHandler
                0x08002878                DMA1_Channel2_3_IRQHandler
                0x08002878                FLASH_IRQHandler
                0x08002878                USART1_IRQHandler
                0x08002878                TIM1_BRK_UP_TRG_COM_IRQHandler
 *fill*         0x0800287a        0x2 
 .text.__errno  0x0800287c        0xc c:/program files (x86)/gnu arm embedded toolchain/10 2020-q4-major/bin/../lib/gcc/arm-none-eabi/10.2.1/../../../../arm-none-eabi/lib/thumb/v6-m/nofp\libc_nano.a(lib_a-errno.o)
                0x0800287c                __errno
 .text.__libc_init_array
                0x08002888       0x48 c:/program files (x86)/gnu arm embedded toolchain/10 2020-q4-major/bin/../lib/gcc/arm-none-eabi/10.2.1/../../../../arm-none-eabi/lib/thumb/v6-m/nofp\libc_nano.a(lib_a-init.o)
                0x08002888                __libc_init_array
 .text.memset   0x080028d0       0x10 c:/program files (x86)/gnu arm embedded toolchain/10 2020-q4-major/bin/../lib/gcc/arm-none-eabi/10.2.1/../../../../arm-none-eabi/lib/thumb/v6-m/nofp\libc_nano.a(lib_a-memset.o)
                0x080028d0                memset
 .text.strncmp  0x080028e0       0x24 c:/program files (x86)/gnu arm embedded toolchain/10 2020-q4-major/bin/../lib/gcc/arm-none-eabi/10.2.1/../../../../arm-none-eabi/lib/thumb/v6-m/nofp\libc_nano.a(lib_a-strncmp.o)
                0x080028e0                strncmp
 .text.abort    0x08002904        0xe c:/program files (x86)/gnu arm embedded toolchain/10 2020-q4-major/bin/../lib/gcc/arm-none-eabi/10.2.1/../../../../arm-none-eabi/lib/thumb/v6-m/nofp\libc_nano.a(lib_a-abort.o)
                0x08002904                abort
 .text.memcpy   0x08002912       0x12 c:/program files (x86)/gnu arm embedded toolchain/10 2020-q4-major/bin/../lib/gcc/arm-none-eabi/10.2.1/../../../../arm-none-eabi/lib/thumb/v6-m/nofp\libc_nano.a(lib_a-memcpy-stub.o)
                0x08002912                memcpy
 .text._raise_r
                0x08002924       0x54 c:/program files (x86)/gnu arm embedded toolchain/10 2020-q4-major/bin/../lib/gcc/arm-none-eabi/10.2.1/../../../../arm-none-eabi/lib/thumb/v6-m/nofp\libc_nano.a(lib_a-signal.o)
                0x08002924                _raise_r
 .text.raise    0x08002978       0x14 c:/program files (x86)/gnu arm embedded toolchain/10 2020-q4-major/bin/../lib/gcc/arm-none-eabi/10.2.1/../../../../arm-none-eabi/lib/thumb/v6-m/nofp\libc_nano.a(lib_a-signal.o)
                0x08002978                raise
 .text._kill_r  0x0800298c       0x24 c:/program files (x86)/gnu arm embedded toolchain/10 2020-q4-major/bin/../lib/gcc/arm-none-eabi/10.2.1/../../../../arm-none-eabi/lib/thumb/v6-m/nofp\libc_nano.a(lib_a-signalr.o)
                0x0800298c                _kill_r
 .text._getpid_r
                0x080029b0        0x8 c:/program files (x86)/gnu arm embedded toolchain/10 2020-q4-major/bin/../lib/gcc/arm-none-eabi/10.2.1/../../../../arm-none-eabi/lib/thumb/v6-m/nofp\libc_nano.a(lib_a-signalr.o)
                0x080029b0                _getpid_r
 *(.glue_7)
 .glue_7        0x080029b8        0x0 linker stubs
 *(.glue_7t)
 .glue_7t       0x080029b8        0x0 linker stubs
 *(.eh_frame)
 .eh_frame      0x080029b8        0x0 c:/program files (x86)/gnu arm embedded toolchain/10 2020-q4-major/bin/../lib/gcc/arm-none-eabi/10.2.1/thumb/v6-m/nofp/crtbegin.o
 *(.init)
 .init          0x080029b8        0x4 c:/program files (x86)/gnu arm embedded toolchain/10 2020-q4-major/bin/../lib/gcc/arm-none-eabi/10.2.1/thumb/v6-m/nofp/crti.o
                0x080029b8                _init
 .init          0x080029bc        0x8 c:/program files (x86)/gnu arm embedded toolchain/10 2020-q4-major/bin/../lib/gcc/arm-none-eabi/10.2.1/thumb/v6-m/nofp/crtn.o
 *(.fini)
 .fini          0x080029c4        0x4 c:/program files (x86)/gnu arm embedded toolchain/10 2020-q4-major/bin/../lib/gcc/arm-none-eabi/10.2.1/thumb/v6-m/nofp/crti.o
                0x080029c4                _fini
 .fini          0x080029c8        0x8 c:/program files (x86)/gnu arm embedded toolchain/10 2020-q4-major/bin/../lib/gcc/arm-none-eabi/10.2.1/thumb/v6-m/nofp/crtn.o
                0x080029d0                . = ALIGN (0x4)
                0x080029d0                _etext = .

.vfp11_veneer   0x080029d0        0x0
 .vfp11_veneer  0x080029d0        0x0 linker stubs

.v4_bx          0x080029d0        0x0
 .v4_bx         0x080029d0        0x0 linker stubs

.iplt           0x080029d0        0x0
 .iplt          0x080029d0        0x0 c:/program files (x86)/gnu arm embedded toolchain/10 2020-q4-major/bin/../lib/gcc/arm-none-eabi/10.2.1/thumb/v6-m/nofp/crtbegin.o

.rodata         0x080029d0       0x48
                0x080029d0                . = ALIGN (0x4)
 *(.rodata)
 *(.rodata*)
 .rodata._Z14handleCommandsPhh.str1.4
                0x080029d0        0x5 build/marine_controller.o
 *fill*         0x080029d5        0x3 
 .rodata.AHBPrescTable
                0x080029d8       0x10 build/system_stm32f0xx.o
                0x080029d8                AHBPrescTable
 .rodata.APBPrescTable
                0x080029e8        0x8 build/system_stm32f0xx.o
                0x080029e8                APBPrescTable
 .rodata.HAL_RCC_GetSysClockFreq.str1.4
                0x080029f0       0x25 build/stm32f0xx_hal_rcc.o
                0x08002a18                . = ALIGN (0x4)
 *fill*         0x08002a15        0x3 

.ARM.extab      0x08002a18       0x3c
 *(.ARM.extab* .gnu.linkonce.armextab.*)
 .ARM.extab.text._ZL12MX_GPIO_Initv
                0x08002a18        0xc build/main.o
 .ARM.extab     0x08002a24       0x24 c:/program files (x86)/gnu arm embedded toolchain/10 2020-q4-major/bin/../lib/gcc/arm-none-eabi/10.2.1/thumb/v6-m/nofp\libgcc.a(unwind-arm.o)
 .ARM.extab     0x08002a48        0xc c:/program files (x86)/gnu arm embedded toolchain/10 2020-q4-major/bin/../lib/gcc/arm-none-eabi/10.2.1/thumb/v6-m/nofp\libgcc.a(pr-support.o)

.ARM            0x08002a54      0x118
                0x08002a54                __exidx_start = .
 *(.ARM.exidx*)
 .ARM.exidx.text._ZL12MX_GPIO_Initv
                0x08002b14        0x8 build/main.o
 .ARM.exidx.text.Error_Handler
                0x08002b1c        0x8 build/main.o
 .ARM.exidx.text._ZL19MX_USART2_UART_Initv
                0x08002b24        0x8 build/main.o
 .ARM.exidx.text._Z18SystemClock_Configv
                0x08002b2c        0x8 build/main.o
 .ARM.exidx.text.main
                0x08002b34        0x8 build/main.o
 .ARM.exidx.text._Z10marineMainv
                0x08002b3c        0x8 build/marine_controller.o
 .ARM.exidx.text._Z4CRC8Phh
                0x08002b44        0x8 build/marine_controller.o
 .ARM.exidx.text._Z14handleCommandsPhh
                0x08002b4c        0x8 build/marine_controller.o
 .ARM.exidx.text._Z21serialProtocolReciverPh
                0x08002b54        0x8 build/marine_controller.o
 .ARM.exidx.text.HAL_UART_RxCpltCallback
                0x08002b5c       0x10 build/marine_controller.o
                                  0x8 (size before relaxing)
 .ARM.exidx     0x08002a54       0x98 c:/program files (x86)/gnu arm embedded toolchain/10 2020-q4-major/bin/../lib/gcc/arm-none-eabi/10.2.1/thumb/v6-m/nofp\libgcc.a(unwind-arm.o)
                                 0xd8 (size before relaxing)
 .ARM.exidx     0x08002aec       0x28 c:/program files (x86)/gnu arm embedded toolchain/10 2020-q4-major/bin/../lib/gcc/arm-none-eabi/10.2.1/thumb/v6-m/nofp\libgcc.a(pr-support.o)
                                 0x38 (size before relaxing)
                0x08002b6c                __exidx_end = .

.rel.dyn        0x08002b6c        0x0
 .rel.iplt      0x08002b6c        0x0 c:/program files (x86)/gnu arm embedded toolchain/10 2020-q4-major/bin/../lib/gcc/arm-none-eabi/10.2.1/thumb/v6-m/nofp/crtbegin.o

.preinit_array  0x08002b6c        0x0
                0x08002b6c                PROVIDE (__preinit_array_start = .)
 *(.preinit_array*)
                0x08002b6c                PROVIDE (__preinit_array_end = .)

.init_array     0x08002b6c        0x4
                0x08002b6c                PROVIDE (__init_array_start = .)
 *(SORT_BY_NAME(.init_array.*))
 *(.init_array*)
 .init_array    0x08002b6c        0x4 c:/program files (x86)/gnu arm embedded toolchain/10 2020-q4-major/bin/../lib/gcc/arm-none-eabi/10.2.1/thumb/v6-m/nofp/crtbegin.o
                0x08002b70                PROVIDE (__init_array_end = .)

.fini_array     0x08002b70        0x4
                [!provide]                PROVIDE (__fini_array_start = .)
 *(SORT_BY_NAME(.fini_array.*))
 *(.fini_array*)
 .fini_array    0x08002b70        0x4 c:/program files (x86)/gnu arm embedded toolchain/10 2020-q4-major/bin/../lib/gcc/arm-none-eabi/10.2.1/thumb/v6-m/nofp/crtbegin.o
                [!provide]                PROVIDE (__fini_array_end = .)
                0x08002b74                _sidata = LOADADDR (.data)

.data           0x20000000       0x74 load address 0x08002b74
                0x20000000                . = ALIGN (0x4)
                0x20000000                _sdata = .
 *(.data)
 *(.data*)
 .data.recived_counter
                0x20000000        0x4 build/marine_controller.o
                0x20000000                recived_counter
 .data.SystemCoreClock
                0x20000004        0x4 build/system_stm32f0xx.o
                0x20000004                SystemCoreClock
 .data.uwTickFreq
                0x20000008        0x1 build/stm32f0xx_hal.o
                0x20000008                uwTickFreq
 *fill*         0x20000009        0x3 
 .data.uwTickPrio
                0x2000000c        0x4 build/stm32f0xx_hal.o
                0x2000000c                uwTickPrio
 .data._impure_ptr
                0x20000010        0x4 c:/program files (x86)/gnu arm embedded toolchain/10 2020-q4-major/bin/../lib/gcc/arm-none-eabi/10.2.1/../../../../arm-none-eabi/lib/thumb/v6-m/nofp\libc_nano.a(lib_a-impure.o)
                0x20000010                _impure_ptr
 .data.impure_data
                0x20000014       0x60 c:/program files (x86)/gnu arm embedded toolchain/10 2020-q4-major/bin/../lib/gcc/arm-none-eabi/10.2.1/../../../../arm-none-eabi/lib/thumb/v6-m/nofp\libc_nano.a(lib_a-impure.o)
                0x20000074                . = ALIGN (0x4)
                0x20000074                _edata = .

.igot.plt       0x20000074        0x0 load address 0x08002be8
 .igot.plt      0x20000074        0x0 c:/program files (x86)/gnu arm embedded toolchain/10 2020-q4-major/bin/../lib/gcc/arm-none-eabi/10.2.1/thumb/v6-m/nofp/crtbegin.o
                0x20000074                . = ALIGN (0x4)

.bss            0x20000074       0xbc load address 0x08002be8
                0x20000074                _sbss = .
                0x20000074                __bss_start__ = _sbss
 *(.bss)
 .bss           0x20000074       0x1c c:/program files (x86)/gnu arm embedded toolchain/10 2020-q4-major/bin/../lib/gcc/arm-none-eabi/10.2.1/thumb/v6-m/nofp/crtbegin.o
 *(.bss*)
 .bss.huart2    0x20000090       0x84 build/main.o
                0x20000090                huart2
 .bss.recive_length
                0x20000114        0x1 build/marine_controller.o
                0x20000114                recive_length
 *fill*         0x20000115        0x3 
 .bss.recived_string
                0x20000118        0xa build/marine_controller.o
                0x20000118                recived_string
 *fill*         0x20000122        0x2 
 .bss.rx_buffer
                0x20000124        0x1 build/marine_controller.o
                0x20000124                rx_buffer
 *fill*         0x20000125        0x3 
 .bss.uwTick    0x20000128        0x4 build/stm32f0xx_hal.o
                0x20000128                uwTick
 .bss.errno     0x2000012c        0x4 c:/program files (x86)/gnu arm embedded toolchain/10 2020-q4-major/bin/../lib/gcc/arm-none-eabi/10.2.1/../../../../arm-none-eabi/lib/thumb/v6-m/nofp\libc_nano.a(lib_a-reent.o)
                0x2000012c                errno
 *(COMMON)
                0x20000130                . = ALIGN (0x4)
                0x20000130                _ebss = .
                0x20000130                __bss_end__ = _ebss

._user_heap_stack
                0x20000130      0x600 load address 0x08002be8
                0x20000130                . = ALIGN (0x8)
                [!provide]                PROVIDE (end = .)
                0x20000130                PROVIDE (_end = .)
                0x20000330                . = (. + _Min_Heap_Size)
 *fill*         0x20000130      0x200 
                0x20000730                . = (. + _Min_Stack_Size)
 *fill*         0x20000330      0x400 
                0x20000730                . = ALIGN (0x8)

/DISCARD/
 libc.a(*)
 libm.a(*)
 libgcc.a(*)

.ARM.attributes
                0x00000000       0x28
 *(.ARM.attributes)
 .ARM.attributes
                0x00000000       0x1e c:/program files (x86)/gnu arm embedded toolchain/10 2020-q4-major/bin/../lib/gcc/arm-none-eabi/10.2.1/thumb/v6-m/nofp/crti.o
 .ARM.attributes
                0x0000001e       0x2c c:/program files (x86)/gnu arm embedded toolchain/10 2020-q4-major/bin/../lib/gcc/arm-none-eabi/10.2.1/thumb/v6-m/nofp/crtbegin.o
 .ARM.attributes
                0x0000004a       0x2c build/main.o
 .ARM.attributes
                0x00000076       0x2c build/marine_controller.o
 .ARM.attributes
                0x000000a2       0x2c build/stm32f0xx_hal_msp.o
 .ARM.attributes
                0x000000ce       0x2c build/stm32f0xx_it.o
 .ARM.attributes
                0x000000fa       0x2c build/syscalls.o
 .ARM.attributes
                0x00000126       0x2c build/system_stm32f0xx.o
 .ARM.attributes
                0x00000152       0x2c build/stm32f0xx_hal.o
 .ARM.attributes
                0x0000017e       0x2c build/stm32f0xx_hal_cortex.o
 .ARM.attributes
                0x000001aa       0x2c build/stm32f0xx_hal_dma.o
 .ARM.attributes
                0x000001d6       0x2c build/stm32f0xx_hal_gpio.o
 .ARM.attributes
                0x00000202       0x2c build/stm32f0xx_hal_rcc.o
 .ARM.attributes
                0x0000022e       0x2c build/stm32f0xx_hal_uart.o
 .ARM.attributes
                0x0000025a       0x21 build/startup_stm32f070x6.o
 .ARM.attributes
                0x0000027b       0x2c c:/program files (x86)/gnu arm embedded toolchain/10 2020-q4-major/bin/../lib/gcc/arm-none-eabi/10.2.1/../../../../arm-none-eabi/lib/thumb/v6-m/nofp\libc_nano.a(lib_a-errno.o)
 .ARM.attributes
                0x000002a7       0x2c c:/program files (x86)/gnu arm embedded toolchain/10 2020-q4-major/bin/../lib/gcc/arm-none-eabi/10.2.1/../../../../arm-none-eabi/lib/thumb/v6-m/nofp\libc_nano.a(lib_a-impure.o)
 .ARM.attributes
                0x000002d3       0x2c c:/program files (x86)/gnu arm embedded toolchain/10 2020-q4-major/bin/../lib/gcc/arm-none-eabi/10.2.1/../../../../arm-none-eabi/lib/thumb/v6-m/nofp\libc_nano.a(lib_a-init.o)
 .ARM.attributes
                0x000002ff       0x2c c:/program files (x86)/gnu arm embedded toolchain/10 2020-q4-major/bin/../lib/gcc/arm-none-eabi/10.2.1/../../../../arm-none-eabi/lib/thumb/v6-m/nofp\libc_nano.a(lib_a-memset.o)
 .ARM.attributes
                0x0000032b       0x2c c:/program files (x86)/gnu arm embedded toolchain/10 2020-q4-major/bin/../lib/gcc/arm-none-eabi/10.2.1/../../../../arm-none-eabi/lib/thumb/v6-m/nofp\libc_nano.a(lib_a-strncmp.o)
 .ARM.attributes
                0x00000357       0x1e c:/program files (x86)/gnu arm embedded toolchain/10 2020-q4-major/bin/../lib/gcc/arm-none-eabi/10.2.1/thumb/v6-m/nofp\libgcc.a(_udivsi3.o)
 .ARM.attributes
                0x00000375       0x1e c:/program files (x86)/gnu arm embedded toolchain/10 2020-q4-major/bin/../lib/gcc/arm-none-eabi/10.2.1/thumb/v6-m/nofp\libgcc.a(_dvmd_tls.o)
 .ARM.attributes
                0x00000393       0x2c c:/program files (x86)/gnu arm embedded toolchain/10 2020-q4-major/bin/../lib/gcc/arm-none-eabi/10.2.1/thumb/v6-m/nofp\libgcc.a(unwind-arm.o)
 .ARM.attributes
                0x000003bf       0x1e c:/program files (x86)/gnu arm embedded toolchain/10 2020-q4-major/bin/../lib/gcc/arm-none-eabi/10.2.1/thumb/v6-m/nofp\libgcc.a(libunwind.o)
 .ARM.attributes
                0x000003dd       0x2c c:/program files (x86)/gnu arm embedded toolchain/10 2020-q4-major/bin/../lib/gcc/arm-none-eabi/10.2.1/thumb/v6-m/nofp\libgcc.a(pr-support.o)
 .ARM.attributes
                0x00000409       0x2c c:/program files (x86)/gnu arm embedded toolchain/10 2020-q4-major/bin/../lib/gcc/arm-none-eabi/10.2.1/../../../../arm-none-eabi/lib/thumb/v6-m/nofp\libc_nano.a(lib_a-abort.o)
 .ARM.attributes
                0x00000435       0x2c c:/program files (x86)/gnu arm embedded toolchain/10 2020-q4-major/bin/../lib/gcc/arm-none-eabi/10.2.1/../../../../arm-none-eabi/lib/thumb/v6-m/nofp\libc_nano.a(lib_a-memcpy-stub.o)
 .ARM.attributes
                0x00000461       0x2c c:/program files (x86)/gnu arm embedded toolchain/10 2020-q4-major/bin/../lib/gcc/arm-none-eabi/10.2.1/../../../../arm-none-eabi/lib/thumb/v6-m/nofp\libc_nano.a(lib_a-signal.o)
 .ARM.attributes
                0x0000048d       0x2c c:/program files (x86)/gnu arm embedded toolchain/10 2020-q4-major/bin/../lib/gcc/arm-none-eabi/10.2.1/../../../../arm-none-eabi/lib/thumb/v6-m/nofp\libc_nano.a(lib_a-signalr.o)
 .ARM.attributes
                0x000004b9       0x2c c:/program files (x86)/gnu arm embedded toolchain/10 2020-q4-major/bin/../lib/gcc/arm-none-eabi/10.2.1/../../../../arm-none-eabi/lib/thumb/v6-m/nofp\libc_nano.a(lib_a-reent.o)
 .ARM.attributes
                0x000004e5       0x1e c:/program files (x86)/gnu arm embedded toolchain/10 2020-q4-major/bin/../lib/gcc/arm-none-eabi/10.2.1/thumb/v6-m/nofp/crtn.o
OUTPUT(build/bat_8_ut_reciver.elf elf32-littlearm)
LOAD linker stubs
LOAD c:/program files (x86)/gnu arm embedded toolchain/10 2020-q4-major/bin/../lib/gcc/arm-none-eabi/10.2.1/../../../../arm-none-eabi/lib/thumb/v6-m/nofp\libc.a
LOAD c:/program files (x86)/gnu arm embedded toolchain/10 2020-q4-major/bin/../lib/gcc/arm-none-eabi/10.2.1/../../../../arm-none-eabi/lib/thumb/v6-m/nofp\libm.a
LOAD c:/program files (x86)/gnu arm embedded toolchain/10 2020-q4-major/bin/../lib/gcc/arm-none-eabi/10.2.1/thumb/v6-m/nofp\libgcc.a

.comment        0x00000000       0x4d
 .comment       0x00000000       0x4d build/main.o
                                 0x4e (size before relaxing)
 .comment       0x0000004d       0x4e build/marine_controller.o
 .comment       0x0000004d       0x4e build/stm32f0xx_hal_msp.o
 .comment       0x0000004d       0x4e build/stm32f0xx_it.o
 .comment       0x0000004d       0x4e build/syscalls.o
 .comment       0x0000004d       0x4e build/system_stm32f0xx.o
 .comment       0x0000004d       0x4e build/stm32f0xx_hal.o
 .comment       0x0000004d       0x4e build/stm32f0xx_hal_cortex.o
 .comment       0x0000004d       0x4e build/stm32f0xx_hal_dma.o
 .comment       0x0000004d       0x4e build/stm32f0xx_hal_gpio.o
 .comment       0x0000004d       0x4e build/stm32f0xx_hal_rcc.o
 .comment       0x0000004d       0x4e build/stm32f0xx_hal_uart.o

.debug_info     0x00000000     0x6a0b
 .debug_info    0x00000000      0xb75 build/stm32f0xx_hal_msp.o
 .debug_info    0x00000b75      0x796 build/stm32f0xx_it.o
 .debug_info    0x0000130b      0x835 build/syscalls.o
 .debug_info    0x00001b40      0x2c5 build/system_stm32f0xx.o
 .debug_info    0x00001e05      0x7d6 build/stm32f0xx_hal.o
 .debug_info    0x000025db      0x89a build/stm32f0xx_hal_cortex.o
 .debug_info    0x00002e75      0x91b build/stm32f0xx_hal_dma.o
 .debug_info    0x00003790      0x6c1 build/stm32f0xx_hal_gpio.o
 .debug_info    0x00003e51      0xb2b build/stm32f0xx_hal_rcc.o
 .debug_info    0x0000497c     0x206d build/stm32f0xx_hal_uart.o
 .debug_info    0x000069e9       0x22 build/startup_stm32f070x6.o

.debug_abbrev   0x00000000     0x1486
 .debug_abbrev  0x00000000      0x1ce build/stm32f0xx_hal_msp.o
 .debug_abbrev  0x000001ce      0x168 build/stm32f0xx_it.o
 .debug_abbrev  0x00000336      0x1c4 build/syscalls.o
 .debug_abbrev  0x000004fa      0x134 build/system_stm32f0xx.o
 .debug_abbrev  0x0000062e      0x249 build/stm32f0xx_hal.o
 .debug_abbrev  0x00000877      0x2ab build/stm32f0xx_hal_cortex.o
 .debug_abbrev  0x00000b22      0x212 build/stm32f0xx_hal_dma.o
 .debug_abbrev  0x00000d34      0x222 build/stm32f0xx_hal_gpio.o
 .debug_abbrev  0x00000f56      0x294 build/stm32f0xx_hal_rcc.o
 .debug_abbrev  0x000011ea      0x28a build/stm32f0xx_hal_uart.o
 .debug_abbrev  0x00001474       0x12 build/startup_stm32f070x6.o

.debug_loc      0x00000000     0x4797
 .debug_loc     0x00000000       0xed build/stm32f0xx_hal_msp.o
 .debug_loc     0x000000ed       0x40 build/stm32f0xx_it.o
 .debug_loc     0x0000012d      0x510 build/syscalls.o
 .debug_loc     0x0000063d      0x16a build/system_stm32f0xx.o
 .debug_loc     0x000007a7      0x1e1 build/stm32f0xx_hal.o
 .debug_loc     0x00000988      0x473 build/stm32f0xx_hal_cortex.o
 .debug_loc     0x00000dfb      0xa87 build/stm32f0xx_hal_dma.o
 .debug_loc     0x00001882      0x41f build/stm32f0xx_hal_gpio.o
 .debug_loc     0x00001ca1      0x72b build/stm32f0xx_hal_rcc.o
 .debug_loc     0x000023cc     0x23cb build/stm32f0xx_hal_uart.o

.debug_aranges  0x00000000      0x630
 .debug_aranges
                0x00000000       0x30 build/stm32f0xx_hal_msp.o
 .debug_aranges
                0x00000030       0x48 build/stm32f0xx_it.o
 .debug_aranges
                0x00000078       0xa8 build/syscalls.o
 .debug_aranges
                0x00000120       0x28 build/system_stm32f0xx.o
 .debug_aranges
                0x00000148       0xd0 build/stm32f0xx_hal.o
 .debug_aranges
                0x00000218       0x78 build/stm32f0xx_hal_cortex.o
 .debug_aranges
                0x00000290       0x88 build/stm32f0xx_hal_dma.o
 .debug_aranges
                0x00000318       0x58 build/stm32f0xx_hal_gpio.o
 .debug_aranges
                0x00000370       0x80 build/stm32f0xx_hal_rcc.o
 .debug_aranges
                0x000003f0      0x218 build/stm32f0xx_hal_uart.o
 .debug_aranges
                0x00000608       0x28 build/startup_stm32f070x6.o

.debug_ranges   0x00000000      0x600
 .debug_ranges  0x00000000       0x20 build/stm32f0xx_hal_msp.o
 .debug_ranges  0x00000020       0x38 build/stm32f0xx_it.o
 .debug_ranges  0x00000058       0x98 build/syscalls.o
 .debug_ranges  0x000000f0       0x18 build/system_stm32f0xx.o
 .debug_ranges  0x00000108       0xc0 build/stm32f0xx_hal.o
 .debug_ranges  0x000001c8       0xc8 build/stm32f0xx_hal_cortex.o
 .debug_ranges  0x00000290       0x78 build/stm32f0xx_hal_dma.o
 .debug_ranges  0x00000308       0x48 build/stm32f0xx_hal_gpio.o
 .debug_ranges  0x00000350       0x88 build/stm32f0xx_hal_rcc.o
 .debug_ranges  0x000003d8      0x208 build/stm32f0xx_hal_uart.o
 .debug_ranges  0x000005e0       0x20 build/startup_stm32f070x6.o

.debug_line     0x00000000     0x5459
 .debug_line    0x00000000      0x2bc build/stm32f0xx_hal_msp.o
 .debug_line    0x000002bc      0x26e build/stm32f0xx_it.o
 .debug_line    0x0000052a      0x432 build/syscalls.o
 .debug_line    0x0000095c      0x238 build/system_stm32f0xx.o
 .debug_line    0x00000b94      0x514 build/stm32f0xx_hal.o
 .debug_line    0x000010a8      0x520 build/stm32f0xx_hal_cortex.o
 .debug_line    0x000015c8      0x9fe build/stm32f0xx_hal_dma.o
 .debug_line    0x00001fc6      0x668 build/stm32f0xx_hal_gpio.o
 .debug_line    0x0000262e      0xb79 build/stm32f0xx_hal_rcc.o
 .debug_line    0x000031a7     0x2229 build/stm32f0xx_hal_uart.o
 .debug_line    0x000053d0       0x89 build/startup_stm32f070x6.o

.debug_str      0x00000000     0x1e41
 .debug_str     0x00000000      0x7da build/stm32f0xx_hal_msp.o
                                0x872 (size before relaxing)
 .debug_str     0x000007da       0x9a build/stm32f0xx_it.o
                                0x624 (size before relaxing)
 .debug_str     0x00000874      0x215 build/syscalls.o
                                0x3e2 (size before relaxing)
 .debug_str     0x00000a89       0x96 build/system_stm32f0xx.o
                                0x273 (size before relaxing)
 .debug_str     0x00000b1f      0x2e9 build/stm32f0xx_hal.o
                                0x67c (size before relaxing)
 .debug_str     0x00000e08      0x257 build/stm32f0xx_hal_cortex.o
                                0x5c7 (size before relaxing)
 .debug_str     0x0000105f      0x254 build/stm32f0xx_hal_dma.o
                                0x619 (size before relaxing)
 .debug_str     0x000012b3      0x13c build/stm32f0xx_hal_gpio.o
                                0x3f6 (size before relaxing)
 .debug_str     0x000013ef      0x313 build/stm32f0xx_hal_rcc.o
                                0x657 (size before relaxing)
 .debug_str     0x00001702      0x71b build/stm32f0xx_hal_uart.o
                                0xe39 (size before relaxing)
 .debug_str     0x00001e1d       0x24 build/startup_stm32f070x6.o
                                 0x68 (size before relaxing)

.debug_frame    0x00000000     0x1460
 .debug_frame   0x00000000       0x58 build/stm32f0xx_hal_msp.o
 .debug_frame   0x00000058       0x80 build/stm32f0xx_it.o
 .debug_frame   0x000000d8      0x184 build/syscalls.o
 .debug_frame   0x0000025c       0x38 build/system_stm32f0xx.o
 .debug_frame   0x00000294      0x1ac build/stm32f0xx_hal.o
 .debug_frame   0x00000440       0xe4 build/stm32f0xx_hal_cortex.o
 .debug_frame   0x00000524      0x168 build/stm32f0xx_hal_dma.o
 .debug_frame   0x0000068c       0xc8 build/stm32f0xx_hal_gpio.o
 .debug_frame   0x00000754      0x13c build/stm32f0xx_hal_rcc.o
 .debug_frame   0x00000890      0x5b4 build/stm32f0xx_hal_uart.o
 .debug_frame   0x00000e44       0x20 c:/program files (x86)/gnu arm embedded toolchain/10 2020-q4-major/bin/../lib/gcc/arm-none-eabi/10.2.1/../../../../arm-none-eabi/lib/thumb/v6-m/nofp\libc_nano.a(lib_a-errno.o)
 .debug_frame   0x00000e64       0x2c c:/program files (x86)/gnu arm embedded toolchain/10 2020-q4-major/bin/../lib/gcc/arm-none-eabi/10.2.1/../../../../arm-none-eabi/lib/thumb/v6-m/nofp\libc_nano.a(lib_a-init.o)
 .debug_frame   0x00000e90       0x20 c:/program files (x86)/gnu arm embedded toolchain/10 2020-q4-major/bin/../lib/gcc/arm-none-eabi/10.2.1/../../../../arm-none-eabi/lib/thumb/v6-m/nofp\libc_nano.a(lib_a-memset.o)
 .debug_frame   0x00000eb0       0x2c c:/program files (x86)/gnu arm embedded toolchain/10 2020-q4-major/bin/../lib/gcc/arm-none-eabi/10.2.1/../../../../arm-none-eabi/lib/thumb/v6-m/nofp\libc_nano.a(lib_a-strncmp.o)
 .debug_frame   0x00000edc       0x20 c:/program files (x86)/gnu arm embedded toolchain/10 2020-q4-major/bin/../lib/gcc/arm-none-eabi/10.2.1/thumb/v6-m/nofp\libgcc.a(_udivsi3.o)
 .debug_frame   0x00000efc      0x2b4 c:/program files (x86)/gnu arm embedded toolchain/10 2020-q4-major/bin/../lib/gcc/arm-none-eabi/10.2.1/thumb/v6-m/nofp\libgcc.a(unwind-arm.o)
 .debug_frame   0x000011b0       0xf4 c:/program files (x86)/gnu arm embedded toolchain/10 2020-q4-major/bin/../lib/gcc/arm-none-eabi/10.2.1/thumb/v6-m/nofp\libgcc.a(pr-support.o)
 .debug_frame   0x000012a4       0x28 c:/program files (x86)/gnu arm embedded toolchain/10 2020-q4-major/bin/../lib/gcc/arm-none-eabi/10.2.1/../../../../arm-none-eabi/lib/thumb/v6-m/nofp\libc_nano.a(lib_a-abort.o)
 .debug_frame   0x000012cc       0x28 c:/program files (x86)/gnu arm embedded toolchain/10 2020-q4-major/bin/../lib/gcc/arm-none-eabi/10.2.1/../../../../arm-none-eabi/lib/thumb/v6-m/nofp\libc_nano.a(lib_a-memcpy-stub.o)
 .debug_frame   0x000012f4       0xe0 c:/program files (x86)/gnu arm embedded toolchain/10 2020-q4-major/bin/../lib/gcc/arm-none-eabi/10.2.1/../../../../arm-none-eabi/lib/thumb/v6-m/nofp\libc_nano.a(lib_a-signal.o)
 .debug_frame   0x000013d4       0x44 c:/program files (x86)/gnu arm embedded toolchain/10 2020-q4-major/bin/../lib/gcc/arm-none-eabi/10.2.1/../../../../arm-none-eabi/lib/thumb/v6-m/nofp\libc_nano.a(lib_a-signalr.o)
 .debug_frame   0x00001418       0x48 c:/program files (x86)/gnu arm embedded toolchain/10 2020-q4-major/bin/../lib/gcc/arm-none-eabi/10.2.1/../../../../arm-none-eabi/lib/thumb/v6-m/nofp\libc_nano.a(lib_a-reent.o)

Cross Reference Table

Symbol                                            File
ADC1_IRQHandler                                   build/startup_stm32f070x6.o
AHBPrescTable                                     build/system_stm32f0xx.o
                                                  build/stm32f0xx_hal_rcc.o
APBPrescTable                                     build/system_stm32f0xx.o
                                                  build/stm32f0xx_hal_rcc.o
CRC8(unsigned char*, unsigned char)               build/marine_controller.o
DMA1_Channel1_IRQHandler                          build/startup_stm32f070x6.o
DMA1_Channel2_3_IRQHandler                        build/startup_stm32f070x6.o
DMA1_Channel4_5_IRQHandler                        build/startup_stm32f070x6.o
Default_Handler                                   build/startup_stm32f070x6.o
EXTI0_1_IRQHandler                                build/startup_stm32f070x6.o
EXTI2_3_IRQHandler                                build/startup_stm32f070x6.o
EXTI4_15_IRQHandler                               build/startup_stm32f070x6.o
Error_Handler                                     build/main.o
FLASH_IRQHandler                                  build/startup_stm32f070x6.o
FLASH_PageErase                                   build/stm32f0xx_hal_flash_ex.o
                                                  build/stm32f0xx_hal_flash.o
FLASH_WaitForLastOperation                        build/stm32f0xx_hal_flash.o
                                                  build/stm32f0xx_hal_flash_ex.o
HAL_DBGMCU_DisableDBGStandbyMode                  build/stm32f0xx_hal.o
HAL_DBGMCU_DisableDBGStopMode                     build/stm32f0xx_hal.o
HAL_DBGMCU_EnableDBGStandbyMode                   build/stm32f0xx_hal.o
HAL_DBGMCU_EnableDBGStopMode                      build/stm32f0xx_hal.o
HAL_DMA_Abort                                     build/stm32f0xx_hal_dma.o
                                                  build/stm32f0xx_hal_uart.o
HAL_DMA_Abort_IT                                  build/stm32f0xx_hal_dma.o
                                                  build/stm32f0xx_hal_uart.o
                                                  build/stm32f0xx_hal_i2c.o
HAL_DMA_DeInit                                    build/stm32f0xx_hal_dma.o
HAL_DMA_GetError                                  build/stm32f0xx_hal_dma.o
                                                  build/stm32f0xx_hal_uart.o
HAL_DMA_GetState                                  build/stm32f0xx_hal_dma.o
                                                  build/stm32f0xx_hal_i2c.o
HAL_DMA_IRQHandler                                build/stm32f0xx_hal_dma.o
HAL_DMA_Init                                      build/stm32f0xx_hal_dma.o
HAL_DMA_PollForTransfer                           build/stm32f0xx_hal_dma.o
HAL_DMA_RegisterCallback                          build/stm32f0xx_hal_dma.o
HAL_DMA_Start                                     build/stm32f0xx_hal_dma.o
HAL_DMA_Start_IT                                  build/stm32f0xx_hal_dma.o
                                                  build/stm32f0xx_hal_uart.o
                                                  build/stm32f0xx_hal_i2c.o
HAL_DMA_UnRegisterCallback                        build/stm32f0xx_hal_dma.o
HAL_DeInit                                        build/stm32f0xx_hal.o
HAL_Delay                                         build/stm32f0xx_hal.o
                                                  build/marine_controller.o
                                                  build/main.o
HAL_EXTI_ClearConfigLine                          build/stm32f0xx_hal_exti.o
HAL_EXTI_ClearPending                             build/stm32f0xx_hal_exti.o
HAL_EXTI_GenerateSWI                              build/stm32f0xx_hal_exti.o
HAL_EXTI_GetConfigLine                            build/stm32f0xx_hal_exti.o
HAL_EXTI_GetHandle                                build/stm32f0xx_hal_exti.o
HAL_EXTI_GetPending                               build/stm32f0xx_hal_exti.o
HAL_EXTI_IRQHandler                               build/stm32f0xx_hal_exti.o
HAL_EXTI_RegisterCallback                         build/stm32f0xx_hal_exti.o
HAL_EXTI_SetConfigLine                            build/stm32f0xx_hal_exti.o
HAL_FLASHEx_Erase                                 build/stm32f0xx_hal_flash_ex.o
HAL_FLASHEx_Erase_IT                              build/stm32f0xx_hal_flash_ex.o
HAL_FLASHEx_OBErase                               build/stm32f0xx_hal_flash_ex.o
HAL_FLASHEx_OBGetConfig                           build/stm32f0xx_hal_flash_ex.o
HAL_FLASHEx_OBGetUserData                         build/stm32f0xx_hal_flash_ex.o
HAL_FLASHEx_OBProgram                             build/stm32f0xx_hal_flash_ex.o
HAL_FLASH_EndOfOperationCallback                  build/stm32f0xx_hal_flash.o
HAL_FLASH_GetError                                build/stm32f0xx_hal_flash.o
HAL_FLASH_IRQHandler                              build/stm32f0xx_hal_flash.o
HAL_FLASH_Lock                                    build/stm32f0xx_hal_flash.o
HAL_FLASH_OB_Launch                               build/stm32f0xx_hal_flash.o
HAL_FLASH_OB_Lock                                 build/stm32f0xx_hal_flash.o
HAL_FLASH_OB_Unlock                               build/stm32f0xx_hal_flash.o
HAL_FLASH_OperationErrorCallback                  build/stm32f0xx_hal_flash.o
HAL_FLASH_Program                                 build/stm32f0xx_hal_flash.o
HAL_FLASH_Program_IT                              build/stm32f0xx_hal_flash.o
HAL_FLASH_Unlock                                  build/stm32f0xx_hal_flash.o
HAL_GPIO_DeInit                                   build/stm32f0xx_hal_gpio.o
                                                  build/stm32f0xx_hal_msp.o
HAL_GPIO_EXTI_Callback                            build/stm32f0xx_hal_gpio.o
HAL_GPIO_EXTI_IRQHandler                          build/stm32f0xx_hal_gpio.o
HAL_GPIO_Init                                     build/stm32f0xx_hal_gpio.o
                                                  build/stm32f0xx_hal_rcc.o
                                                  build/stm32f0xx_hal_msp.o
                                                  build/main.o
HAL_GPIO_LockPin                                  build/stm32f0xx_hal_gpio.o
HAL_GPIO_ReadPin                                  build/stm32f0xx_hal_gpio.o
HAL_GPIO_TogglePin                                build/stm32f0xx_hal_gpio.o
                                                  build/marine_controller.o
                                                  build/main.o
HAL_GPIO_WritePin                                 build/stm32f0xx_hal_gpio.o
                                                  build/marine_controller.o
                                                  build/main.o
HAL_GetDEVID                                      build/stm32f0xx_hal.o
HAL_GetHalVersion                                 build/stm32f0xx_hal.o
HAL_GetREVID                                      build/stm32f0xx_hal.o
HAL_GetTick                                       build/stm32f0xx_hal.o
                                                  build/stm32f0xx_hal_uart_ex.o
                                                  build/stm32f0xx_hal_uart.o
                                                  build/stm32f0xx_hal_rcc_ex.o
                                                  build/stm32f0xx_hal_rcc.o
                                                  build/stm32f0xx_hal_i2c.o
                                                  build/stm32f0xx_hal_flash.o
                                                  build/stm32f0xx_hal_dma.o
HAL_GetTickFreq                                   build/stm32f0xx_hal.o
HAL_GetTickPrio                                   build/stm32f0xx_hal.o
HAL_GetUIDw0                                      build/stm32f0xx_hal.o
HAL_GetUIDw1                                      build/stm32f0xx_hal.o
HAL_GetUIDw2                                      build/stm32f0xx_hal.o
HAL_HalfDuplex_EnableReceiver                     build/stm32f0xx_hal_uart.o
HAL_HalfDuplex_EnableTransmitter                  build/stm32f0xx_hal_uart.o
HAL_HalfDuplex_Init                               build/stm32f0xx_hal_uart.o
HAL_I2CEx_ConfigAnalogFilter                      build/stm32f0xx_hal_i2c_ex.o
HAL_I2CEx_ConfigDigitalFilter                     build/stm32f0xx_hal_i2c_ex.o
HAL_I2CEx_DisableFastModePlus                     build/stm32f0xx_hal_i2c_ex.o
HAL_I2CEx_EnableFastModePlus                      build/stm32f0xx_hal_i2c_ex.o
HAL_I2C_AbortCpltCallback                         build/stm32f0xx_hal_i2c.o
HAL_I2C_AddrCallback                              build/stm32f0xx_hal_i2c.o
HAL_I2C_DeInit                                    build/stm32f0xx_hal_i2c.o
HAL_I2C_DisableListen_IT                          build/stm32f0xx_hal_i2c.o
HAL_I2C_ER_IRQHandler                             build/stm32f0xx_hal_i2c.o
HAL_I2C_EV_IRQHandler                             build/stm32f0xx_hal_i2c.o
HAL_I2C_EnableListen_IT                           build/stm32f0xx_hal_i2c.o
HAL_I2C_ErrorCallback                             build/stm32f0xx_hal_i2c.o
HAL_I2C_GetError                                  build/stm32f0xx_hal_i2c.o
HAL_I2C_GetMode                                   build/stm32f0xx_hal_i2c.o
HAL_I2C_GetState                                  build/stm32f0xx_hal_i2c.o
HAL_I2C_Init                                      build/stm32f0xx_hal_i2c.o
HAL_I2C_IsDeviceReady                             build/stm32f0xx_hal_i2c.o
HAL_I2C_ListenCpltCallback                        build/stm32f0xx_hal_i2c.o
HAL_I2C_MasterRxCpltCallback                      build/stm32f0xx_hal_i2c.o
HAL_I2C_MasterTxCpltCallback                      build/stm32f0xx_hal_i2c.o
HAL_I2C_Master_Abort_IT                           build/stm32f0xx_hal_i2c.o
HAL_I2C_Master_Receive                            build/stm32f0xx_hal_i2c.o
HAL_I2C_Master_Receive_DMA                        build/stm32f0xx_hal_i2c.o
HAL_I2C_Master_Receive_IT                         build/stm32f0xx_hal_i2c.o
HAL_I2C_Master_Seq_Receive_DMA                    build/stm32f0xx_hal_i2c.o
HAL_I2C_Master_Seq_Receive_IT                     build/stm32f0xx_hal_i2c.o
HAL_I2C_Master_Seq_Transmit_DMA                   build/stm32f0xx_hal_i2c.o
HAL_I2C_Master_Seq_Transmit_IT                    build/stm32f0xx_hal_i2c.o
HAL_I2C_Master_Transmit                           build/stm32f0xx_hal_i2c.o
HAL_I2C_Master_Transmit_DMA                       build/stm32f0xx_hal_i2c.o
HAL_I2C_Master_Transmit_IT                        build/stm32f0xx_hal_i2c.o
HAL_I2C_MemRxCpltCallback                         build/stm32f0xx_hal_i2c.o
HAL_I2C_MemTxCpltCallback                         build/stm32f0xx_hal_i2c.o
HAL_I2C_Mem_Read                                  build/stm32f0xx_hal_i2c.o
HAL_I2C_Mem_Read_DMA                              build/stm32f0xx_hal_i2c.o
HAL_I2C_Mem_Read_IT                               build/stm32f0xx_hal_i2c.o
HAL_I2C_Mem_Write                                 build/stm32f0xx_hal_i2c.o
HAL_I2C_Mem_Write_DMA                             build/stm32f0xx_hal_i2c.o
HAL_I2C_Mem_Write_IT                              build/stm32f0xx_hal_i2c.o
HAL_I2C_MspDeInit                                 build/stm32f0xx_hal_i2c.o
HAL_I2C_MspInit                                   build/stm32f0xx_hal_i2c.o
HAL_I2C_SlaveRxCpltCallback                       build/stm32f0xx_hal_i2c.o
HAL_I2C_SlaveTxCpltCallback                       build/stm32f0xx_hal_i2c.o
HAL_I2C_Slave_Receive                             build/stm32f0xx_hal_i2c.o
HAL_I2C_Slave_Receive_DMA                         build/stm32f0xx_hal_i2c.o
HAL_I2C_Slave_Receive_IT                          build/stm32f0xx_hal_i2c.o
HAL_I2C_Slave_Seq_Receive_DMA                     build/stm32f0xx_hal_i2c.o
HAL_I2C_Slave_Seq_Receive_IT                      build/stm32f0xx_hal_i2c.o
HAL_I2C_Slave_Seq_Transmit_DMA                    build/stm32f0xx_hal_i2c.o
HAL_I2C_Slave_Seq_Transmit_IT                     build/stm32f0xx_hal_i2c.o
HAL_I2C_Slave_Transmit                            build/stm32f0xx_hal_i2c.o
HAL_I2C_Slave_Transmit_DMA                        build/stm32f0xx_hal_i2c.o
HAL_I2C_Slave_Transmit_IT                         build/stm32f0xx_hal_i2c.o
HAL_IncTick                                       build/stm32f0xx_hal.o
                                                  build/stm32f0xx_it.o
HAL_Init                                          build/stm32f0xx_hal.o
                                                  build/main.o
HAL_InitTick                                      build/stm32f0xx_hal.o
                                                  build/stm32f0xx_hal_rcc.o
HAL_MspDeInit                                     build/stm32f0xx_hal.o
HAL_MspInit                                       build/stm32f0xx_hal_msp.o
HAL_MultiProcessorEx_AddressLength_Set            build/stm32f0xx_hal_uart_ex.o
HAL_MultiProcessor_DisableMuteMode                build/stm32f0xx_hal_uart.o
HAL_MultiProcessor_EnableMuteMode                 build/stm32f0xx_hal_uart.o
HAL_MultiProcessor_EnterMuteMode                  build/stm32f0xx_hal_uart.o
HAL_MultiProcessor_Init                           build/stm32f0xx_hal_uart.o
HAL_NVIC_ClearPendingIRQ                          build/stm32f0xx_hal_cortex.o
HAL_NVIC_DisableIRQ                               build/stm32f0xx_hal_cortex.o
                                                  build/stm32f0xx_hal_msp.o
HAL_NVIC_EnableIRQ                                build/stm32f0xx_hal_cortex.o
                                                  build/stm32f0xx_hal_msp.o
HAL_NVIC_GetPendingIRQ                            build/stm32f0xx_hal_cortex.o
HAL_NVIC_GetPriority                              build/stm32f0xx_hal_cortex.o
HAL_NVIC_SetPendingIRQ                            build/stm32f0xx_hal_cortex.o
HAL_NVIC_SetPriority                              build/stm32f0xx_hal_cortex.o
                                                  build/stm32f0xx_hal.o
                                                  build/stm32f0xx_hal_msp.o
HAL_NVIC_SystemReset                              build/stm32f0xx_hal_cortex.o
HAL_PWR_DeInit                                    build/stm32f0xx_hal_pwr.o
HAL_PWR_DisableBkUpAccess                         build/stm32f0xx_hal_pwr.o
HAL_PWR_DisableSEVOnPend                          build/stm32f0xx_hal_pwr.o
HAL_PWR_DisableSleepOnExit                        build/stm32f0xx_hal_pwr.o
HAL_PWR_DisableWakeUpPin                          build/stm32f0xx_hal_pwr.o
HAL_PWR_EnableBkUpAccess                          build/stm32f0xx_hal_pwr.o
HAL_PWR_EnableSEVOnPend                           build/stm32f0xx_hal_pwr.o
HAL_PWR_EnableSleepOnExit                         build/stm32f0xx_hal_pwr.o
HAL_PWR_EnableWakeUpPin                           build/stm32f0xx_hal_pwr.o
HAL_PWR_EnterSLEEPMode                            build/stm32f0xx_hal_pwr.o
HAL_PWR_EnterSTANDBYMode                          build/stm32f0xx_hal_pwr.o
HAL_PWR_EnterSTOPMode                             build/stm32f0xx_hal_pwr.o
HAL_RCCEx_GetPeriphCLKConfig                      build/stm32f0xx_hal_rcc_ex.o
HAL_RCCEx_GetPeriphCLKFreq                        build/stm32f0xx_hal_rcc_ex.o
HAL_RCCEx_PeriphCLKConfig                         build/stm32f0xx_hal_rcc_ex.o
HAL_RCC_CSSCallback                               build/stm32f0xx_hal_rcc.o
HAL_RCC_ClockConfig                               build/stm32f0xx_hal_rcc.o
                                                  build/main.o
HAL_RCC_DeInit                                    build/stm32f0xx_hal_rcc.o
HAL_RCC_DisableCSS                                build/stm32f0xx_hal_rcc.o
HAL_RCC_EnableCSS                                 build/stm32f0xx_hal_rcc.o
HAL_RCC_GetClockConfig                            build/stm32f0xx_hal_rcc.o
HAL_RCC_GetHCLKFreq                               build/stm32f0xx_hal_rcc.o
HAL_RCC_GetOscConfig                              build/stm32f0xx_hal_rcc.o
HAL_RCC_GetPCLK1Freq                              build/stm32f0xx_hal_rcc.o
                                                  build/stm32f0xx_hal_uart.o
                                                  build/stm32f0xx_hal_rcc_ex.o
HAL_RCC_GetSysClockFreq                           build/stm32f0xx_hal_rcc.o
                                                  build/stm32f0xx_hal_uart.o
                                                  build/stm32f0xx_hal_rcc_ex.o
HAL_RCC_MCOConfig                                 build/stm32f0xx_hal_rcc.o
HAL_RCC_NMI_IRQHandler                            build/stm32f0xx_hal_rcc.o
HAL_RCC_OscConfig                                 build/stm32f0xx_hal_rcc.o
                                                  build/main.o
HAL_RS485Ex_Init                                  build/stm32f0xx_hal_uart_ex.o
HAL_ResumeTick                                    build/stm32f0xx_hal.o
HAL_SYSTICK_CLKSourceConfig                       build/stm32f0xx_hal_cortex.o
HAL_SYSTICK_Callback                              build/stm32f0xx_hal_cortex.o
HAL_SYSTICK_Config                                build/stm32f0xx_hal_cortex.o
                                                  build/stm32f0xx_hal.o
HAL_SYSTICK_IRQHandler                            build/stm32f0xx_hal_cortex.o
HAL_SetTickFreq                                   build/stm32f0xx_hal.o
HAL_SuspendTick                                   build/stm32f0xx_hal.o
HAL_UARTEx_ReceiveToIdle                          build/stm32f0xx_hal_uart_ex.o
HAL_UARTEx_ReceiveToIdle_DMA                      build/stm32f0xx_hal_uart_ex.o
HAL_UARTEx_ReceiveToIdle_IT                       build/stm32f0xx_hal_uart_ex.o
HAL_UARTEx_RxEventCallback                        build/stm32f0xx_hal_uart.o
HAL_UART_Abort                                    build/stm32f0xx_hal_uart.o
HAL_UART_AbortCpltCallback                        build/stm32f0xx_hal_uart.o
HAL_UART_AbortReceive                             build/stm32f0xx_hal_uart.o
HAL_UART_AbortReceiveCpltCallback                 build/stm32f0xx_hal_uart.o
HAL_UART_AbortReceive_IT                          build/stm32f0xx_hal_uart.o
HAL_UART_AbortTransmit                            build/stm32f0xx_hal_uart.o
HAL_UART_AbortTransmitCpltCallback                build/stm32f0xx_hal_uart.o
HAL_UART_AbortTransmit_IT                         build/stm32f0xx_hal_uart.o
HAL_UART_Abort_IT                                 build/stm32f0xx_hal_uart.o
HAL_UART_DMAPause                                 build/stm32f0xx_hal_uart.o
HAL_UART_DMAResume                                build/stm32f0xx_hal_uart.o
HAL_UART_DMAStop                                  build/stm32f0xx_hal_uart.o
HAL_UART_DeInit                                   build/stm32f0xx_hal_uart.o
HAL_UART_DisableReceiverTimeout                   build/stm32f0xx_hal_uart.o
HAL_UART_EnableReceiverTimeout                    build/stm32f0xx_hal_uart.o
HAL_UART_ErrorCallback                            build/stm32f0xx_hal_uart.o
HAL_UART_GetError                                 build/stm32f0xx_hal_uart.o
HAL_UART_GetState                                 build/stm32f0xx_hal_uart.o
HAL_UART_IRQHandler                               build/stm32f0xx_hal_uart.o
                                                  build/stm32f0xx_it.o
HAL_UART_Init                                     build/stm32f0xx_hal_uart.o
                                                  build/main.o
HAL_UART_MspDeInit                                build/stm32f0xx_hal_msp.o
HAL_UART_MspInit                                  build/stm32f0xx_hal_msp.o
                                                  build/stm32f0xx_hal_uart_ex.o
HAL_UART_Receive                                  build/stm32f0xx_hal_uart.o
HAL_UART_Receive_DMA                              build/stm32f0xx_hal_uart.o
HAL_UART_Receive_IT                               build/stm32f0xx_hal_uart.o
                                                  build/marine_controller.o
HAL_UART_ReceiverTimeout_Config                   build/stm32f0xx_hal_uart.o
HAL_UART_RxCpltCallback                           build/marine_controller.o
HAL_UART_RxHalfCpltCallback                       build/stm32f0xx_hal_uart.o
HAL_UART_Transmit                                 build/stm32f0xx_hal_uart.o
HAL_UART_Transmit_DMA                             build/stm32f0xx_hal_uart.o
HAL_UART_Transmit_IT                              build/stm32f0xx_hal_uart.o
HAL_UART_TxCpltCallback                           build/stm32f0xx_hal_uart.o
HAL_UART_TxHalfCpltCallback                       build/stm32f0xx_hal_uart.o
HardFault_Handler                                 build/stm32f0xx_it.o
I2C1_IRQHandler                                   build/startup_stm32f070x6.o
NMI_Handler                                       build/stm32f0xx_it.o
PendSV_Handler                                    build/stm32f0xx_it.o
RCC_IRQHandler                                    build/startup_stm32f070x6.o
RTC_IRQHandler                                    build/startup_stm32f070x6.o
Reset_Handler                                     build/startup_stm32f070x6.o
SPI1_IRQHandler                                   build/startup_stm32f070x6.o
SVC_Handler                                       build/stm32f0xx_it.o
SysTick_Handler                                   build/stm32f0xx_it.o
SystemClock_Config()                              build/main.o
SystemCoreClock                                   build/system_stm32f0xx.o
                                                  build/stm32f0xx_hal_rcc.o
                                                  build/stm32f0xx_hal.o
SystemCoreClockUpdate                             build/system_stm32f0xx.o
SystemInit                                        build/system_stm32f0xx.o
                                                  build/startup_stm32f070x6.o
TIM14_IRQHandler                                  build/startup_stm32f070x6.o
TIM16_IRQHandler                                  build/startup_stm32f070x6.o
TIM17_IRQHandler                                  build/startup_stm32f070x6.o
TIM1_BRK_UP_TRG_COM_IRQHandler                    build/startup_stm32f070x6.o
TIM1_CC_IRQHandler                                build/startup_stm32f070x6.o
TIM3_IRQHandler                                   build/startup_stm32f070x6.o
UART_AdvFeatureConfig                             build/stm32f0xx_hal_uart.o
                                                  build/stm32f0xx_hal_uart_ex.o
UART_CheckIdleState                               build/stm32f0xx_hal_uart.o
                                                  build/stm32f0xx_hal_uart_ex.o
UART_SetConfig                                    build/stm32f0xx_hal_uart.o
                                                  build/stm32f0xx_hal_uart_ex.o
UART_Start_Receive_DMA                            build/stm32f0xx_hal_uart.o
                                                  build/stm32f0xx_hal_uart_ex.o
UART_Start_Receive_IT                             build/stm32f0xx_hal_uart.o
                                                  build/stm32f0xx_hal_uart_ex.o
UART_WaitOnFlagUntilTimeout                       build/stm32f0xx_hal_uart.o
USART1_IRQHandler                                 build/startup_stm32f070x6.o
USART2_IRQHandler                                 build/stm32f0xx_it.o
USB_IRQHandler                                    build/startup_stm32f070x6.o
WWDG_IRQHandler                                   build/startup_stm32f070x6.o
_Min_Stack_Size                                   build/sysmem.o
_Unwind_Backtrace                                 c:/program files (x86)/gnu arm embedded toolchain/10 2020-q4-major/bin/../lib/gcc/arm-none-eabi/10.2.1/thumb/v6-m/nofp\libgcc.a(libunwind.o)
_Unwind_Complete                                  c:/program files (x86)/gnu arm embedded toolchain/10 2020-q4-major/bin/../lib/gcc/arm-none-eabi/10.2.1/thumb/v6-m/nofp\libgcc.a(unwind-arm.o)
_Unwind_DeleteException                           c:/program files (x86)/gnu arm embedded toolchain/10 2020-q4-major/bin/../lib/gcc/arm-none-eabi/10.2.1/thumb/v6-m/nofp\libgcc.a(unwind-arm.o)
_Unwind_ForcedUnwind                              c:/program files (x86)/gnu arm embedded toolchain/10 2020-q4-major/bin/../lib/gcc/arm-none-eabi/10.2.1/thumb/v6-m/nofp\libgcc.a(libunwind.o)
_Unwind_GetCFA                                    c:/program files (x86)/gnu arm embedded toolchain/10 2020-q4-major/bin/../lib/gcc/arm-none-eabi/10.2.1/thumb/v6-m/nofp\libgcc.a(unwind-arm.o)
_Unwind_GetDataRelBase                            c:/program files (x86)/gnu arm embedded toolchain/10 2020-q4-major/bin/../lib/gcc/arm-none-eabi/10.2.1/thumb/v6-m/nofp\libgcc.a(pr-support.o)
_Unwind_GetLanguageSpecificData                   c:/program files (x86)/gnu arm embedded toolchain/10 2020-q4-major/bin/../lib/gcc/arm-none-eabi/10.2.1/thumb/v6-m/nofp\libgcc.a(pr-support.o)
_Unwind_GetRegionStart                            c:/program files (x86)/gnu arm embedded toolchain/10 2020-q4-major/bin/../lib/gcc/arm-none-eabi/10.2.1/thumb/v6-m/nofp\libgcc.a(pr-support.o)
_Unwind_GetTextRelBase                            c:/program files (x86)/gnu arm embedded toolchain/10 2020-q4-major/bin/../lib/gcc/arm-none-eabi/10.2.1/thumb/v6-m/nofp\libgcc.a(pr-support.o)
_Unwind_RaiseException                            c:/program files (x86)/gnu arm embedded toolchain/10 2020-q4-major/bin/../lib/gcc/arm-none-eabi/10.2.1/thumb/v6-m/nofp\libgcc.a(libunwind.o)
_Unwind_Resume                                    c:/program files (x86)/gnu arm embedded toolchain/10 2020-q4-major/bin/../lib/gcc/arm-none-eabi/10.2.1/thumb/v6-m/nofp\libgcc.a(libunwind.o)
_Unwind_Resume_or_Rethrow                         c:/program files (x86)/gnu arm embedded toolchain/10 2020-q4-major/bin/../lib/gcc/arm-none-eabi/10.2.1/thumb/v6-m/nofp\libgcc.a(libunwind.o)
_Unwind_VRS_Get                                   c:/program files (x86)/gnu arm embedded toolchain/10 2020-q4-major/bin/../lib/gcc/arm-none-eabi/10.2.1/thumb/v6-m/nofp\libgcc.a(unwind-arm.o)
                                                  c:/program files (x86)/gnu arm embedded toolchain/10 2020-q4-major/bin/../lib/gcc/arm-none-eabi/10.2.1/thumb/v6-m/nofp\libgcc.a(pr-support.o)
_Unwind_VRS_Pop                                   c:/program files (x86)/gnu arm embedded toolchain/10 2020-q4-major/bin/../lib/gcc/arm-none-eabi/10.2.1/thumb/v6-m/nofp\libgcc.a(unwind-arm.o)
                                                  c:/program files (x86)/gnu arm embedded toolchain/10 2020-q4-major/bin/../lib/gcc/arm-none-eabi/10.2.1/thumb/v6-m/nofp\libgcc.a(pr-support.o)
_Unwind_VRS_Set                                   c:/program files (x86)/gnu arm embedded toolchain/10 2020-q4-major/bin/../lib/gcc/arm-none-eabi/10.2.1/thumb/v6-m/nofp\libgcc.a(unwind-arm.o)
                                                  c:/program files (x86)/gnu arm embedded toolchain/10 2020-q4-major/bin/../lib/gcc/arm-none-eabi/10.2.1/thumb/v6-m/nofp\libgcc.a(pr-support.o)
___Unwind_Backtrace                               c:/program files (x86)/gnu arm embedded toolchain/10 2020-q4-major/bin/../lib/gcc/arm-none-eabi/10.2.1/thumb/v6-m/nofp\libgcc.a(libunwind.o)
___Unwind_ForcedUnwind                            c:/program files (x86)/gnu arm embedded toolchain/10 2020-q4-major/bin/../lib/gcc/arm-none-eabi/10.2.1/thumb/v6-m/nofp\libgcc.a(libunwind.o)
___Unwind_RaiseException                          c:/program files (x86)/gnu arm embedded toolchain/10 2020-q4-major/bin/../lib/gcc/arm-none-eabi/10.2.1/thumb/v6-m/nofp\libgcc.a(libunwind.o)
___Unwind_Resume                                  c:/program files (x86)/gnu arm embedded toolchain/10 2020-q4-major/bin/../lib/gcc/arm-none-eabi/10.2.1/thumb/v6-m/nofp\libgcc.a(libunwind.o)
___Unwind_Resume_or_Rethrow                       c:/program files (x86)/gnu arm embedded toolchain/10 2020-q4-major/bin/../lib/gcc/arm-none-eabi/10.2.1/thumb/v6-m/nofp\libgcc.a(libunwind.o)
__aeabi_idiv0                                     c:/program files (x86)/gnu arm embedded toolchain/10 2020-q4-major/bin/../lib/gcc/arm-none-eabi/10.2.1/thumb/v6-m/nofp\libgcc.a(_dvmd_tls.o)
                                                  c:/program files (x86)/gnu arm embedded toolchain/10 2020-q4-major/bin/../lib/gcc/arm-none-eabi/10.2.1/thumb/v6-m/nofp\libgcc.a(_udivsi3.o)
__aeabi_ldiv0                                     c:/program files (x86)/gnu arm embedded toolchain/10 2020-q4-major/bin/../lib/gcc/arm-none-eabi/10.2.1/thumb/v6-m/nofp\libgcc.a(_dvmd_tls.o)
__aeabi_uidiv                                     c:/program files (x86)/gnu arm embedded toolchain/10 2020-q4-major/bin/../lib/gcc/arm-none-eabi/10.2.1/thumb/v6-m/nofp\libgcc.a(_udivsi3.o)
                                                  build/stm32f0xx_hal_uart.o
                                                  build/stm32f0xx_hal_rcc_ex.o
                                                  build/stm32f0xx_hal_rcc.o
                                                  build/stm32f0xx_hal_dma.o
                                                  build/stm32f0xx_hal.o
                                                  build/system_stm32f0xx.o
__aeabi_uidivmod                                  c:/program files (x86)/gnu arm embedded toolchain/10 2020-q4-major/bin/../lib/gcc/arm-none-eabi/10.2.1/thumb/v6-m/nofp\libgcc.a(_udivsi3.o)
__aeabi_unwind_cpp_pr0                            c:/program files (x86)/gnu arm embedded toolchain/10 2020-q4-major/bin/../lib/gcc/arm-none-eabi/10.2.1/thumb/v6-m/nofp\libgcc.a(unwind-arm.o)
                                                  c:/program files (x86)/gnu arm embedded toolchain/10 2020-q4-major/bin/../lib/gcc/arm-none-eabi/10.2.1/thumb/v6-m/nofp\libgcc.a(pr-support.o)
                                                  build/marine_controller.o
                                                  build/main.o
__aeabi_unwind_cpp_pr1                            c:/program files (x86)/gnu arm embedded toolchain/10 2020-q4-major/bin/../lib/gcc/arm-none-eabi/10.2.1/thumb/v6-m/nofp\libgcc.a(unwind-arm.o)
                                                  c:/program files (x86)/gnu arm embedded toolchain/10 2020-q4-major/bin/../lib/gcc/arm-none-eabi/10.2.1/thumb/v6-m/nofp\libgcc.a(pr-support.o)
                                                  build/main.o
__aeabi_unwind_cpp_pr2                            c:/program files (x86)/gnu arm embedded toolchain/10 2020-q4-major/bin/../lib/gcc/arm-none-eabi/10.2.1/thumb/v6-m/nofp\libgcc.a(unwind-arm.o)
__bss_end__                                       c:/program files (x86)/gnu arm embedded toolchain/10 2020-q4-major/bin/../lib/gcc/arm-none-eabi/10.2.1/../../../../arm-none-eabi/lib/thumb/v6-m/nofp/crt0.o
__bss_start__                                     c:/program files (x86)/gnu arm embedded toolchain/10 2020-q4-major/bin/../lib/gcc/arm-none-eabi/10.2.1/../../../../arm-none-eabi/lib/thumb/v6-m/nofp/crt0.o
__call_exitprocs                                  c:/program files (x86)/gnu arm embedded toolchain/10 2020-q4-major/bin/../lib/gcc/arm-none-eabi/10.2.1/../../../../arm-none-eabi/lib/thumb/v6-m/nofp\libc_nano.a(lib_a-exit.o)
__cxa_begin_cleanup                               c:/program files (x86)/gnu arm embedded toolchain/10 2020-q4-major/bin/../lib/gcc/arm-none-eabi/10.2.1/thumb/v6-m/nofp\libgcc.a(unwind-arm.o)
__cxa_call_unexpected                             c:/program files (x86)/gnu arm embedded toolchain/10 2020-q4-major/bin/../lib/gcc/arm-none-eabi/10.2.1/thumb/v6-m/nofp\libgcc.a(unwind-arm.o)
__cxa_type_match                                  c:/program files (x86)/gnu arm embedded toolchain/10 2020-q4-major/bin/../lib/gcc/arm-none-eabi/10.2.1/thumb/v6-m/nofp\libgcc.a(unwind-arm.o)
__deregister_frame_info                           c:/program files (x86)/gnu arm embedded toolchain/10 2020-q4-major/bin/../lib/gcc/arm-none-eabi/10.2.1/thumb/v6-m/nofp/crtbegin.o
__dso_handle                                      c:/program files (x86)/gnu arm embedded toolchain/10 2020-q4-major/bin/../lib/gcc/arm-none-eabi/10.2.1/thumb/v6-m/nofp/crtbegin.o
__env                                             build/syscalls.o
__errno                                           c:/program files (x86)/gnu arm embedded toolchain/10 2020-q4-major/bin/../lib/gcc/arm-none-eabi/10.2.1/../../../../arm-none-eabi/lib/thumb/v6-m/nofp\libc_nano.a(lib_a-errno.o)
                                                  build/sysmem.o
                                                  build/syscalls.o
__exidx_end                                       c:/program files (x86)/gnu arm embedded toolchain/10 2020-q4-major/bin/../lib/gcc/arm-none-eabi/10.2.1/thumb/v6-m/nofp\libgcc.a(unwind-arm.o)
__exidx_start                                     c:/program files (x86)/gnu arm embedded toolchain/10 2020-q4-major/bin/../lib/gcc/arm-none-eabi/10.2.1/thumb/v6-m/nofp\libgcc.a(unwind-arm.o)
__gnu_Unwind_Backtrace                            c:/program files (x86)/gnu arm embedded toolchain/10 2020-q4-major/bin/../lib/gcc/arm-none-eabi/10.2.1/thumb/v6-m/nofp\libgcc.a(unwind-arm.o)
                                                  c:/program files (x86)/gnu arm embedded toolchain/10 2020-q4-major/bin/../lib/gcc/arm-none-eabi/10.2.1/thumb/v6-m/nofp\libgcc.a(libunwind.o)
__gnu_Unwind_Find_exidx                           c:/program files (x86)/gnu arm embedded toolchain/10 2020-q4-major/bin/../lib/gcc/arm-none-eabi/10.2.1/thumb/v6-m/nofp\libgcc.a(unwind-arm.o)
__gnu_Unwind_ForcedUnwind                         c:/program files (x86)/gnu arm embedded toolchain/10 2020-q4-major/bin/../lib/gcc/arm-none-eabi/10.2.1/thumb/v6-m/nofp\libgcc.a(unwind-arm.o)
                                                  c:/program files (x86)/gnu arm embedded toolchain/10 2020-q4-major/bin/../lib/gcc/arm-none-eabi/10.2.1/thumb/v6-m/nofp\libgcc.a(libunwind.o)
__gnu_Unwind_RaiseException                       c:/program files (x86)/gnu arm embedded toolchain/10 2020-q4-major/bin/../lib/gcc/arm-none-eabi/10.2.1/thumb/v6-m/nofp\libgcc.a(unwind-arm.o)
                                                  c:/program files (x86)/gnu arm embedded toolchain/10 2020-q4-major/bin/../lib/gcc/arm-none-eabi/10.2.1/thumb/v6-m/nofp\libgcc.a(libunwind.o)
__gnu_Unwind_Restore_VFP                          c:/program files (x86)/gnu arm embedded toolchain/10 2020-q4-major/bin/../lib/gcc/arm-none-eabi/10.2.1/thumb/v6-m/nofp\libgcc.a(libunwind.o)
                                                  c:/program files (x86)/gnu arm embedded toolchain/10 2020-q4-major/bin/../lib/gcc/arm-none-eabi/10.2.1/thumb/v6-m/nofp\libgcc.a(unwind-arm.o)
__gnu_Unwind_Restore_VFP_D                        c:/program files (x86)/gnu arm embedded toolchain/10 2020-q4-major/bin/../lib/gcc/arm-none-eabi/10.2.1/thumb/v6-m/nofp\libgcc.a(libunwind.o)
                                                  c:/program files (x86)/gnu arm embedded toolchain/10 2020-q4-major/bin/../lib/gcc/arm-none-eabi/10.2.1/thumb/v6-m/nofp\libgcc.a(unwind-arm.o)
__gnu_Unwind_Restore_VFP_D_16_to_31               c:/program files (x86)/gnu arm embedded toolchain/10 2020-q4-major/bin/../lib/gcc/arm-none-eabi/10.2.1/thumb/v6-m/nofp\libgcc.a(libunwind.o)
                                                  c:/program files (x86)/gnu arm embedded toolchain/10 2020-q4-major/bin/../lib/gcc/arm-none-eabi/10.2.1/thumb/v6-m/nofp\libgcc.a(unwind-arm.o)
__gnu_Unwind_Restore_WMMXC                        c:/program files (x86)/gnu arm embedded toolchain/10 2020-q4-major/bin/../lib/gcc/arm-none-eabi/10.2.1/thumb/v6-m/nofp\libgcc.a(libunwind.o)
                                                  c:/program files (x86)/gnu arm embedded toolchain/10 2020-q4-major/bin/../lib/gcc/arm-none-eabi/10.2.1/thumb/v6-m/nofp\libgcc.a(unwind-arm.o)
__gnu_Unwind_Restore_WMMXD                        c:/program files (x86)/gnu arm embedded toolchain/10 2020-q4-major/bin/../lib/gcc/arm-none-eabi/10.2.1/thumb/v6-m/nofp\libgcc.a(libunwind.o)
                                                  c:/program files (x86)/gnu arm embedded toolchain/10 2020-q4-major/bin/../lib/gcc/arm-none-eabi/10.2.1/thumb/v6-m/nofp\libgcc.a(unwind-arm.o)
__gnu_Unwind_Resume                               c:/program files (x86)/gnu arm embedded toolchain/10 2020-q4-major/bin/../lib/gcc/arm-none-eabi/10.2.1/thumb/v6-m/nofp\libgcc.a(unwind-arm.o)
                                                  c:/program files (x86)/gnu arm embedded toolchain/10 2020-q4-major/bin/../lib/gcc/arm-none-eabi/10.2.1/thumb/v6-m/nofp\libgcc.a(libunwind.o)
__gnu_Unwind_Resume_or_Rethrow                    c:/program files (x86)/gnu arm embedded toolchain/10 2020-q4-major/bin/../lib/gcc/arm-none-eabi/10.2.1/thumb/v6-m/nofp\libgcc.a(unwind-arm.o)
                                                  c:/program files (x86)/gnu arm embedded toolchain/10 2020-q4-major/bin/../lib/gcc/arm-none-eabi/10.2.1/thumb/v6-m/nofp\libgcc.a(libunwind.o)
__gnu_Unwind_Save_VFP                             c:/program files (x86)/gnu arm embedded toolchain/10 2020-q4-major/bin/../lib/gcc/arm-none-eabi/10.2.1/thumb/v6-m/nofp\libgcc.a(libunwind.o)
                                                  c:/program files (x86)/gnu arm embedded toolchain/10 2020-q4-major/bin/../lib/gcc/arm-none-eabi/10.2.1/thumb/v6-m/nofp\libgcc.a(unwind-arm.o)
__gnu_Unwind_Save_VFP_D                           c:/program files (x86)/gnu arm embedded toolchain/10 2020-q4-major/bin/../lib/gcc/arm-none-eabi/10.2.1/thumb/v6-m/nofp\libgcc.a(libunwind.o)
                                                  c:/program files (x86)/gnu arm embedded toolchain/10 2020-q4-major/bin/../lib/gcc/arm-none-eabi/10.2.1/thumb/v6-m/nofp\libgcc.a(unwind-arm.o)
__gnu_Unwind_Save_VFP_D_16_to_31                  c:/program files (x86)/gnu arm embedded toolchain/10 2020-q4-major/bin/../lib/gcc/arm-none-eabi/10.2.1/thumb/v6-m/nofp\libgcc.a(libunwind.o)
                                                  c:/program files (x86)/gnu arm embedded toolchain/10 2020-q4-major/bin/../lib/gcc/arm-none-eabi/10.2.1/thumb/v6-m/nofp\libgcc.a(unwind-arm.o)
__gnu_Unwind_Save_WMMXC                           c:/program files (x86)/gnu arm embedded toolchain/10 2020-q4-major/bin/../lib/gcc/arm-none-eabi/10.2.1/thumb/v6-m/nofp\libgcc.a(libunwind.o)
                                                  c:/program files (x86)/gnu arm embedded toolchain/10 2020-q4-major/bin/../lib/gcc/arm-none-eabi/10.2.1/thumb/v6-m/nofp\libgcc.a(unwind-arm.o)
__gnu_Unwind_Save_WMMXD                           c:/program files (x86)/gnu arm embedded toolchain/10 2020-q4-major/bin/../lib/gcc/arm-none-eabi/10.2.1/thumb/v6-m/nofp\libgcc.a(libunwind.o)
                                                  c:/program files (x86)/gnu arm embedded toolchain/10 2020-q4-major/bin/../lib/gcc/arm-none-eabi/10.2.1/thumb/v6-m/nofp\libgcc.a(unwind-arm.o)
__gnu_unwind_execute                              c:/program files (x86)/gnu arm embedded toolchain/10 2020-q4-major/bin/../lib/gcc/arm-none-eabi/10.2.1/thumb/v6-m/nofp\libgcc.a(pr-support.o)
                                                  c:/program files (x86)/gnu arm embedded toolchain/10 2020-q4-major/bin/../lib/gcc/arm-none-eabi/10.2.1/thumb/v6-m/nofp\libgcc.a(unwind-arm.o)
__gnu_unwind_frame                                c:/program files (x86)/gnu arm embedded toolchain/10 2020-q4-major/bin/../lib/gcc/arm-none-eabi/10.2.1/thumb/v6-m/nofp\libgcc.a(pr-support.o)
__init_array_end                                  c:/program files (x86)/gnu arm embedded toolchain/10 2020-q4-major/bin/../lib/gcc/arm-none-eabi/10.2.1/../../../../arm-none-eabi/lib/thumb/v6-m/nofp\libc_nano.a(lib_a-init.o)
__init_array_start                                c:/program files (x86)/gnu arm embedded toolchain/10 2020-q4-major/bin/../lib/gcc/arm-none-eabi/10.2.1/../../../../arm-none-eabi/lib/thumb/v6-m/nofp\libc_nano.a(lib_a-init.o)
__io_getchar                                      build/syscalls.o
__io_putchar                                      build/syscalls.o
__libc_fini_array                                 c:/program files (x86)/gnu arm embedded toolchain/10 2020-q4-major/bin/../lib/gcc/arm-none-eabi/10.2.1/../../../../arm-none-eabi/lib/thumb/v6-m/nofp/crt0.o
__libc_init_array                                 c:/program files (x86)/gnu arm embedded toolchain/10 2020-q4-major/bin/../lib/gcc/arm-none-eabi/10.2.1/../../../../arm-none-eabi/lib/thumb/v6-m/nofp\libc_nano.a(lib_a-init.o)
                                                  build/startup_stm32f070x6.o
                                                  c:/program files (x86)/gnu arm embedded toolchain/10 2020-q4-major/bin/../lib/gcc/arm-none-eabi/10.2.1/../../../../arm-none-eabi/lib/thumb/v6-m/nofp/crt0.o
__lock___arc4random_mutex                         c:/program files (x86)/gnu arm embedded toolchain/10 2020-q4-major/bin/../lib/gcc/arm-none-eabi/10.2.1/../../../../arm-none-eabi/lib/thumb/v6-m/nofp\libc_nano.a(lib_a-lock.o)
__lock___at_quick_exit_mutex                      c:/program files (x86)/gnu arm embedded toolchain/10 2020-q4-major/bin/../lib/gcc/arm-none-eabi/10.2.1/../../../../arm-none-eabi/lib/thumb/v6-m/nofp\libc_nano.a(lib_a-lock.o)
__lock___atexit_recursive_mutex                   c:/program files (x86)/gnu arm embedded toolchain/10 2020-q4-major/bin/../lib/gcc/arm-none-eabi/10.2.1/../../../../arm-none-eabi/lib/thumb/v6-m/nofp\libc_nano.a(lib_a-lock.o)
__lock___dd_hash_mutex                            c:/program files (x86)/gnu arm embedded toolchain/10 2020-q4-major/bin/../lib/gcc/arm-none-eabi/10.2.1/../../../../arm-none-eabi/lib/thumb/v6-m/nofp\libc_nano.a(lib_a-lock.o)
__lock___env_recursive_mutex                      c:/program files (x86)/gnu arm embedded toolchain/10 2020-q4-major/bin/../lib/gcc/arm-none-eabi/10.2.1/../../../../arm-none-eabi/lib/thumb/v6-m/nofp\libc_nano.a(lib_a-lock.o)
__lock___malloc_recursive_mutex                   c:/program files (x86)/gnu arm embedded toolchain/10 2020-q4-major/bin/../lib/gcc/arm-none-eabi/10.2.1/../../../../arm-none-eabi/lib/thumb/v6-m/nofp\libc_nano.a(lib_a-lock.o)
                                                  c:/program files (x86)/gnu arm embedded toolchain/10 2020-q4-major/bin/../lib/gcc/arm-none-eabi/10.2.1/../../../../arm-none-eabi/lib/thumb/v6-m/nofp\libc_nano.a(lib_a-mlock.o)
__lock___sfp_recursive_mutex                      c:/program files (x86)/gnu arm embedded toolchain/10 2020-q4-major/bin/../lib/gcc/arm-none-eabi/10.2.1/../../../../arm-none-eabi/lib/thumb/v6-m/nofp\libc_nano.a(lib_a-lock.o)
__lock___sinit_recursive_mutex                    c:/program files (x86)/gnu arm embedded toolchain/10 2020-q4-major/bin/../lib/gcc/arm-none-eabi/10.2.1/../../../../arm-none-eabi/lib/thumb/v6-m/nofp\libc_nano.a(lib_a-lock.o)
__lock___tz_mutex                                 c:/program files (x86)/gnu arm embedded toolchain/10 2020-q4-major/bin/../lib/gcc/arm-none-eabi/10.2.1/../../../../arm-none-eabi/lib/thumb/v6-m/nofp\libc_nano.a(lib_a-lock.o)
__malloc_free_list                                c:/program files (x86)/gnu arm embedded toolchain/10 2020-q4-major/bin/../lib/gcc/arm-none-eabi/10.2.1/../../../../arm-none-eabi/lib/thumb/v6-m/nofp\libc_nano.a(lib_a-nano-mallocr.o)
                                                  c:/program files (x86)/gnu arm embedded toolchain/10 2020-q4-major/bin/../lib/gcc/arm-none-eabi/10.2.1/../../../../arm-none-eabi/lib/thumb/v6-m/nofp\libc_nano.a(lib_a-nano-freer.o)
__malloc_lock                                     c:/program files (x86)/gnu arm embedded toolchain/10 2020-q4-major/bin/../lib/gcc/arm-none-eabi/10.2.1/../../../../arm-none-eabi/lib/thumb/v6-m/nofp\libc_nano.a(lib_a-mlock.o)
                                                  c:/program files (x86)/gnu arm embedded toolchain/10 2020-q4-major/bin/../lib/gcc/arm-none-eabi/10.2.1/../../../../arm-none-eabi/lib/thumb/v6-m/nofp\libc_nano.a(lib_a-nano-freer.o)
                                                  c:/program files (x86)/gnu arm embedded toolchain/10 2020-q4-major/bin/../lib/gcc/arm-none-eabi/10.2.1/../../../../arm-none-eabi/lib/thumb/v6-m/nofp\libc_nano.a(lib_a-nano-mallocr.o)
__malloc_sbrk_start                               c:/program files (x86)/gnu arm embedded toolchain/10 2020-q4-major/bin/../lib/gcc/arm-none-eabi/10.2.1/../../../../arm-none-eabi/lib/thumb/v6-m/nofp\libc_nano.a(lib_a-nano-mallocr.o)
__malloc_unlock                                   c:/program files (x86)/gnu arm embedded toolchain/10 2020-q4-major/bin/../lib/gcc/arm-none-eabi/10.2.1/../../../../arm-none-eabi/lib/thumb/v6-m/nofp\libc_nano.a(lib_a-mlock.o)
                                                  c:/program files (x86)/gnu arm embedded toolchain/10 2020-q4-major/bin/../lib/gcc/arm-none-eabi/10.2.1/../../../../arm-none-eabi/lib/thumb/v6-m/nofp\libc_nano.a(lib_a-nano-freer.o)
                                                  c:/program files (x86)/gnu arm embedded toolchain/10 2020-q4-major/bin/../lib/gcc/arm-none-eabi/10.2.1/../../../../arm-none-eabi/lib/thumb/v6-m/nofp\libc_nano.a(lib_a-nano-mallocr.o)
__preinit_array_end                               c:/program files (x86)/gnu arm embedded toolchain/10 2020-q4-major/bin/../lib/gcc/arm-none-eabi/10.2.1/../../../../arm-none-eabi/lib/thumb/v6-m/nofp\libc_nano.a(lib_a-init.o)
__preinit_array_start                             c:/program files (x86)/gnu arm embedded toolchain/10 2020-q4-major/bin/../lib/gcc/arm-none-eabi/10.2.1/../../../../arm-none-eabi/lib/thumb/v6-m/nofp\libc_nano.a(lib_a-init.o)
__register_frame_info                             c:/program files (x86)/gnu arm embedded toolchain/10 2020-q4-major/bin/../lib/gcc/arm-none-eabi/10.2.1/thumb/v6-m/nofp/crtbegin.o
__restore_core_regs                               c:/program files (x86)/gnu arm embedded toolchain/10 2020-q4-major/bin/../lib/gcc/arm-none-eabi/10.2.1/thumb/v6-m/nofp\libgcc.a(libunwind.o)
__retarget_lock_acquire                           c:/program files (x86)/gnu arm embedded toolchain/10 2020-q4-major/bin/../lib/gcc/arm-none-eabi/10.2.1/../../../../arm-none-eabi/lib/thumb/v6-m/nofp\libc_nano.a(lib_a-lock.o)
__retarget_lock_acquire_recursive                 c:/program files (x86)/gnu arm embedded toolchain/10 2020-q4-major/bin/../lib/gcc/arm-none-eabi/10.2.1/../../../../arm-none-eabi/lib/thumb/v6-m/nofp\libc_nano.a(lib_a-lock.o)
                                                  c:/program files (x86)/gnu arm embedded toolchain/10 2020-q4-major/bin/../lib/gcc/arm-none-eabi/10.2.1/../../../../arm-none-eabi/lib/thumb/v6-m/nofp\libc_nano.a(lib_a-mlock.o)
__retarget_lock_close                             c:/program files (x86)/gnu arm embedded toolchain/10 2020-q4-major/bin/../lib/gcc/arm-none-eabi/10.2.1/../../../../arm-none-eabi/lib/thumb/v6-m/nofp\libc_nano.a(lib_a-lock.o)
__retarget_lock_close_recursive                   c:/program files (x86)/gnu arm embedded toolchain/10 2020-q4-major/bin/../lib/gcc/arm-none-eabi/10.2.1/../../../../arm-none-eabi/lib/thumb/v6-m/nofp\libc_nano.a(lib_a-lock.o)
__retarget_lock_init                              c:/program files (x86)/gnu arm embedded toolchain/10 2020-q4-major/bin/../lib/gcc/arm-none-eabi/10.2.1/../../../../arm-none-eabi/lib/thumb/v6-m/nofp\libc_nano.a(lib_a-lock.o)
__retarget_lock_init_recursive                    c:/program files (x86)/gnu arm embedded toolchain/10 2020-q4-major/bin/../lib/gcc/arm-none-eabi/10.2.1/../../../../arm-none-eabi/lib/thumb/v6-m/nofp\libc_nano.a(lib_a-lock.o)
__retarget_lock_release                           c:/program files (x86)/gnu arm embedded toolchain/10 2020-q4-major/bin/../lib/gcc/arm-none-eabi/10.2.1/../../../../arm-none-eabi/lib/thumb/v6-m/nofp\libc_nano.a(lib_a-lock.o)
__retarget_lock_release_recursive                 c:/program files (x86)/gnu arm embedded toolchain/10 2020-q4-major/bin/../lib/gcc/arm-none-eabi/10.2.1/../../../../arm-none-eabi/lib/thumb/v6-m/nofp\libc_nano.a(lib_a-lock.o)
                                                  c:/program files (x86)/gnu arm embedded toolchain/10 2020-q4-major/bin/../lib/gcc/arm-none-eabi/10.2.1/../../../../arm-none-eabi/lib/thumb/v6-m/nofp\libc_nano.a(lib_a-mlock.o)
__retarget_lock_try_acquire                       c:/program files (x86)/gnu arm embedded toolchain/10 2020-q4-major/bin/../lib/gcc/arm-none-eabi/10.2.1/../../../../arm-none-eabi/lib/thumb/v6-m/nofp\libc_nano.a(lib_a-lock.o)
__retarget_lock_try_acquire_recursive             c:/program files (x86)/gnu arm embedded toolchain/10 2020-q4-major/bin/../lib/gcc/arm-none-eabi/10.2.1/../../../../arm-none-eabi/lib/thumb/v6-m/nofp\libc_nano.a(lib_a-lock.o)
__sf_fake_stderr                                  c:/program files (x86)/gnu arm embedded toolchain/10 2020-q4-major/bin/../lib/gcc/arm-none-eabi/10.2.1/../../../../arm-none-eabi/lib/thumb/v6-m/nofp\libc_nano.a(lib_a-impure.o)
__sf_fake_stdin                                   c:/program files (x86)/gnu arm embedded toolchain/10 2020-q4-major/bin/../lib/gcc/arm-none-eabi/10.2.1/../../../../arm-none-eabi/lib/thumb/v6-m/nofp\libc_nano.a(lib_a-impure.o)
__sf_fake_stdout                                  c:/program files (x86)/gnu arm embedded toolchain/10 2020-q4-major/bin/../lib/gcc/arm-none-eabi/10.2.1/../../../../arm-none-eabi/lib/thumb/v6-m/nofp\libc_nano.a(lib_a-impure.o)
__sigtramp                                        c:/program files (x86)/gnu arm embedded toolchain/10 2020-q4-major/bin/../lib/gcc/arm-none-eabi/10.2.1/../../../../arm-none-eabi/lib/thumb/v6-m/nofp\libc_nano.a(lib_a-signal.o)
__sigtramp_r                                      c:/program files (x86)/gnu arm embedded toolchain/10 2020-q4-major/bin/../lib/gcc/arm-none-eabi/10.2.1/../../../../arm-none-eabi/lib/thumb/v6-m/nofp\libc_nano.a(lib_a-signal.o)
__stack                                           c:/program files (x86)/gnu arm embedded toolchain/10 2020-q4-major/bin/../lib/gcc/arm-none-eabi/10.2.1/../../../../arm-none-eabi/lib/thumb/v6-m/nofp/crt0.o
__udivsi3                                         c:/program files (x86)/gnu arm embedded toolchain/10 2020-q4-major/bin/../lib/gcc/arm-none-eabi/10.2.1/thumb/v6-m/nofp\libgcc.a(_udivsi3.o)
_close                                            build/syscalls.o