ARM GAS  C:\Users\MINIGU~1\AppData\Local\Temp\ccmnKgrf.s 			page 1


   1              		.cpu cortex-m0
   2              		.eabi_attribute 20, 1
   3              		.eabi_attribute 21, 1
   4              		.eabi_attribute 23, 3
   5              		.eabi_attribute 24, 1
   6              		.eabi_attribute 25, 1
   7              		.eabi_attribute 26, 1
   8              		.eabi_attribute 30, 1
   9              		.eabi_attribute 34, 0
  10              		.eabi_attribute 18, 4
  11              		.file	"main.cpp"
  12              		.text
  13              		.section	.text._ZL12MX_GPIO_Initv,"ax",%progbits
  14              		.align	1
  15              		.arch armv6s-m
  16              		.syntax unified
  17              		.code	16
  18              		.thumb_func
  19              		.fpu softvfp
  21              	_ZL12MX_GPIO_Initv:
  22              		.fnstart
  23              	.LFB43:
  24              		@ args = 0, pretend = 0, frame = 32
  25              		@ frame_needed = 0, uses_anonymous_args = 0
  26 0000 F0B5     		push	{r4, r5, r6, r7, lr}
  27              		.save {r4, r5, r6, r7, lr}
  28 0002 C646     		mov	lr, r8
  29 0004 00B5     		push	{lr}
  30              		.save {r8}
  31              		.pad #32
  32 0006 88B0     		sub	sp, sp, #32
  33 0008 1422     		movs	r2, #20
  34 000a 0021     		movs	r1, #0
  35 000c 03A8     		add	r0, sp, #12
  36 000e FFF7FEFF 		bl	memset
  37 0012 214B     		ldr	r3, .L2
  38 0014 5969     		ldr	r1, [r3, #20]
  39 0016 8020     		movs	r0, #128
  40 0018 0003     		lsls	r0, r0, #12
  41 001a 0143     		orrs	r1, r0
  42 001c 5961     		str	r1, [r3, #20]
  43 001e 5A69     		ldr	r2, [r3, #20]
  44 0020 0240     		ands	r2, r0
  45 0022 0092     		str	r2, [sp]
  46 0024 009A     		ldr	r2, [sp]
  47 0026 5969     		ldr	r1, [r3, #20]
  48 0028 8020     		movs	r0, #128
  49 002a 8002     		lsls	r0, r0, #10
  50 002c 0143     		orrs	r1, r0
  51 002e 5961     		str	r1, [r3, #20]
  52 0030 5A69     		ldr	r2, [r3, #20]
  53 0032 0240     		ands	r2, r0
  54 0034 0192     		str	r2, [sp, #4]
  55 0036 019A     		ldr	r2, [sp, #4]
  56 0038 5A69     		ldr	r2, [r3, #20]
  57 003a 8021     		movs	r1, #128
  58 003c C902     		lsls	r1, r1, #11
ARM GAS  C:\Users\MINIGU~1\AppData\Local\Temp\ccmnKgrf.s 			page 2


  59 003e 0A43     		orrs	r2, r1
  60 0040 5A61     		str	r2, [r3, #20]
  61 0042 5B69     		ldr	r3, [r3, #20]
  62 0044 0B40     		ands	r3, r1
  63 0046 0293     		str	r3, [sp, #8]
  64 0048 029B     		ldr	r3, [sp, #8]
  65 004a 8024     		movs	r4, #128
  66 004c A401     		lsls	r4, r4, #6
  67 004e 134B     		ldr	r3, .L2+4
  68 0050 9846     		mov	r8, r3
  69 0052 0022     		movs	r2, #0
  70 0054 2100     		movs	r1, r4
  71 0056 1800     		movs	r0, r3
  72 0058 FFF7FEFF 		bl	HAL_GPIO_WritePin
  73 005c E027     		movs	r7, #224
  74 005e FF00     		lsls	r7, r7, #3
  75 0060 0F4D     		ldr	r5, .L2+8
  76 0062 0022     		movs	r2, #0
  77 0064 3900     		movs	r1, r7
  78 0066 2800     		movs	r0, r5
  79 0068 FFF7FEFF 		bl	HAL_GPIO_WritePin
  80 006c 0394     		str	r4, [sp, #12]
  81 006e 0126     		movs	r6, #1
  82 0070 0496     		str	r6, [sp, #16]
  83 0072 0024     		movs	r4, #0
  84 0074 0594     		str	r4, [sp, #20]
  85 0076 0694     		str	r4, [sp, #24]
  86 0078 03A9     		add	r1, sp, #12
  87 007a 4046     		mov	r0, r8
  88 007c FFF7FEFF 		bl	HAL_GPIO_Init
  89 0080 0397     		str	r7, [sp, #12]
  90 0082 0496     		str	r6, [sp, #16]
  91 0084 0594     		str	r4, [sp, #20]
  92 0086 0694     		str	r4, [sp, #24]
  93 0088 03A9     		add	r1, sp, #12
  94 008a 2800     		movs	r0, r5
  95 008c FFF7FEFF 		bl	HAL_GPIO_Init
  96 0090 08B0     		add	sp, sp, #32
  97              		@ sp needed
  98 0092 80BC     		pop	{r7}
  99 0094 B846     		mov	r8, r7
 100 0096 F0BD     		pop	{r4, r5, r6, r7, pc}
 101              	.L3:
 102              		.align	2
 103              	.L2:
 104 0098 00100240 		.word	1073876992
 105 009c 00080048 		.word	1207961600
 106 00a0 00040048 		.word	1207960576
 107              		.fnend
 109              		.section	.text.Error_Handler,"ax",%progbits
 110              		.align	1
 111              		.global	Error_Handler
 112              		.syntax unified
 113              		.code	16
 114              		.thumb_func
 115              		.fpu softvfp
 117              	Error_Handler:
ARM GAS  C:\Users\MINIGU~1\AppData\Local\Temp\ccmnKgrf.s 			page 3


 118              		.fnstart
 119              	.LFB44:
 120              		@ Volatile: function does not return.
 121              		@ args = 0, pretend = 0, frame = 0
 122              		@ frame_needed = 0, uses_anonymous_args = 0
 123              		@ link register save eliminated.
 124              		.syntax divided
 125              	@ 142 "Drivers/CMSIS/Include/cmsis_gcc.h" 1
 126 0000 72B6     		cpsid i
 127              	@ 0 "" 2
 128              		.thumb
 129              		.syntax unified
 130              	.L5:
 131 0002 FEE7     		b	.L5
 132              		.cantunwind
 133              		.fnend
 135              		.section	.text._ZL19MX_USART2_UART_Initv,"ax",%progbits
 136              		.align	1
 137              		.syntax unified
 138              		.code	16
 139              		.thumb_func
 140              		.fpu softvfp
 142              	_ZL19MX_USART2_UART_Initv:
 143              		.fnstart
 144              	.LFB42:
 145              		@ args = 0, pretend = 0, frame = 0
 146              		@ frame_needed = 0, uses_anonymous_args = 0
 147 0000 10B5     		push	{r4, lr}
 148              		.save {r4, lr}
 149 0002 0D48     		ldr	r0, .L9
 150 0004 0D4B     		ldr	r3, .L9+4
 151 0006 0360     		str	r3, [r0]
 152 0008 E123     		movs	r3, #225
 153 000a 5B02     		lsls	r3, r3, #9
 154 000c 4360     		str	r3, [r0, #4]
 155 000e 8023     		movs	r3, #128
 156 0010 5B01     		lsls	r3, r3, #5
 157 0012 8360     		str	r3, [r0, #8]
 158 0014 0023     		movs	r3, #0
 159 0016 C360     		str	r3, [r0, #12]
 160 0018 8022     		movs	r2, #128
 161 001a D200     		lsls	r2, r2, #3
 162 001c 0261     		str	r2, [r0, #16]
 163 001e 0C22     		movs	r2, #12
 164 0020 4261     		str	r2, [r0, #20]
 165 0022 8361     		str	r3, [r0, #24]
 166 0024 C361     		str	r3, [r0, #28]
 167 0026 0362     		str	r3, [r0, #32]
 168 0028 4362     		str	r3, [r0, #36]
 169 002a FFF7FEFF 		bl	HAL_UART_Init
 170 002e 0028     		cmp	r0, #0
 171 0030 00D1     		bne	.L8
 172              		@ sp needed
 173 0032 10BD     		pop	{r4, pc}
 174              	.L8:
 175 0034 FFF7FEFF 		bl	Error_Handler
 176              	.L10:
ARM GAS  C:\Users\MINIGU~1\AppData\Local\Temp\ccmnKgrf.s 			page 4


 177              		.align	2
 178              	.L9:
 179 0038 00000000 		.word	huart2
 180 003c 00440040 		.word	1073759232
 181              		.fnend
 183              		.section	.text._Z18SystemClock_Configv,"ax",%progbits
 184              		.align	1
 185              		.global	_Z18SystemClock_Configv
 186              		.syntax unified
 187              		.code	16
 188              		.thumb_func
 189              		.fpu softvfp
 191              	_Z18SystemClock_Configv:
 192              		.fnstart
 193              	.LFB41:
 194              		@ args = 0, pretend = 0, frame = 64
 195              		@ frame_needed = 0, uses_anonymous_args = 0
 196 0000 00B5     		push	{lr}
 197              		.save {lr}
 198              		.pad #68
 199 0002 91B0     		sub	sp, sp, #68
 200 0004 3022     		movs	r2, #48
 201 0006 0021     		movs	r1, #0
 202 0008 04A8     		add	r0, sp, #16
 203 000a FFF7FEFF 		bl	memset
 204 000e 1022     		movs	r2, #16
 205 0010 0021     		movs	r1, #0
 206 0012 6846     		mov	r0, sp
 207 0014 FFF7FEFF 		bl	memset
 208 0018 0223     		movs	r3, #2
 209 001a 0493     		str	r3, [sp, #16]
 210 001c 013B     		subs	r3, r3, #1
 211 001e 0793     		str	r3, [sp, #28]
 212 0020 0F33     		adds	r3, r3, #15
 213 0022 0893     		str	r3, [sp, #32]
 214 0024 04A8     		add	r0, sp, #16
 215 0026 FFF7FEFF 		bl	HAL_RCC_OscConfig
 216 002a 0028     		cmp	r0, #0
 217 002c 0DD1     		bne	.L14
 218 002e 0723     		movs	r3, #7
 219 0030 0093     		str	r3, [sp]
 220 0032 0023     		movs	r3, #0
 221 0034 0193     		str	r3, [sp, #4]
 222 0036 0293     		str	r3, [sp, #8]
 223 0038 0393     		str	r3, [sp, #12]
 224 003a 0021     		movs	r1, #0
 225 003c 6846     		mov	r0, sp
 226 003e FFF7FEFF 		bl	HAL_RCC_ClockConfig
 227 0042 0028     		cmp	r0, #0
 228 0044 03D1     		bne	.L15
 229 0046 11B0     		add	sp, sp, #68
 230              		@ sp needed
 231 0048 00BD     		pop	{pc}
 232              	.L14:
 233 004a FFF7FEFF 		bl	Error_Handler
 234              	.L15:
 235 004e FFF7FEFF 		bl	Error_Handler
ARM GAS  C:\Users\MINIGU~1\AppData\Local\Temp\ccmnKgrf.s 			page 5


 236              		.fnend
 238              		.section	.text.main,"ax",%progbits
 239              		.align	1
 240              		.global	main
 241              		.syntax unified
 242              		.code	16
 243              		.thumb_func
 244              		.fpu softvfp
 246              	main:
 247              		.fnstart
 248              	.LFB40:
 249              		@ args = 0, pretend = 0, frame = 0
 250              		@ frame_needed = 0, uses_anonymous_args = 0
 251 0000 10B5     		push	{r4, lr}
 252              		.save {r4, lr}
 253 0002 FFF7FEFF 		bl	HAL_Init
 254 0006 FFF7FEFF 		bl	_Z18SystemClock_Configv
 255 000a FFF7FEFF 		bl	_ZL12MX_GPIO_Initv
 256 000e FFF7FEFF 		bl	_ZL19MX_USART2_UART_Initv
 257 0012 FFF7FEFF 		bl	_Z10marineMainv
 258              	.L17:
 259 0016 8021     		movs	r1, #128
 260 0018 8900     		lsls	r1, r1, #2
 261 001a 0448     		ldr	r0, .L18
 262 001c FFF7FEFF 		bl	HAL_GPIO_TogglePin
 263 0020 FA20     		movs	r0, #250
 264 0022 4000     		lsls	r0, r0, #1
 265 0024 FFF7FEFF 		bl	HAL_Delay
 266 0028 F5E7     		b	.L17
 267              	.L19:
 268 002a C046     		.align	2
 269              	.L18:
 270 002c 00040048 		.word	1207960576
 271              		.fnend
 273              		.global	huart2
 274              		.section	.bss.huart2,"aw",%nobits
 275              		.align	2
 278              	huart2:
 279 0000 00000000 		.space	132
 279      00000000 
 279      00000000 
 279      00000000 
 279      00000000 
 280              		.ident	"GCC: (GNU Arm Embedded Toolchain 10-2020-q4-major) 10.2.1 20201103 (release)"
ARM GAS  C:\Users\MINIGU~1\AppData\Local\Temp\ccmnKgrf.s 			page 6


DEFINED SYMBOLS
                            *ABS*:00000000 main.cpp
C:\Users\MINIGU~1\AppData\Local\Temp\ccmnKgrf.s:14     .text._ZL12MX_GPIO_Initv:00000000 $t
C:\Users\MINIGU~1\AppData\Local\Temp\ccmnKgrf.s:21     .text._ZL12MX_GPIO_Initv:00000000 _ZL12MX_GPIO_Initv
C:\Users\MINIGU~1\AppData\Local\Temp\ccmnKgrf.s:104    .text._ZL12MX_GPIO_Initv:00000098 $d
.ARM.extab.text._ZL12MX_GPIO_Initv:00000000 $d
.ARM.exidx.text._ZL12MX_GPIO_Initv:00000000 $d
C:\Users\MINIGU~1\AppData\Local\Temp\ccmnKgrf.s:110    .text.Error_Handler:00000000 $t
C:\Users\MINIGU~1\AppData\Local\Temp\ccmnKgrf.s:117    .text.Error_Handler:00000000 Error_Handler
    .ARM.exidx.text.Error_Handler:00000000 $d
C:\Users\MINIGU~1\AppData\Local\Temp\ccmnKgrf.s:136    .text._ZL19MX_USART2_UART_Initv:00000000 $t
C:\Users\MINIGU~1\AppData\Local\Temp\ccmnKgrf.s:142    .text._ZL19MX_USART2_UART_Initv:00000000 _ZL19MX_USART2_UART_Initv
C:\Users\MINIGU~1\AppData\Local\Temp\ccmnKgrf.s:179    .text._ZL19MX_USART2_UART_Initv:00000038 $d
C:\Users\MINIGU~1\AppData\Local\Temp\ccmnKgrf.s:278    .bss.huart2:00000000 huart2
.ARM.exidx.text._ZL19MX_USART2_UART_Initv:00000000 $d
C:\Users\MINIGU~1\AppData\Local\Temp\ccmnKgrf.s:184    .text._Z18SystemClock_Configv:00000000 $t
C:\Users\MINIGU~1\AppData\Local\Temp\ccmnKgrf.s:191    .text._Z18SystemClock_Configv:00000000 _Z18SystemClock_Configv
.ARM.exidx.text._Z18SystemClock_Configv:00000000 $d
C:\Users\MINIGU~1\AppData\Local\Temp\ccmnKgrf.s:239    .text.main:00000000 $t
C:\Users\MINIGU~1\AppData\Local\Temp\ccmnKgrf.s:246    .text.main:00000000 main
C:\Users\MINIGU~1\AppData\Local\Temp\ccmnKgrf.s:270    .text.main:0000002c $d
             .ARM.exidx.text.main:00000000 $d
C:\Users\MINIGU~1\AppData\Local\Temp\ccmnKgrf.s:275    .bss.huart2:00000000 $d

UNDEFINED SYMBOLS
memset
HAL_GPIO_WritePin
HAL_GPIO_Init
__aeabi_unwind_cpp_pr1
HAL_UART_Init
__aeabi_unwind_cpp_pr0
HAL_RCC_OscConfig
HAL_RCC_ClockConfig
HAL_Init
_Z10marineMainv
HAL_GPIO_TogglePin
HAL_Delay
