ARM GAS  C:\Users\MINIGU~1\AppData\Local\Temp\ccOtXKpf.s 			page 1


   1              		.cpu cortex-m0
   2              		.eabi_attribute 20, 1
   3              		.eabi_attribute 21, 1
   4              		.eabi_attribute 23, 3
   5              		.eabi_attribute 24, 1
   6              		.eabi_attribute 25, 1
   7              		.eabi_attribute 26, 1
   8              		.eabi_attribute 30, 1
   9              		.eabi_attribute 34, 0
  10              		.eabi_attribute 18, 4
  11              		.file	"marine_controller.cpp"
  12              		.text
  13              		.section	.text._Z10marineMainv,"ax",%progbits
  14              		.align	1
  15              		.global	_Z10marineMainv
  16              		.arch armv6s-m
  17              		.syntax unified
  18              		.code	16
  19              		.thumb_func
  20              		.fpu softvfp
  22              	_Z10marineMainv:
  23              		.fnstart
  24              	.LFB40:
  25              		@ args = 0, pretend = 0, frame = 0
  26              		@ frame_needed = 0, uses_anonymous_args = 0
  27 0000 70B5     		push	{r4, r5, r6, lr}
  28              		.save {r4, r5, r6, lr}
  29              	.L2:
  30 0002 8026     		movs	r6, #128
  31 0004 B600     		lsls	r6, r6, #2
  32 0006 0C4D     		ldr	r5, .L3
  33 0008 0122     		movs	r2, #1
  34 000a 3100     		movs	r1, r6
  35 000c 2800     		movs	r0, r5
  36 000e FFF7FEFF 		bl	HAL_GPIO_WritePin
  37 0012 0122     		movs	r2, #1
  38 0014 0949     		ldr	r1, .L3+4
  39 0016 0A48     		ldr	r0, .L3+8
  40 0018 FFF7FEFF 		bl	HAL_UART_Receive_IT
  41 001c FA24     		movs	r4, #250
  42 001e E400     		lsls	r4, r4, #3
  43 0020 2000     		movs	r0, r4
  44 0022 FFF7FEFF 		bl	HAL_Delay
  45 0026 0022     		movs	r2, #0
  46 0028 3100     		movs	r1, r6
  47 002a 2800     		movs	r0, r5
  48 002c FFF7FEFF 		bl	HAL_GPIO_WritePin
  49 0030 2000     		movs	r0, r4
  50 0032 FFF7FEFF 		bl	HAL_Delay
  51 0036 E4E7     		b	.L2
  52              	.L4:
  53              		.align	2
  54              	.L3:
  55 0038 00040048 		.word	1207960576
  56 003c 00000000 		.word	.LANCHOR0
  57 0040 00000000 		.word	huart2
  58              		.fnend
ARM GAS  C:\Users\MINIGU~1\AppData\Local\Temp\ccOtXKpf.s 			page 2


  60              		.section	.text._Z4CRC8Phh,"ax",%progbits
  61              		.align	1
  62              		.global	_Z4CRC8Phh
  63              		.syntax unified
  64              		.code	16
  65              		.thumb_func
  66              		.fpu softvfp
  68              	_Z4CRC8Phh:
  69              		.fnstart
  70              	.LFB41:
  71              		@ args = 0, pretend = 0, frame = 0
  72              		@ frame_needed = 0, uses_anonymous_args = 0
  73 0000 70B5     		push	{r4, r5, r6, lr}
  74 0002 0500     		movs	r5, r0
  75 0004 0E00     		movs	r6, r1
  76 0006 0024     		movs	r4, #0
  77 0008 0020     		movs	r0, #0
  78 000a 11E0     		b	.L10
  79              	.L8:
  80 000c 5208     		lsrs	r2, r2, #1
  81 000e 013B     		subs	r3, r3, #1
  82 0010 DBB2     		uxtb	r3, r3
  83              	.L9:
  84 0012 002B     		cmp	r3, #0
  85 0014 09D0     		beq	.L7
  86 0016 0100     		movs	r1, r0
  87 0018 5140     		eors	r1, r2
  88 001a 4008     		lsrs	r0, r0, #1
  89 001c C907     		lsls	r1, r1, #31
  90 001e F5D5     		bpl	.L8
  91 0020 7421     		movs	r1, #116
  92 0022 4942     		rsbs	r1, r1, #0
  93 0024 4840     		eors	r0, r1
  94 0026 C0B2     		uxtb	r0, r0
  95 0028 F0E7     		b	.L8
  96              	.L7:
  97 002a 0135     		adds	r5, r5, #1
  98 002c 0134     		adds	r4, r4, #1
  99 002e E4B2     		uxtb	r4, r4
 100              	.L10:
 101 0030 B442     		cmp	r4, r6
 102 0032 02D2     		bcs	.L6
 103 0034 2A78     		ldrb	r2, [r5]
 104 0036 0823     		movs	r3, #8
 105 0038 EBE7     		b	.L9
 106              	.L6:
 107              		@ sp needed
 108 003a 70BD     		pop	{r4, r5, r6, pc}
 109              		.cantunwind
 110              		.fnend
 112              		.section	.rodata._Z14handleCommandsPhh.str1.4,"aMS",%progbits,1
 113              		.align	2
 114              	.LC2:
 115 0000 74657374 		.ascii	"test\000"
 115      00
 116              		.section	.text._Z14handleCommandsPhh,"ax",%progbits
 117              		.align	1
ARM GAS  C:\Users\MINIGU~1\AppData\Local\Temp\ccOtXKpf.s 			page 3


 118              		.global	_Z14handleCommandsPhh
 119              		.syntax unified
 120              		.code	16
 121              		.thumb_func
 122              		.fpu softvfp
 124              	_Z14handleCommandsPhh:
 125              		.fnstart
 126              	.LFB42:
 127              		@ args = 0, pretend = 0, frame = 8
 128              		@ frame_needed = 0, uses_anonymous_args = 0
 129 0000 00B5     		push	{lr}
 130              		.save {lr}
 131              		.pad #12
 132 0002 83B0     		sub	sp, sp, #12
 133 0004 0A00     		movs	r2, r1
 134 0006 094B     		ldr	r3, .L14
 135 0008 1968     		ldr	r1, [r3]
 136 000a 0091     		str	r1, [sp]
 137 000c 1B79     		ldrb	r3, [r3, #4]
 138 000e 6946     		mov	r1, sp
 139 0010 0B71     		strb	r3, [r1, #4]
 140 0012 FFF7FEFF 		bl	strncmp
 141 0016 0028     		cmp	r0, #0
 142 0018 01D0     		beq	.L13
 143              	.L11:
 144 001a 03B0     		add	sp, sp, #12
 145              		@ sp needed
 146 001c 00BD     		pop	{pc}
 147              	.L13:
 148 001e 8021     		movs	r1, #128
 149 0020 8901     		lsls	r1, r1, #6
 150 0022 0348     		ldr	r0, .L14+4
 151 0024 FFF7FEFF 		bl	HAL_GPIO_TogglePin
 152 0028 F7E7     		b	.L11
 153              	.L15:
 154 002a C046     		.align	2
 155              	.L14:
 156 002c 00000000 		.word	.LC2
 157 0030 00080048 		.word	1207961600
 158              		.fnend
 160              		.section	.text._Z21serialProtocolReciverPh,"ax",%progbits
 161              		.align	1
 162              		.global	_Z21serialProtocolReciverPh
 163              		.syntax unified
 164              		.code	16
 165              		.thumb_func
 166              		.fpu softvfp
 168              	_Z21serialProtocolReciverPh:
 169              		.fnstart
 170              	.LFB43:
 171              		@ args = 0, pretend = 0, frame = 16
 172              		@ frame_needed = 0, uses_anonymous_args = 0
 173 0000 30B5     		push	{r4, r5, lr}
 174              		.save {r4, r5, lr}
 175              		.pad #20
 176 0002 85B0     		sub	sp, sp, #20
 177 0004 0478     		ldrb	r4, [r0]
ARM GAS  C:\Users\MINIGU~1\AppData\Local\Temp\ccOtXKpf.s 			page 4


 178 0006 4578     		ldrb	r5, [r0, #1]
 179 0008 0023     		movs	r3, #0
 180 000a 05E0     		b	.L18
 181              	.L20:
 182 000c C218     		adds	r2, r0, r3
 183 000e 9178     		ldrb	r1, [r2, #2]
 184 0010 01AA     		add	r2, sp, #4
 185 0012 D154     		strb	r1, [r2, r3]
 186 0014 0133     		adds	r3, r3, #1
 187 0016 DBB2     		uxtb	r3, r3
 188              	.L18:
 189 0018 A342     		cmp	r3, r4
 190 001a F7D3     		bcc	.L20
 191 001c 2100     		movs	r1, r4
 192 001e 01A8     		add	r0, sp, #4
 193 0020 FFF7FEFF 		bl	_Z4CRC8Phh
 194 0024 A842     		cmp	r0, r5
 195 0026 01D0     		beq	.L21
 196              	.L16:
 197 0028 05B0     		add	sp, sp, #20
 198              		@ sp needed
 199 002a 30BD     		pop	{r4, r5, pc}
 200              	.L21:
 201 002c 2100     		movs	r1, r4
 202 002e 01A8     		add	r0, sp, #4
 203 0030 FFF7FEFF 		bl	_Z14handleCommandsPhh
 204 0034 F8E7     		b	.L16
 205              		.fnend
 207              		.section	.text._Z10handleDataPhi,"ax",%progbits
 208              		.align	1
 209              		.global	_Z10handleDataPhi
 210              		.syntax unified
 211              		.code	16
 212              		.thumb_func
 213              		.fpu softvfp
 215              	_Z10handleDataPhi:
 216              		.fnstart
 217              	.LFB44:
 218              		@ args = 0, pretend = 0, frame = 0
 219              		@ frame_needed = 0, uses_anonymous_args = 0
 220              		@ link register save eliminated.
 221 0000 0022     		movs	r2, #0
 222 0002 00E0     		b	.L26
 223              	.L24:
 224 0004 0132     		adds	r2, r2, #1
 225              	.L26:
 226 0006 012A     		cmp	r2, #1
 227 0008 04D8     		bhi	.L22
 228 000a 0023     		movs	r3, #0
 229              	.L25:
 230 000c 052B     		cmp	r3, #5
 231 000e F9D8     		bhi	.L24
 232 0010 0133     		adds	r3, r3, #1
 233 0012 FBE7     		b	.L25
 234              	.L22:
 235              		@ sp needed
 236 0014 7047     		bx	lr
ARM GAS  C:\Users\MINIGU~1\AppData\Local\Temp\ccOtXKpf.s 			page 5


 237              		.cantunwind
 238              		.fnend
 240              		.section	.text.HAL_UART_RxCpltCallback,"ax",%progbits
 241              		.align	1
 242              		.global	HAL_UART_RxCpltCallback
 243              		.syntax unified
 244              		.code	16
 245              		.thumb_func
 246              		.fpu softvfp
 248              	HAL_UART_RxCpltCallback:
 249              		.fnstart
 250              	.LFB45:
 251              		@ args = 0, pretend = 0, frame = 0
 252              		@ frame_needed = 0, uses_anonymous_args = 0
 253 0000 10B5     		push	{r4, lr}
 254              		.save {r4, lr}
 255 0002 0268     		ldr	r2, [r0]
 256 0004 214B     		ldr	r3, .L36
 257 0006 9A42     		cmp	r2, r3
 258 0008 00D0     		beq	.L34
 259              	.L27:
 260              		@ sp needed
 261 000a 10BD     		pop	{r4, pc}
 262              	.L34:
 263 000c 204B     		ldr	r3, .L36+4
 264 000e 1B68     		ldr	r3, [r3]
 265 0010 092B     		cmp	r3, #9
 266 0012 03D9     		bls	.L29
 267 0014 1E4B     		ldr	r3, .L36+4
 268 0016 0122     		movs	r2, #1
 269 0018 5242     		rsbs	r2, r2, #0
 270 001a 1A60     		str	r2, [r3]
 271              	.L29:
 272 001c 1C4B     		ldr	r3, .L36+4
 273 001e 1B68     		ldr	r3, [r3]
 274 0020 002B     		cmp	r3, #0
 275 0022 0ED1     		bne	.L30
 276 0024 1B4A     		ldr	r2, .L36+8
 277 0026 1278     		ldrb	r2, [r2]
 278 0028 1B49     		ldr	r1, .L36+12
 279 002a 0A70     		strb	r2, [r1]
 280 002c 1B49     		ldr	r1, .L36+16
 281 002e CA54     		strb	r2, [r1, r3]
 282 0030 0133     		adds	r3, r3, #1
 283 0032 174A     		ldr	r2, .L36+4
 284 0034 1360     		str	r3, [r2]
 285              	.L31:
 286 0036 0122     		movs	r2, #1
 287 0038 1649     		ldr	r1, .L36+8
 288 003a 1948     		ldr	r0, .L36+20
 289 003c FFF7FEFF 		bl	HAL_UART_Receive_IT
 290 0040 E3E7     		b	.L27
 291              	.L30:
 292 0042 154A     		ldr	r2, .L36+12
 293 0044 1278     		ldrb	r2, [r2]
 294 0046 9342     		cmp	r3, r2
 295 0048 07DC     		bgt	.L32
ARM GAS  C:\Users\MINIGU~1\AppData\Local\Temp\ccOtXKpf.s 			page 6


 296 004a 124A     		ldr	r2, .L36+8
 297 004c 1178     		ldrb	r1, [r2]
 298 004e 134A     		ldr	r2, .L36+16
 299 0050 D154     		strb	r1, [r2, r3]
 300 0052 0133     		adds	r3, r3, #1
 301 0054 0E4A     		ldr	r2, .L36+4
 302 0056 1360     		str	r3, [r2]
 303 0058 EDE7     		b	.L31
 304              	.L32:
 305 005a 0132     		adds	r2, r2, #1
 306 005c 9342     		cmp	r3, r2
 307 005e 09D0     		beq	.L35
 308 0060 0133     		adds	r3, r3, #1
 309 0062 E8DA     		bge	.L31
 310 0064 0B4B     		ldr	r3, .L36+8
 311 0066 1B78     		ldrb	r3, [r3]
 312 0068 AA2B     		cmp	r3, #170
 313 006a E4D1     		bne	.L31
 314 006c 084B     		ldr	r3, .L36+4
 315 006e 0022     		movs	r2, #0
 316 0070 1A60     		str	r2, [r3]
 317 0072 E0E7     		b	.L31
 318              	.L35:
 319 0074 074A     		ldr	r2, .L36+8
 320 0076 1278     		ldrb	r2, [r2]
 321 0078 0848     		ldr	r0, .L36+16
 322 007a C254     		strb	r2, [r0, r3]
 323 007c FFF7FEFF 		bl	_Z21serialProtocolReciverPh
 324 0080 034B     		ldr	r3, .L36+4
 325 0082 0122     		movs	r2, #1
 326 0084 5242     		rsbs	r2, r2, #0
 327 0086 1A60     		str	r2, [r3]
 328 0088 D5E7     		b	.L31
 329              	.L37:
 330 008a C046     		.align	2
 331              	.L36:
 332 008c 00440040 		.word	1073759232
 333 0090 00000000 		.word	.LANCHOR1
 334 0094 00000000 		.word	.LANCHOR0
 335 0098 00000000 		.word	.LANCHOR2
 336 009c 00000000 		.word	.LANCHOR3
 337 00a0 00000000 		.word	huart2
 338              		.fnend
 340              		.global	recive_length
 341              		.global	recived_string
 342              		.global	recived_counter
 343              		.global	rx_buffer
 344              		.section	.bss.recive_length,"aw",%nobits
 345              		.set	.LANCHOR2,. + 0
 348              	recive_length:
 349 0000 00       		.space	1
 350              		.section	.bss.recived_string,"aw",%nobits
 351              		.align	2
 352              		.set	.LANCHOR3,. + 0
 355              	recived_string:
 356 0000 00000000 		.space	10
 356      00000000 
ARM GAS  C:\Users\MINIGU~1\AppData\Local\Temp\ccOtXKpf.s 			page 7


 356      0000
 357              		.section	.bss.rx_buffer,"aw",%nobits
 358              		.align	2
 359              		.set	.LANCHOR0,. + 0
 362              	rx_buffer:
 363 0000 00       		.space	1
 364              		.section	.data.recived_counter,"aw"
 365              		.align	2
 366              		.set	.LANCHOR1,. + 0
 369              	recived_counter:
 370 0000 FFFFFFFF 		.word	-1
 371              		.ident	"GCC: (GNU Arm Embedded Toolchain 10-2020-q4-major) 10.2.1 20201103 (release)"
ARM GAS  C:\Users\MINIGU~1\AppData\Local\Temp\ccOtXKpf.s 			page 8


DEFINED SYMBOLS
                            *ABS*:00000000 marine_controller.cpp
C:\Users\MINIGU~1\AppData\Local\Temp\ccOtXKpf.s:14     .text._Z10marineMainv:00000000 $t
C:\Users\MINIGU~1\AppData\Local\Temp\ccOtXKpf.s:22     .text._Z10marineMainv:00000000 _Z10marineMainv
C:\Users\MINIGU~1\AppData\Local\Temp\ccOtXKpf.s:55     .text._Z10marineMainv:00000038 $d
  .ARM.exidx.text._Z10marineMainv:00000000 $d
C:\Users\MINIGU~1\AppData\Local\Temp\ccOtXKpf.s:61     .text._Z4CRC8Phh:00000000 $t
C:\Users\MINIGU~1\AppData\Local\Temp\ccOtXKpf.s:68     .text._Z4CRC8Phh:00000000 _Z4CRC8Phh
       .ARM.exidx.text._Z4CRC8Phh:00000000 $d
C:\Users\MINIGU~1\AppData\Local\Temp\ccOtXKpf.s:113    .rodata._Z14handleCommandsPhh.str1.4:00000000 $d
C:\Users\MINIGU~1\AppData\Local\Temp\ccOtXKpf.s:117    .text._Z14handleCommandsPhh:00000000 $t
C:\Users\MINIGU~1\AppData\Local\Temp\ccOtXKpf.s:124    .text._Z14handleCommandsPhh:00000000 _Z14handleCommandsPhh
C:\Users\MINIGU~1\AppData\Local\Temp\ccOtXKpf.s:156    .text._Z14handleCommandsPhh:0000002c $d
.ARM.exidx.text._Z14handleCommandsPhh:00000000 $d
C:\Users\MINIGU~1\AppData\Local\Temp\ccOtXKpf.s:161    .text._Z21serialProtocolReciverPh:00000000 $t
C:\Users\MINIGU~1\AppData\Local\Temp\ccOtXKpf.s:168    .text._Z21serialProtocolReciverPh:00000000 _Z21serialProtocolReciverPh
.ARM.exidx.text._Z21serialProtocolReciverPh:00000000 $d
C:\Users\MINIGU~1\AppData\Local\Temp\ccOtXKpf.s:208    .text._Z10handleDataPhi:00000000 $t
C:\Users\MINIGU~1\AppData\Local\Temp\ccOtXKpf.s:215    .text._Z10handleDataPhi:00000000 _Z10handleDataPhi
.ARM.exidx.text._Z10handleDataPhi:00000000 $d
C:\Users\MINIGU~1\AppData\Local\Temp\ccOtXKpf.s:241    .text.HAL_UART_RxCpltCallback:00000000 $t
C:\Users\MINIGU~1\AppData\Local\Temp\ccOtXKpf.s:248    .text.HAL_UART_RxCpltCallback:00000000 HAL_UART_RxCpltCallback
C:\Users\MINIGU~1\AppData\Local\Temp\ccOtXKpf.s:332    .text.HAL_UART_RxCpltCallback:0000008c $d
.ARM.exidx.text.HAL_UART_RxCpltCallback:00000000 $d
C:\Users\MINIGU~1\AppData\Local\Temp\ccOtXKpf.s:348    .bss.recive_length:00000000 recive_length
C:\Users\MINIGU~1\AppData\Local\Temp\ccOtXKpf.s:355    .bss.recived_string:00000000 recived_string
C:\Users\MINIGU~1\AppData\Local\Temp\ccOtXKpf.s:369    .data.recived_counter:00000000 recived_counter
C:\Users\MINIGU~1\AppData\Local\Temp\ccOtXKpf.s:362    .bss.rx_buffer:00000000 rx_buffer
C:\Users\MINIGU~1\AppData\Local\Temp\ccOtXKpf.s:349    .bss.recive_length:00000000 $d
C:\Users\MINIGU~1\AppData\Local\Temp\ccOtXKpf.s:351    .bss.recived_string:00000000 $d
C:\Users\MINIGU~1\AppData\Local\Temp\ccOtXKpf.s:358    .bss.rx_buffer:00000000 $d
C:\Users\MINIGU~1\AppData\Local\Temp\ccOtXKpf.s:365    .data.recived_counter:00000000 $d

UNDEFINED SYMBOLS
HAL_GPIO_WritePin
HAL_UART_Receive_IT
HAL_Delay
huart2
__aeabi_unwind_cpp_pr0
strncmp
HAL_GPIO_TogglePin
