ARM GAS  C:\Users\MINIGU~1\AppData\Local\Temp\cc2TDKOl.s 			page 1


   1              		.cpu cortex-m0
   2              		.eabi_attribute 20, 1
   3              		.eabi_attribute 21, 1
   4              		.eabi_attribute 23, 3
   5              		.eabi_attribute 24, 1
   6              		.eabi_attribute 25, 1
   7              		.eabi_attribute 26, 1
   8              		.eabi_attribute 30, 1
   9              		.eabi_attribute 34, 0
  10              		.eabi_attribute 18, 4
  11              		.file	"syscalls.c"
  12              		.text
  13              	.Ltext0:
  14              		.cfi_sections	.debug_frame
  15              		.section	.text.initialise_monitor_handles,"ax",%progbits
  16              		.align	1
  17              		.global	initialise_monitor_handles
  18              		.arch armv6s-m
  19              		.syntax unified
  20              		.code	16
  21              		.thumb_func
  22              		.fpu softvfp
  24              	initialise_monitor_handles:
  25              	.LFB25:
  26              		.file 1 "Core/Src/syscalls.c"
   1:Core/Src/syscalls.c **** /**
   2:Core/Src/syscalls.c ****  ******************************************************************************
   3:Core/Src/syscalls.c ****  * @file      syscalls.c
   4:Core/Src/syscalls.c ****  * @author    Auto-generated by STM32CubeIDE
   5:Core/Src/syscalls.c ****  * @brief     STM32CubeIDE Minimal System calls file
   6:Core/Src/syscalls.c ****  *
   7:Core/Src/syscalls.c ****  *            For more information about which c-functions
   8:Core/Src/syscalls.c ****  *            need which of these lowlevel functions
   9:Core/Src/syscalls.c ****  *            please consult the Newlib libc-manual
  10:Core/Src/syscalls.c ****  ******************************************************************************
  11:Core/Src/syscalls.c ****  * @attention
  12:Core/Src/syscalls.c ****  *
  13:Core/Src/syscalls.c ****  * <h2><center>&copy; Copyright (c) 2020 STMicroelectronics.
  14:Core/Src/syscalls.c ****  * All rights reserved.</center></h2>
  15:Core/Src/syscalls.c ****  *
  16:Core/Src/syscalls.c ****  * This software component is licensed by ST under BSD 3-Clause license,
  17:Core/Src/syscalls.c ****  * the "License"; You may not use this file except in compliance with the
  18:Core/Src/syscalls.c ****  * License. You may obtain a copy of the License at:
  19:Core/Src/syscalls.c ****  *                        opensource.org/licenses/BSD-3-Clause
  20:Core/Src/syscalls.c ****  *
  21:Core/Src/syscalls.c ****  ******************************************************************************
  22:Core/Src/syscalls.c ****  */
  23:Core/Src/syscalls.c **** 
  24:Core/Src/syscalls.c **** /* Includes */
  25:Core/Src/syscalls.c **** #include <sys/stat.h>
  26:Core/Src/syscalls.c **** #include <stdlib.h>
  27:Core/Src/syscalls.c **** #include <errno.h>
  28:Core/Src/syscalls.c **** #include <stdio.h>
  29:Core/Src/syscalls.c **** #include <signal.h>
  30:Core/Src/syscalls.c **** #include <time.h>
  31:Core/Src/syscalls.c **** #include <sys/time.h>
  32:Core/Src/syscalls.c **** #include <sys/times.h>
ARM GAS  C:\Users\MINIGU~1\AppData\Local\Temp\cc2TDKOl.s 			page 2


  33:Core/Src/syscalls.c **** 
  34:Core/Src/syscalls.c **** 
  35:Core/Src/syscalls.c **** /* Variables */
  36:Core/Src/syscalls.c **** extern int __io_putchar(int ch) __attribute__((weak));
  37:Core/Src/syscalls.c **** extern int __io_getchar(void) __attribute__((weak));
  38:Core/Src/syscalls.c **** 
  39:Core/Src/syscalls.c **** 
  40:Core/Src/syscalls.c **** char *__env[1] = { 0 };
  41:Core/Src/syscalls.c **** char **environ = __env;
  42:Core/Src/syscalls.c **** 
  43:Core/Src/syscalls.c **** 
  44:Core/Src/syscalls.c **** /* Functions */
  45:Core/Src/syscalls.c **** void initialise_monitor_handles()
  46:Core/Src/syscalls.c **** {
  27              		.loc 1 46 1 view -0
  28              		.cfi_startproc
  29              		@ args = 0, pretend = 0, frame = 0
  30              		@ frame_needed = 0, uses_anonymous_args = 0
  31              		@ link register save eliminated.
  47:Core/Src/syscalls.c **** }
  32              		.loc 1 47 1 view .LVU1
  33              		@ sp needed
  34 0000 7047     		bx	lr
  35              		.cfi_endproc
  36              	.LFE25:
  38              		.section	.text._getpid,"ax",%progbits
  39              		.align	1
  40              		.global	_getpid
  41              		.syntax unified
  42              		.code	16
  43              		.thumb_func
  44              		.fpu softvfp
  46              	_getpid:
  47              	.LFB26:
  48:Core/Src/syscalls.c **** 
  49:Core/Src/syscalls.c **** int _getpid(void)
  50:Core/Src/syscalls.c **** {
  48              		.loc 1 50 1 view -0
  49              		.cfi_startproc
  50              		@ args = 0, pretend = 0, frame = 0
  51              		@ frame_needed = 0, uses_anonymous_args = 0
  52              		@ link register save eliminated.
  51:Core/Src/syscalls.c **** 	return 1;
  53              		.loc 1 51 2 view .LVU3
  52:Core/Src/syscalls.c **** }
  54              		.loc 1 52 1 is_stmt 0 view .LVU4
  55 0000 0120     		movs	r0, #1
  56              		@ sp needed
  57 0002 7047     		bx	lr
  58              		.cfi_endproc
  59              	.LFE26:
  61              		.section	.text._kill,"ax",%progbits
  62              		.align	1
  63              		.global	_kill
  64              		.syntax unified
  65              		.code	16
  66              		.thumb_func
ARM GAS  C:\Users\MINIGU~1\AppData\Local\Temp\cc2TDKOl.s 			page 3


  67              		.fpu softvfp
  69              	_kill:
  70              	.LVL0:
  71              	.LFB27:
  53:Core/Src/syscalls.c **** 
  54:Core/Src/syscalls.c **** int _kill(int pid, int sig)
  55:Core/Src/syscalls.c **** {
  72              		.loc 1 55 1 is_stmt 1 view -0
  73              		.cfi_startproc
  74              		@ args = 0, pretend = 0, frame = 0
  75              		@ frame_needed = 0, uses_anonymous_args = 0
  76              		.loc 1 55 1 is_stmt 0 view .LVU6
  77 0000 10B5     		push	{r4, lr}
  78              	.LCFI0:
  79              		.cfi_def_cfa_offset 8
  80              		.cfi_offset 4, -8
  81              		.cfi_offset 14, -4
  56:Core/Src/syscalls.c **** 	errno = EINVAL;
  82              		.loc 1 56 2 is_stmt 1 view .LVU7
  83 0002 FFF7FEFF 		bl	__errno
  84              	.LVL1:
  85              		.loc 1 56 8 is_stmt 0 view .LVU8
  86 0006 1623     		movs	r3, #22
  87 0008 0360     		str	r3, [r0]
  57:Core/Src/syscalls.c **** 	return -1;
  88              		.loc 1 57 2 is_stmt 1 view .LVU9
  89              		.loc 1 57 9 is_stmt 0 view .LVU10
  90 000a 0120     		movs	r0, #1
  58:Core/Src/syscalls.c **** }
  91              		.loc 1 58 1 view .LVU11
  92 000c 4042     		rsbs	r0, r0, #0
  93              		@ sp needed
  94 000e 10BD     		pop	{r4, pc}
  95              		.cfi_endproc
  96              	.LFE27:
  98              		.section	.text._exit,"ax",%progbits
  99              		.align	1
 100              		.global	_exit
 101              		.syntax unified
 102              		.code	16
 103              		.thumb_func
 104              		.fpu softvfp
 106              	_exit:
 107              	.LVL2:
 108              	.LFB28:
  59:Core/Src/syscalls.c **** 
  60:Core/Src/syscalls.c **** void _exit (int status)
  61:Core/Src/syscalls.c **** {
 109              		.loc 1 61 1 is_stmt 1 view -0
 110              		.cfi_startproc
 111              		@ Volatile: function does not return.
 112              		@ args = 0, pretend = 0, frame = 0
 113              		@ frame_needed = 0, uses_anonymous_args = 0
 114              		.loc 1 61 1 is_stmt 0 view .LVU13
 115 0000 10B5     		push	{r4, lr}
 116              	.LCFI1:
 117              		.cfi_def_cfa_offset 8
ARM GAS  C:\Users\MINIGU~1\AppData\Local\Temp\cc2TDKOl.s 			page 4


 118              		.cfi_offset 4, -8
 119              		.cfi_offset 14, -4
  62:Core/Src/syscalls.c **** 	_kill(status, -1);
 120              		.loc 1 62 2 is_stmt 1 view .LVU14
 121 0002 0121     		movs	r1, #1
 122 0004 4942     		rsbs	r1, r1, #0
 123 0006 FFF7FEFF 		bl	_kill
 124              	.LVL3:
 125              	.L5:
  63:Core/Src/syscalls.c **** 	while (1) {}		/* Make sure we hang here */
 126              		.loc 1 63 2 discriminator 1 view .LVU15
 127              		.loc 1 63 13 discriminator 1 view .LVU16
 128              		.loc 1 63 8 discriminator 1 view .LVU17
 129 000a FEE7     		b	.L5
 130              		.cfi_endproc
 131              	.LFE28:
 133              		.section	.text._read,"ax",%progbits
 134              		.align	1
 135              		.weak	_read
 136              		.syntax unified
 137              		.code	16
 138              		.thumb_func
 139              		.fpu softvfp
 141              	_read:
 142              	.LVL4:
 143              	.LFB29:
  64:Core/Src/syscalls.c **** }
  65:Core/Src/syscalls.c **** 
  66:Core/Src/syscalls.c **** __attribute__((weak)) int _read(int file, char *ptr, int len)
  67:Core/Src/syscalls.c **** {
 144              		.loc 1 67 1 view -0
 145              		.cfi_startproc
 146              		@ args = 0, pretend = 0, frame = 0
 147              		@ frame_needed = 0, uses_anonymous_args = 0
 148              		.loc 1 67 1 is_stmt 0 view .LVU19
 149 0000 70B5     		push	{r4, r5, r6, lr}
 150              	.LCFI2:
 151              		.cfi_def_cfa_offset 16
 152              		.cfi_offset 4, -16
 153              		.cfi_offset 5, -12
 154              		.cfi_offset 6, -8
 155              		.cfi_offset 14, -4
 156 0002 0C00     		movs	r4, r1
 157 0004 1600     		movs	r6, r2
  68:Core/Src/syscalls.c **** 	int DataIdx;
 158              		.loc 1 68 2 is_stmt 1 view .LVU20
  69:Core/Src/syscalls.c **** 
  70:Core/Src/syscalls.c **** 	for (DataIdx = 0; DataIdx < len; DataIdx++)
 159              		.loc 1 70 2 view .LVU21
 160              	.LVL5:
 161              		.loc 1 70 15 is_stmt 0 view .LVU22
 162 0006 0025     		movs	r5, #0
 163              		.loc 1 70 2 view .LVU23
 164 0008 04E0     		b	.L7
 165              	.LVL6:
 166              	.L8:
  71:Core/Src/syscalls.c **** 	{
ARM GAS  C:\Users\MINIGU~1\AppData\Local\Temp\cc2TDKOl.s 			page 5


  72:Core/Src/syscalls.c **** 		*ptr++ = __io_getchar();
 167              		.loc 1 72 3 is_stmt 1 discriminator 3 view .LVU24
 168              		.loc 1 72 12 is_stmt 0 discriminator 3 view .LVU25
 169 000a FFF7FEFF 		bl	__io_getchar
 170              	.LVL7:
 171              		.loc 1 72 10 discriminator 3 view .LVU26
 172 000e 2070     		strb	r0, [r4]
  70:Core/Src/syscalls.c **** 	{
 173              		.loc 1 70 35 is_stmt 1 discriminator 3 view .LVU27
  70:Core/Src/syscalls.c **** 	{
 174              		.loc 1 70 42 is_stmt 0 discriminator 3 view .LVU28
 175 0010 0135     		adds	r5, r5, #1
 176              	.LVL8:
 177              		.loc 1 72 7 discriminator 3 view .LVU29
 178 0012 0134     		adds	r4, r4, #1
 179              	.LVL9:
 180              	.L7:
  70:Core/Src/syscalls.c **** 	{
 181              		.loc 1 70 20 is_stmt 1 discriminator 1 view .LVU30
  70:Core/Src/syscalls.c **** 	{
 182              		.loc 1 70 2 is_stmt 0 discriminator 1 view .LVU31
 183 0014 B542     		cmp	r5, r6
 184 0016 F8DB     		blt	.L8
  73:Core/Src/syscalls.c **** 	}
  74:Core/Src/syscalls.c **** 
  75:Core/Src/syscalls.c **** return len;
 185              		.loc 1 75 1 is_stmt 1 view .LVU32
  76:Core/Src/syscalls.c **** }
 186              		.loc 1 76 1 is_stmt 0 view .LVU33
 187 0018 3000     		movs	r0, r6
 188              		@ sp needed
 189              	.LVL10:
 190              	.LVL11:
 191              	.LVL12:
 192              		.loc 1 76 1 view .LVU34
 193 001a 70BD     		pop	{r4, r5, r6, pc}
 194              		.cfi_endproc
 195              	.LFE29:
 197              		.section	.text._write,"ax",%progbits
 198              		.align	1
 199              		.weak	_write
 200              		.syntax unified
 201              		.code	16
 202              		.thumb_func
 203              		.fpu softvfp
 205              	_write:
 206              	.LVL13:
 207              	.LFB30:
  77:Core/Src/syscalls.c **** 
  78:Core/Src/syscalls.c **** __attribute__((weak)) int _write(int file, char *ptr, int len)
  79:Core/Src/syscalls.c **** {
 208              		.loc 1 79 1 is_stmt 1 view -0
 209              		.cfi_startproc
 210              		@ args = 0, pretend = 0, frame = 0
 211              		@ frame_needed = 0, uses_anonymous_args = 0
 212              		.loc 1 79 1 is_stmt 0 view .LVU36
 213 0000 70B5     		push	{r4, r5, r6, lr}
ARM GAS  C:\Users\MINIGU~1\AppData\Local\Temp\cc2TDKOl.s 			page 6


 214              	.LCFI3:
 215              		.cfi_def_cfa_offset 16
 216              		.cfi_offset 4, -16
 217              		.cfi_offset 5, -12
 218              		.cfi_offset 6, -8
 219              		.cfi_offset 14, -4
 220 0002 1600     		movs	r6, r2
  80:Core/Src/syscalls.c **** 	int DataIdx;
 221              		.loc 1 80 2 is_stmt 1 view .LVU37
  81:Core/Src/syscalls.c **** 
  82:Core/Src/syscalls.c **** 	for (DataIdx = 0; DataIdx < len; DataIdx++)
 222              		.loc 1 82 2 view .LVU38
 223              	.LVL14:
 224              		.loc 1 82 15 is_stmt 0 view .LVU39
 225 0004 0024     		movs	r4, #0
 226              		.loc 1 82 2 view .LVU40
 227 0006 05E0     		b	.L10
 228              	.LVL15:
 229              	.L11:
  83:Core/Src/syscalls.c **** 	{
  84:Core/Src/syscalls.c **** 		__io_putchar(*ptr++);
 230              		.loc 1 84 3 is_stmt 1 discriminator 3 view .LVU41
 231              		.loc 1 84 20 is_stmt 0 discriminator 3 view .LVU42
 232 0008 4D1C     		adds	r5, r1, #1
 233              	.LVL16:
 234              		.loc 1 84 16 discriminator 3 view .LVU43
 235 000a 0878     		ldrb	r0, [r1]
 236              		.loc 1 84 3 discriminator 3 view .LVU44
 237 000c FFF7FEFF 		bl	__io_putchar
 238              	.LVL17:
  82:Core/Src/syscalls.c **** 	{
 239              		.loc 1 82 35 is_stmt 1 discriminator 3 view .LVU45
  82:Core/Src/syscalls.c **** 	{
 240              		.loc 1 82 42 is_stmt 0 discriminator 3 view .LVU46
 241 0010 0134     		adds	r4, r4, #1
 242              	.LVL18:
 243              		.loc 1 84 20 discriminator 3 view .LVU47
 244 0012 2900     		movs	r1, r5
 245              	.LVL19:
 246              	.L10:
  82:Core/Src/syscalls.c **** 	{
 247              		.loc 1 82 20 is_stmt 1 discriminator 1 view .LVU48
  82:Core/Src/syscalls.c **** 	{
 248              		.loc 1 82 2 is_stmt 0 discriminator 1 view .LVU49
 249 0014 B442     		cmp	r4, r6
 250 0016 F7DB     		blt	.L11
  85:Core/Src/syscalls.c **** 	}
  86:Core/Src/syscalls.c **** 	return len;
 251              		.loc 1 86 2 is_stmt 1 view .LVU50
  87:Core/Src/syscalls.c **** }
 252              		.loc 1 87 1 is_stmt 0 view .LVU51
 253 0018 3000     		movs	r0, r6
 254              		@ sp needed
 255              	.LVL20:
 256              	.LVL21:
 257              		.loc 1 87 1 view .LVU52
 258 001a 70BD     		pop	{r4, r5, r6, pc}
ARM GAS  C:\Users\MINIGU~1\AppData\Local\Temp\cc2TDKOl.s 			page 7


 259              		.cfi_endproc
 260              	.LFE30:
 262              		.section	.text._close,"ax",%progbits
 263              		.align	1
 264              		.global	_close
 265              		.syntax unified
 266              		.code	16
 267              		.thumb_func
 268              		.fpu softvfp
 270              	_close:
 271              	.LVL22:
 272              	.LFB31:
  88:Core/Src/syscalls.c **** 
  89:Core/Src/syscalls.c **** int _close(int file)
  90:Core/Src/syscalls.c **** {
 273              		.loc 1 90 1 is_stmt 1 view -0
 274              		.cfi_startproc
 275              		@ args = 0, pretend = 0, frame = 0
 276              		@ frame_needed = 0, uses_anonymous_args = 0
 277              		@ link register save eliminated.
  91:Core/Src/syscalls.c **** 	return -1;
 278              		.loc 1 91 2 view .LVU54
 279              		.loc 1 91 9 is_stmt 0 view .LVU55
 280 0000 0120     		movs	r0, #1
 281              	.LVL23:
  92:Core/Src/syscalls.c **** }
 282              		.loc 1 92 1 view .LVU56
 283 0002 4042     		rsbs	r0, r0, #0
 284              		@ sp needed
 285 0004 7047     		bx	lr
 286              		.cfi_endproc
 287              	.LFE31:
 289              		.section	.text._fstat,"ax",%progbits
 290              		.align	1
 291              		.global	_fstat
 292              		.syntax unified
 293              		.code	16
 294              		.thumb_func
 295              		.fpu softvfp
 297              	_fstat:
 298              	.LVL24:
 299              	.LFB32:
  93:Core/Src/syscalls.c **** 
  94:Core/Src/syscalls.c **** 
  95:Core/Src/syscalls.c **** int _fstat(int file, struct stat *st)
  96:Core/Src/syscalls.c **** {
 300              		.loc 1 96 1 is_stmt 1 view -0
 301              		.cfi_startproc
 302              		@ args = 0, pretend = 0, frame = 0
 303              		@ frame_needed = 0, uses_anonymous_args = 0
 304              		@ link register save eliminated.
  97:Core/Src/syscalls.c **** 	st->st_mode = S_IFCHR;
 305              		.loc 1 97 2 view .LVU58
 306              		.loc 1 97 14 is_stmt 0 view .LVU59
 307 0000 8023     		movs	r3, #128
 308 0002 9B01     		lsls	r3, r3, #6
 309 0004 4B60     		str	r3, [r1, #4]
ARM GAS  C:\Users\MINIGU~1\AppData\Local\Temp\cc2TDKOl.s 			page 8


  98:Core/Src/syscalls.c **** 	return 0;
 310              		.loc 1 98 2 is_stmt 1 view .LVU60
  99:Core/Src/syscalls.c **** }
 311              		.loc 1 99 1 is_stmt 0 view .LVU61
 312 0006 0020     		movs	r0, #0
 313              	.LVL25:
 314              		.loc 1 99 1 view .LVU62
 315              		@ sp needed
 316 0008 7047     		bx	lr
 317              		.cfi_endproc
 318              	.LFE32:
 320              		.section	.text._isatty,"ax",%progbits
 321              		.align	1
 322              		.global	_isatty
 323              		.syntax unified
 324              		.code	16
 325              		.thumb_func
 326              		.fpu softvfp
 328              	_isatty:
 329              	.LVL26:
 330              	.LFB33:
 100:Core/Src/syscalls.c **** 
 101:Core/Src/syscalls.c **** int _isatty(int file)
 102:Core/Src/syscalls.c **** {
 331              		.loc 1 102 1 is_stmt 1 view -0
 332              		.cfi_startproc
 333              		@ args = 0, pretend = 0, frame = 0
 334              		@ frame_needed = 0, uses_anonymous_args = 0
 335              		@ link register save eliminated.
 103:Core/Src/syscalls.c **** 	return 1;
 336              		.loc 1 103 2 view .LVU64
 104:Core/Src/syscalls.c **** }
 337              		.loc 1 104 1 is_stmt 0 view .LVU65
 338 0000 0120     		movs	r0, #1
 339              	.LVL27:
 340              		.loc 1 104 1 view .LVU66
 341              		@ sp needed
 342 0002 7047     		bx	lr
 343              		.cfi_endproc
 344              	.LFE33:
 346              		.section	.text._lseek,"ax",%progbits
 347              		.align	1
 348              		.global	_lseek
 349              		.syntax unified
 350              		.code	16
 351              		.thumb_func
 352              		.fpu softvfp
 354              	_lseek:
 355              	.LVL28:
 356              	.LFB34:
 105:Core/Src/syscalls.c **** 
 106:Core/Src/syscalls.c **** int _lseek(int file, int ptr, int dir)
 107:Core/Src/syscalls.c **** {
 357              		.loc 1 107 1 is_stmt 1 view -0
 358              		.cfi_startproc
 359              		@ args = 0, pretend = 0, frame = 0
 360              		@ frame_needed = 0, uses_anonymous_args = 0
ARM GAS  C:\Users\MINIGU~1\AppData\Local\Temp\cc2TDKOl.s 			page 9


 361              		@ link register save eliminated.
 108:Core/Src/syscalls.c **** 	return 0;
 362              		.loc 1 108 2 view .LVU68
 109:Core/Src/syscalls.c **** }
 363              		.loc 1 109 1 is_stmt 0 view .LVU69
 364 0000 0020     		movs	r0, #0
 365              	.LVL29:
 366              		.loc 1 109 1 view .LVU70
 367              		@ sp needed
 368 0002 7047     		bx	lr
 369              		.cfi_endproc
 370              	.LFE34:
 372              		.section	.text._open,"ax",%progbits
 373              		.align	1
 374              		.global	_open
 375              		.syntax unified
 376              		.code	16
 377              		.thumb_func
 378              		.fpu softvfp
 380              	_open:
 381              	.LVL30:
 382              	.LFB35:
 110:Core/Src/syscalls.c **** 
 111:Core/Src/syscalls.c **** int _open(char *path, int flags, ...)
 112:Core/Src/syscalls.c **** {
 383              		.loc 1 112 1 is_stmt 1 view -0
 384              		.cfi_startproc
 385              		@ args = 4, pretend = 12, frame = 0
 386              		@ frame_needed = 0, uses_anonymous_args = 1
 387              		@ link register save eliminated.
 388              		.loc 1 112 1 is_stmt 0 view .LVU72
 389 0000 0EB4     		push	{r1, r2, r3}
 390              	.LCFI4:
 391              		.cfi_def_cfa_offset 12
 113:Core/Src/syscalls.c **** 	/* Pretend like we always fail */
 114:Core/Src/syscalls.c **** 	return -1;
 392              		.loc 1 114 2 is_stmt 1 view .LVU73
 393              		.loc 1 114 9 is_stmt 0 view .LVU74
 394 0002 0120     		movs	r0, #1
 395              	.LVL31:
 115:Core/Src/syscalls.c **** }
 396              		.loc 1 115 1 view .LVU75
 397 0004 4042     		rsbs	r0, r0, #0
 398              		@ sp needed
 399 0006 03B0     		add	sp, sp, #12
 400 0008 7047     		bx	lr
 401              		.cfi_endproc
 402              	.LFE35:
 404              		.section	.text._wait,"ax",%progbits
 405              		.align	1
 406              		.global	_wait
 407              		.syntax unified
 408              		.code	16
 409              		.thumb_func
 410              		.fpu softvfp
 412              	_wait:
 413              	.LVL32:
ARM GAS  C:\Users\MINIGU~1\AppData\Local\Temp\cc2TDKOl.s 			page 10


 414              	.LFB36:
 116:Core/Src/syscalls.c **** 
 117:Core/Src/syscalls.c **** int _wait(int *status)
 118:Core/Src/syscalls.c **** {
 415              		.loc 1 118 1 is_stmt 1 view -0
 416              		.cfi_startproc
 417              		@ args = 0, pretend = 0, frame = 0
 418              		@ frame_needed = 0, uses_anonymous_args = 0
 419              		.loc 1 118 1 is_stmt 0 view .LVU77
 420 0000 10B5     		push	{r4, lr}
 421              	.LCFI5:
 422              		.cfi_def_cfa_offset 8
 423              		.cfi_offset 4, -8
 424              		.cfi_offset 14, -4
 119:Core/Src/syscalls.c **** 	errno = ECHILD;
 425              		.loc 1 119 2 is_stmt 1 view .LVU78
 426 0002 FFF7FEFF 		bl	__errno
 427              	.LVL33:
 428              		.loc 1 119 8 is_stmt 0 view .LVU79
 429 0006 0A23     		movs	r3, #10
 430 0008 0360     		str	r3, [r0]
 120:Core/Src/syscalls.c **** 	return -1;
 431              		.loc 1 120 2 is_stmt 1 view .LVU80
 432              		.loc 1 120 9 is_stmt 0 view .LVU81
 433 000a 0120     		movs	r0, #1
 121:Core/Src/syscalls.c **** }
 434              		.loc 1 121 1 view .LVU82
 435 000c 4042     		rsbs	r0, r0, #0
 436              		@ sp needed
 437 000e 10BD     		pop	{r4, pc}
 438              		.cfi_endproc
 439              	.LFE36:
 441              		.section	.text._unlink,"ax",%progbits
 442              		.align	1
 443              		.global	_unlink
 444              		.syntax unified
 445              		.code	16
 446              		.thumb_func
 447              		.fpu softvfp
 449              	_unlink:
 450              	.LVL34:
 451              	.LFB37:
 122:Core/Src/syscalls.c **** 
 123:Core/Src/syscalls.c **** int _unlink(char *name)
 124:Core/Src/syscalls.c **** {
 452              		.loc 1 124 1 is_stmt 1 view -0
 453              		.cfi_startproc
 454              		@ args = 0, pretend = 0, frame = 0
 455              		@ frame_needed = 0, uses_anonymous_args = 0
 456              		.loc 1 124 1 is_stmt 0 view .LVU84
 457 0000 10B5     		push	{r4, lr}
 458              	.LCFI6:
 459              		.cfi_def_cfa_offset 8
 460              		.cfi_offset 4, -8
 461              		.cfi_offset 14, -4
 125:Core/Src/syscalls.c **** 	errno = ENOENT;
 462              		.loc 1 125 2 is_stmt 1 view .LVU85
ARM GAS  C:\Users\MINIGU~1\AppData\Local\Temp\cc2TDKOl.s 			page 11


 463 0002 FFF7FEFF 		bl	__errno
 464              	.LVL35:
 465              		.loc 1 125 8 is_stmt 0 view .LVU86
 466 0006 0223     		movs	r3, #2
 467 0008 0360     		str	r3, [r0]
 126:Core/Src/syscalls.c **** 	return -1;
 468              		.loc 1 126 2 is_stmt 1 view .LVU87
 469              		.loc 1 126 9 is_stmt 0 view .LVU88
 470 000a 0120     		movs	r0, #1
 127:Core/Src/syscalls.c **** }
 471              		.loc 1 127 1 view .LVU89
 472 000c 4042     		rsbs	r0, r0, #0
 473              		@ sp needed
 474 000e 10BD     		pop	{r4, pc}
 475              		.cfi_endproc
 476              	.LFE37:
 478              		.section	.text._times,"ax",%progbits
 479              		.align	1
 480              		.global	_times
 481              		.syntax unified
 482              		.code	16
 483              		.thumb_func
 484              		.fpu softvfp
 486              	_times:
 487              	.LVL36:
 488              	.LFB38:
 128:Core/Src/syscalls.c **** 
 129:Core/Src/syscalls.c **** int _times(struct tms *buf)
 130:Core/Src/syscalls.c **** {
 489              		.loc 1 130 1 is_stmt 1 view -0
 490              		.cfi_startproc
 491              		@ args = 0, pretend = 0, frame = 0
 492              		@ frame_needed = 0, uses_anonymous_args = 0
 493              		@ link register save eliminated.
 131:Core/Src/syscalls.c **** 	return -1;
 494              		.loc 1 131 2 view .LVU91
 495              		.loc 1 131 9 is_stmt 0 view .LVU92
 496 0000 0120     		movs	r0, #1
 497              	.LVL37:
 132:Core/Src/syscalls.c **** }
 498              		.loc 1 132 1 view .LVU93
 499 0002 4042     		rsbs	r0, r0, #0
 500              		@ sp needed
 501 0004 7047     		bx	lr
 502              		.cfi_endproc
 503              	.LFE38:
 505              		.section	.text._stat,"ax",%progbits
 506              		.align	1
 507              		.global	_stat
 508              		.syntax unified
 509              		.code	16
 510              		.thumb_func
 511              		.fpu softvfp
 513              	_stat:
 514              	.LVL38:
 515              	.LFB39:
 133:Core/Src/syscalls.c **** 
ARM GAS  C:\Users\MINIGU~1\AppData\Local\Temp\cc2TDKOl.s 			page 12


 134:Core/Src/syscalls.c **** int _stat(char *file, struct stat *st)
 135:Core/Src/syscalls.c **** {
 516              		.loc 1 135 1 is_stmt 1 view -0
 517              		.cfi_startproc
 518              		@ args = 0, pretend = 0, frame = 0
 519              		@ frame_needed = 0, uses_anonymous_args = 0
 520              		@ link register save eliminated.
 136:Core/Src/syscalls.c **** 	st->st_mode = S_IFCHR;
 521              		.loc 1 136 2 view .LVU95
 522              		.loc 1 136 14 is_stmt 0 view .LVU96
 523 0000 8023     		movs	r3, #128
 524 0002 9B01     		lsls	r3, r3, #6
 525 0004 4B60     		str	r3, [r1, #4]
 137:Core/Src/syscalls.c **** 	return 0;
 526              		.loc 1 137 2 is_stmt 1 view .LVU97
 138:Core/Src/syscalls.c **** }
 527              		.loc 1 138 1 is_stmt 0 view .LVU98
 528 0006 0020     		movs	r0, #0
 529              	.LVL39:
 530              		.loc 1 138 1 view .LVU99
 531              		@ sp needed
 532 0008 7047     		bx	lr
 533              		.cfi_endproc
 534              	.LFE39:
 536              		.section	.text._link,"ax",%progbits
 537              		.align	1
 538              		.global	_link
 539              		.syntax unified
 540              		.code	16
 541              		.thumb_func
 542              		.fpu softvfp
 544              	_link:
 545              	.LVL40:
 546              	.LFB40:
 139:Core/Src/syscalls.c **** 
 140:Core/Src/syscalls.c **** int _link(char *old, char *new)
 141:Core/Src/syscalls.c **** {
 547              		.loc 1 141 1 is_stmt 1 view -0
 548              		.cfi_startproc
 549              		@ args = 0, pretend = 0, frame = 0
 550              		@ frame_needed = 0, uses_anonymous_args = 0
 551              		.loc 1 141 1 is_stmt 0 view .LVU101
 552 0000 10B5     		push	{r4, lr}
 553              	.LCFI7:
 554              		.cfi_def_cfa_offset 8
 555              		.cfi_offset 4, -8
 556              		.cfi_offset 14, -4
 142:Core/Src/syscalls.c **** 	errno = EMLINK;
 557              		.loc 1 142 2 is_stmt 1 view .LVU102
 558 0002 FFF7FEFF 		bl	__errno
 559              	.LVL41:
 560              		.loc 1 142 8 is_stmt 0 view .LVU103
 561 0006 1F23     		movs	r3, #31
 562 0008 0360     		str	r3, [r0]
 143:Core/Src/syscalls.c **** 	return -1;
 563              		.loc 1 143 2 is_stmt 1 view .LVU104
 564              		.loc 1 143 9 is_stmt 0 view .LVU105
ARM GAS  C:\Users\MINIGU~1\AppData\Local\Temp\cc2TDKOl.s 			page 13


 565 000a 0120     		movs	r0, #1
 144:Core/Src/syscalls.c **** }
 566              		.loc 1 144 1 view .LVU106
 567 000c 4042     		rsbs	r0, r0, #0
 568              		@ sp needed
 569 000e 10BD     		pop	{r4, pc}
 570              		.cfi_endproc
 571              	.LFE40:
 573              		.section	.text._fork,"ax",%progbits
 574              		.align	1
 575              		.global	_fork
 576              		.syntax unified
 577              		.code	16
 578              		.thumb_func
 579              		.fpu softvfp
 581              	_fork:
 582              	.LFB41:
 145:Core/Src/syscalls.c **** 
 146:Core/Src/syscalls.c **** int _fork(void)
 147:Core/Src/syscalls.c **** {
 583              		.loc 1 147 1 is_stmt 1 view -0
 584              		.cfi_startproc
 585              		@ args = 0, pretend = 0, frame = 0
 586              		@ frame_needed = 0, uses_anonymous_args = 0
 587 0000 10B5     		push	{r4, lr}
 588              	.LCFI8:
 589              		.cfi_def_cfa_offset 8
 590              		.cfi_offset 4, -8
 591              		.cfi_offset 14, -4
 148:Core/Src/syscalls.c **** 	errno = EAGAIN;
 592              		.loc 1 148 2 view .LVU108
 593 0002 FFF7FEFF 		bl	__errno
 594              	.LVL42:
 595              		.loc 1 148 8 is_stmt 0 view .LVU109
 596 0006 0B23     		movs	r3, #11
 597 0008 0360     		str	r3, [r0]
 149:Core/Src/syscalls.c **** 	return -1;
 598              		.loc 1 149 2 is_stmt 1 view .LVU110
 599              		.loc 1 149 9 is_stmt 0 view .LVU111
 600 000a 0120     		movs	r0, #1
 150:Core/Src/syscalls.c **** }
 601              		.loc 1 150 1 view .LVU112
 602 000c 4042     		rsbs	r0, r0, #0
 603              		@ sp needed
 604 000e 10BD     		pop	{r4, pc}
 605              		.cfi_endproc
 606              	.LFE41:
 608              		.section	.text._execve,"ax",%progbits
 609              		.align	1
 610              		.global	_execve
 611              		.syntax unified
 612              		.code	16
 613              		.thumb_func
 614              		.fpu softvfp
 616              	_execve:
 617              	.LVL43:
 618              	.LFB42:
ARM GAS  C:\Users\MINIGU~1\AppData\Local\Temp\cc2TDKOl.s 			page 14


 151:Core/Src/syscalls.c **** 
 152:Core/Src/syscalls.c **** int _execve(char *name, char **argv, char **env)
 153:Core/Src/syscalls.c **** {
 619              		.loc 1 153 1 is_stmt 1 view -0
 620              		.cfi_startproc
 621              		@ args = 0, pretend = 0, frame = 0
 622              		@ frame_needed = 0, uses_anonymous_args = 0
 623              		.loc 1 153 1 is_stmt 0 view .LVU114
 624 0000 10B5     		push	{r4, lr}
 625              	.LCFI9:
 626              		.cfi_def_cfa_offset 8
 627              		.cfi_offset 4, -8
 628              		.cfi_offset 14, -4
 154:Core/Src/syscalls.c **** 	errno = ENOMEM;
 629              		.loc 1 154 2 is_stmt 1 view .LVU115
 630 0002 FFF7FEFF 		bl	__errno
 631              	.LVL44:
 632              		.loc 1 154 8 is_stmt 0 view .LVU116
 633 0006 0C23     		movs	r3, #12
 634 0008 0360     		str	r3, [r0]
 155:Core/Src/syscalls.c **** 	return -1;
 635              		.loc 1 155 2 is_stmt 1 view .LVU117
 636              		.loc 1 155 9 is_stmt 0 view .LVU118
 637 000a 0120     		movs	r0, #1
 156:Core/Src/syscalls.c **** }
 638              		.loc 1 156 1 view .LVU119
 639 000c 4042     		rsbs	r0, r0, #0
 640              		@ sp needed
 641 000e 10BD     		pop	{r4, pc}
 642              		.cfi_endproc
 643              	.LFE42:
 645              		.global	environ
 646              		.global	__env
 647              		.section	.bss.__env,"aw",%nobits
 648              		.align	2
 651              	__env:
 652 0000 00000000 		.space	4
 653              		.section	.data.environ,"aw"
 654              		.align	2
 657              	environ:
 658 0000 00000000 		.word	__env
 659              		.weak	__io_putchar
 660              		.weak	__io_getchar
 661              		.text
 662              	.Letext0:
 663              		.file 2 "c:\\program files (x86)\\gnu arm embedded toolchain\\10 2020-q4-major\\arm-none-eabi\\inc
 664              		.file 3 "c:\\program files (x86)\\gnu arm embedded toolchain\\10 2020-q4-major\\arm-none-eabi\\inc
 665              		.file 4 "c:\\program files (x86)\\gnu arm embedded toolchain\\10 2020-q4-major\\arm-none-eabi\\inc
 666              		.file 5 "c:\\program files (x86)\\gnu arm embedded toolchain\\10 2020-q4-major\\arm-none-eabi\\inc
 667              		.file 6 "c:\\program files (x86)\\gnu arm embedded toolchain\\10 2020-q4-major\\arm-none-eabi\\inc
 668              		.file 7 "c:\\program files (x86)\\gnu arm embedded toolchain\\10 2020-q4-major\\arm-none-eabi\\inc
 669              		.file 8 "c:\\program files (x86)\\gnu arm embedded toolchain\\10 2020-q4-major\\arm-none-eabi\\inc
 670              		.file 9 "c:\\program files (x86)\\gnu arm embedded toolchain\\10 2020-q4-major\\arm-none-eabi\\inc
ARM GAS  C:\Users\MINIGU~1\AppData\Local\Temp\cc2TDKOl.s 			page 15


DEFINED SYMBOLS
                            *ABS*:00000000 syscalls.c
C:\Users\MINIGU~1\AppData\Local\Temp\cc2TDKOl.s:16     .text.initialise_monitor_handles:00000000 $t
C:\Users\MINIGU~1\AppData\Local\Temp\cc2TDKOl.s:24     .text.initialise_monitor_handles:00000000 initialise_monitor_handles
C:\Users\MINIGU~1\AppData\Local\Temp\cc2TDKOl.s:39     .text._getpid:00000000 $t
C:\Users\MINIGU~1\AppData\Local\Temp\cc2TDKOl.s:46     .text._getpid:00000000 _getpid
C:\Users\MINIGU~1\AppData\Local\Temp\cc2TDKOl.s:62     .text._kill:00000000 $t
C:\Users\MINIGU~1\AppData\Local\Temp\cc2TDKOl.s:69     .text._kill:00000000 _kill
C:\Users\MINIGU~1\AppData\Local\Temp\cc2TDKOl.s:99     .text._exit:00000000 $t
C:\Users\MINIGU~1\AppData\Local\Temp\cc2TDKOl.s:106    .text._exit:00000000 _exit
C:\Users\MINIGU~1\AppData\Local\Temp\cc2TDKOl.s:134    .text._read:00000000 $t
C:\Users\MINIGU~1\AppData\Local\Temp\cc2TDKOl.s:141    .text._read:00000000 _read
C:\Users\MINIGU~1\AppData\Local\Temp\cc2TDKOl.s:198    .text._write:00000000 $t
C:\Users\MINIGU~1\AppData\Local\Temp\cc2TDKOl.s:205    .text._write:00000000 _write
C:\Users\MINIGU~1\AppData\Local\Temp\cc2TDKOl.s:263    .text._close:00000000 $t
C:\Users\MINIGU~1\AppData\Local\Temp\cc2TDKOl.s:270    .text._close:00000000 _close
C:\Users\MINIGU~1\AppData\Local\Temp\cc2TDKOl.s:290    .text._fstat:00000000 $t
C:\Users\MINIGU~1\AppData\Local\Temp\cc2TDKOl.s:297    .text._fstat:00000000 _fstat
C:\Users\MINIGU~1\AppData\Local\Temp\cc2TDKOl.s:321    .text._isatty:00000000 $t
C:\Users\MINIGU~1\AppData\Local\Temp\cc2TDKOl.s:328    .text._isatty:00000000 _isatty
C:\Users\MINIGU~1\AppData\Local\Temp\cc2TDKOl.s:347    .text._lseek:00000000 $t
C:\Users\MINIGU~1\AppData\Local\Temp\cc2TDKOl.s:354    .text._lseek:00000000 _lseek
C:\Users\MINIGU~1\AppData\Local\Temp\cc2TDKOl.s:373    .text._open:00000000 $t
C:\Users\MINIGU~1\AppData\Local\Temp\cc2TDKOl.s:380    .text._open:00000000 _open
C:\Users\MINIGU~1\AppData\Local\Temp\cc2TDKOl.s:405    .text._wait:00000000 $t
C:\Users\MINIGU~1\AppData\Local\Temp\cc2TDKOl.s:412    .text._wait:00000000 _wait
C:\Users\MINIGU~1\AppData\Local\Temp\cc2TDKOl.s:442    .text._unlink:00000000 $t
C:\Users\MINIGU~1\AppData\Local\Temp\cc2TDKOl.s:449    .text._unlink:00000000 _unlink
C:\Users\MINIGU~1\AppData\Local\Temp\cc2TDKOl.s:479    .text._times:00000000 $t
C:\Users\MINIGU~1\AppData\Local\Temp\cc2TDKOl.s:486    .text._times:00000000 _times
C:\Users\MINIGU~1\AppData\Local\Temp\cc2TDKOl.s:506    .text._stat:00000000 $t
C:\Users\MINIGU~1\AppData\Local\Temp\cc2TDKOl.s:513    .text._stat:00000000 _stat
C:\Users\MINIGU~1\AppData\Local\Temp\cc2TDKOl.s:537    .text._link:00000000 $t
C:\Users\MINIGU~1\AppData\Local\Temp\cc2TDKOl.s:544    .text._link:00000000 _link
C:\Users\MINIGU~1\AppData\Local\Temp\cc2TDKOl.s:574    .text._fork:00000000 $t
C:\Users\MINIGU~1\AppData\Local\Temp\cc2TDKOl.s:581    .text._fork:00000000 _fork
C:\Users\MINIGU~1\AppData\Local\Temp\cc2TDKOl.s:609    .text._execve:00000000 $t
C:\Users\MINIGU~1\AppData\Local\Temp\cc2TDKOl.s:616    .text._execve:00000000 _execve
C:\Users\MINIGU~1\AppData\Local\Temp\cc2TDKOl.s:657    .data.environ:00000000 environ
C:\Users\MINIGU~1\AppData\Local\Temp\cc2TDKOl.s:651    .bss.__env:00000000 __env
C:\Users\MINIGU~1\AppData\Local\Temp\cc2TDKOl.s:648    .bss.__env:00000000 $d
C:\Users\MINIGU~1\AppData\Local\Temp\cc2TDKOl.s:654    .data.environ:00000000 $d

UNDEFINED SYMBOLS
__errno
__io_getchar
__io_putchar
