make.exe all --print-data-base --no-builtin-variables --no-builtin-rules --question
# GNU Make 3.81
# Copyright (C) 2006  Free Software Foundation, Inc.
# This is free software; see the source for copying conditions.
# There is NO warranty; not even for MERCHANTABILITY or FITNESS FOR A
# PARTICULAR PURPOSE.

# This program built for i386-pc-mingw32
 

# Make data base, printed on Sun Apr 18 20:48:37 2021

# Variables

# automatic
<D = $(patsubst %/,%,$(dir $<))
# automatic
?F = $(notdir $?)
# environment
CommonProgramFiles = C:\Program Files (x86)\Common Files
# environment
OculusBase = C:\Program Files\Oculus\
# makefile (from `makefile', line 141)
LDSCRIPT = STM32F070C6Tx_FLASH.ld
# makefile
MAKEFLAGS = Rrqp
# environment
VSCODE_LOG_NATIVE = false
# environment
UGII_3DCONNEXION_DIR32 = C:\Program Files\3Dconnexion\3DxWare\3DxNX\ugii_dir32\
# makefile (from `makefile', line 16)
TARGET = bat_8_ut_reciver
# automatic
?D = $(patsubst %/,%,$(dir $?))
# environment
PLATFORMIO_IDE = 2.3.2
# makefile (from `makefile', line 103)
AS_DEFS = 
# makefile (from `makefile', line 112)
AS_INCLUDES = 
# automatic
@D = $(patsubst %/,%,$(dir $@))
# environment
HOMEDRIVE = C:
# automatic
@F = $(notdir $@)
# automatic
^D = $(patsubst %/,%,$(dir $^))
# makefile
CURDIR := c:/Users/minigubben/Documents/Utveckling_git/STM32/bat_8_ut_reciver
# default
SHELL := sh.exe
# makefile (from `makefile', line 84)
BIN = $(CP) -O binary -S
# environment
ProgramFiles(x86) = C:\Program Files (x86)
# environment
VSCODE_NLS_CONFIG = {"locale":"en-gb","availableLanguages":{},"_languagePackSupport":true}
# makefile (from `makefile', line 81)
SZ = $(PREFIX)size
# environment
VBOX_MSI_INSTALL_PATH = C:\Program Files\Oracle\VirtualBox\
# makefile (from `makefile', line 134)
CFLAGS = $(MCU) $(C_DEFS) $(C_INCLUDES) $(OPT) -Wall -fdata-sections -ffunction-sections -g -gdwarf-2 -MMD -MP -MF"$(@:%.o=%.d)"
# environment
MOSQUITTO_DIR = C:\Program Files\mosquitto
# environment
PATHEXT = .COM;.EXE;.BAT;.CMD;.VBS;.VBE;.JS;.JSE;.WSF;.WSH;.MSC
# makefile (from `build/system_stm32f0xx.d', line 1)
MAKEFILE_LIST :=  makefile build/main.d build/startup_stm32f070x6.d build/stm32f0xx_hal.d build/stm32f0xx_hal_cortex.d build/stm32f0xx_hal_dma.d build/stm32f0xx_hal_exti.d build/stm32f0xx_hal_flash.d build/stm32f0xx_hal_flash_ex.d build/stm32f0xx_hal_gpio.d build/stm32f0xx_hal_i2c.d build/stm32f0xx_hal_i2c_ex.d build/stm32f0xx_hal_msp.d build/stm32f0xx_hal_pwr.d build/stm32f0xx_hal_pwr_ex.d build/stm32f0xx_hal_rcc.d build/stm32f0xx_hal_rcc_ex.d build/stm32f0xx_hal_tim.d build/stm32f0xx_hal_tim_ex.d build/stm32f0xx_hal_uart.d build/stm32f0xx_hal_uart_ex.d build/stm32f0xx_it.d build/syscalls.d build/sysmem.d build/system_stm32f0xx.d
# environment
SystemRoot = C:\WINDOWS
# makefile (from `makefile', line 80)
CP = $(PREFIX)objcopy
# environment
VSCODE_NODE_CACHED_DATA_DIR = C:\Users\minigubben\AppData\Roaming\Code\CachedData\3c4 
e3df9e89829dce27b7b5c24508306b151f30d
# makefile (from `makefile', line 23)
DEBUG = 1
# environment
TMP = C:\Users\MINIGU~1\AppData\Local\Temp
# environment
VSCODE_VERBOSE_LOGGING = true
# makefile (from `makefile', line 79)
AS = $(PREFIX)gcc -x assembler-with-cpp
# environment
SystemDrive = C:
# environment
CommonProgramFiles(x86) = C:\Program Files (x86)\Common Files
# environment
VSCODE_IPC_HOOK_EXTHOST = \\.\pipe\vscode-ipc-9e6e1c44-4bd2-4f9c-9ce7-edaa69fdab72-sock
# environment
VSCODE_CWD = C:\Users\minigubben\AppData\Local\Programs\Microsoft VS Code
# environment
UGII_3DCONNEXION_DIR = C:\Program Files\3Dconnexion\3DxWare\3DxNX\ugii_dir\
# environment
NO_PROXY = 127.0.0.1
# environment
PROCESSOR_ARCHITECTURE = x86
# environment
USERPROFILE = C:\Users\minigubben
# environment
ALLUSERSPROFILE = C:\ProgramData
# environment
ComSpec = C:\WINDOWS\system32\cmd.exe
# environment
VSCODE_LOG_STACK = false
# environment
NUMBER_OF_PROCESSORS = 16
# environment
ELECTRON_RUN_AS_NODE = 1
# makefile (from `makefile', line 146)
LDFLAGS = $(MCU) -specs=nano.specs -T$(LDSCRIPT) $(LIBDIR) $(LIBS) -Wl,-Map=$(BUILD_DIR)/$(TARGET).map,--cref -Wl,--gc-sections
# default
.FEATURES := target-specific order-only second-expansion else-if archives
# environment
ProgramW6432 = C:\Program Files
# automatic
%F = $(notdir $%)
# environment
CHROME_CRASHPAD_PIPE_NAME = \\.\pipe\crashpad_19680_IGPDBSORWCIQDCBK
# environment
SVN_SSH = C:\Program Files\PuTTY\plink.exe
# makefile (from `makefile', line 62)
ASM_SOURCES = startup_stm32f070x6.s
# makefile (from `makefile', line 25)
OPT = -Og
# environment
VSCODE_PIPE_LOGGING = true
# environment
COMPUTERNAME = DESKTOP-F9H2G86
# environment
ORIGINAL_XDG_CURRENT_DESKTOP = undefined
# environment
USERNAME = minigubben
# environment
PUBLIC = C:\Users\Public
# environment
VSCODE_AMD_ENTRYPOINT = vs/workbench/services/extensions/node/extensionHostProcess
# makefile (from `makefile', line 106)
C_DEFS = -DUSE_HAL_DRIVER -DSTM32F070x6
# environment
CommonProgramW6432 = C:\Program Files\Common Files
# environment
ProgramData = C:\ProgramData
# environment
APPLICATION_INSIGHTS_NO_DIAGNOSTIC_CHANNEL = true
# environment
LOGONSERVER = \\DESKTOP-F9H2G86
# makefile (from `makefile', line 69)
PREFIX = arm-none-eabi-
# environment
VSCODE_HANDLES_UNCAUGHT_ERRORS = true
# environment
USERDOMAIN = DESKTOP-F9H2G86
# environment
DEVKITPRO = /opt/devkitpro
# makefile (from `makefile', line 99)
MCU = $(CPU) -mthumb $(FPU) $(FLOAT-ABI)
# environment
PLATFORMIO_PATH = C:\Users\minigubben\.platformio\python3;C:\Program Files (x86)\Common Files\Intel\Shared Libraries\redist\intel64_win\compiler;C:\Program Files (x86)\VMware\VMware Player\bin\;C:\Program Files (x86)\Common Files\Oracle\Java\javapath;C:\Program Files\Oculus\Support\oculus-runtime;C:\Windows\system32;C:\Windows;C:\Windows\System32\Wbem;C:\Windows\System32\WindowsPowerShell\v1.0\;C:\Windows\System32\OpenSSH\;C:\PATH;C:\Users\minigubben\AppData\Local\Programs\Python\Python38-32;C:\win-builds\bin;C:\Program Files\PuTTY\;C:\Program Files\mosquitto;C:\Program Files\Calibre2\;C:\Program Files (x86)\NVIDIA Corporation\PhysX\Common;C:\Program Files\NVIDIA Corporation\NVIDIA NvDLISR;C:\Users\minigubben\AppData\Local\Programs\Python\Python38-32\Scripts;C:\Program Files\dotnet\;C:\Program Files (x86)\dotnet\;C:\Program Files (x86)\Gpg4win\..\GnuPG\bin;C:\Program Files\nodejs\;C:\Program Files\Git\cmd;C:\WINDOWS\system32;C:\WINDOWS;C:\WINDOWS\System32\Wbem;C:\WINDOWS\System32\WindowsPowerShell\v1.0\;C:\WINDOWS\System32\OpenSSH\;C:\Program Files (x86)\GnuWin32\bin;C:\Program Files (x86)\GNU Arm Embedded Toolchain\10 2020-q4-major\bin;C:\Users\minigubben\AppData\Local\Microsoft\WindowsApps;C:\Users\minigubben\AppData\Local\Programs\Microsoft VS Code\bin;C:\Users\minigubben\AppData\Roaming\npm;;C:\Program Files (x86)\Common Files\Intel\Shared Libraries\redist\intel64_win\compiler;C:\Program Files (x86)\VMware\VMware Player\bin\;C:\Program Files (x86)\Common Files\Oracle\Java\javapath;C:\Program Files\Oculus\Support\oculus-runtime;C:\Windows\system32;C:\Windows;C:\Windows\System32\Wbem;C:\Windows\System32\WindowsPowerShell\v1.0\;C:\Windows\System32\OpenSSH\;C:\PATH;C:\Users\minigubben\AppData\Local\Programs\Python\Python38-32;C:\win-builds\bin;C:\Program Files\PuTTY\;C:\Program Files\mosquitto;C:\Program Files\Calibre2\;C:\Program Files (x86)\NVIDIA Corporation\PhysX\Common;C:\Program Files\NVIDIA Corporation\NVIDIA NvDLISR;C:\Users\minigubben\AppData\Local\Programs\Python\Python38-32\Scripts;C:\Program Files\dotnet\;C:\Program Files (x86)\dotnet\;C:\Program Files (x86)\Gpg4win\..\GnuPG 
\bin;C:\Program Files\nodejs\;C:\Program Files\Git\cmd;C:\WINDOWS\system32;C:\WINDOWS;C:\WINDOWS\System32\Wbem;C:\WINDOWS\System32\WindowsPowerShell\v1.0\;C:\WINDOWS\System32\OpenSSH\;C:\Program Files (x86)\GnuWin32\bin;C:\Program Files (x86)\GNU Arm Embedded Toolchain\10 2020-q4-major\bin;C:\Users\minigubben\AppData\Local\Microsoft\WindowsApps;C:\Users\minigubben\AppData\Local\Programs\Microsoft VS Code\bin;C:\Users\minigubben\AppData\Roaming\npm;
# default
MAKE = $(MAKE_COMMAND)
# default
MAKECMDGOALS := all
# environment
PATH = C:\Program Files (x86)\Common Files\Intel\Shared Libraries\redist\intel64_win\compiler;C:\Program Files (x86)\VMware\VMware Player\bin\;C:\Program Files (x86)\Common Files\Oracle\Java\javapath;C:\Program Files\Oculus\Support\oculus-runtime;C:\Windows\system32;C:\Windows;C:\Windows\System32\Wbem;C:\Windows\System32\WindowsPowerShell\v1.0\;C:\Windows\System32\OpenSSH\;C:\PATH;C:\Users\minigubben\AppData\Local\Programs\Python\Python38-32;C:\win-builds\bin;C:\Program Files\PuTTY\;C:\Program Files\mosquitto;C:\Program Files\Calibre2\;C:\Program Files (x86)\NVIDIA Corporation\PhysX\Common;C:\Program Files\NVIDIA Corporation\NVIDIA NvDLISR;C:\Users\minigubben\AppData\Local\Programs\Python\Python38-32\Scripts;C:\Program Files\dotnet\;C:\Program Files (x86)\dotnet\;C:\Program Files (x86)\Gpg4win\..\GnuPG\bin;C:\Program Files\nodejs\;C:\Program Files\Git\cmd;C:\WINDOWS\system32;C:\WINDOWS;C:\WINDOWS\System32\Wbem;C:\WINDOWS\System32\WindowsPowerShell\v1.0\;C:\WINDOWS\System32\OpenSSH\;C:\Program Files (x86)\GnuWin32\bin;C:\Program Files (x86)\GNU Arm Embedded Toolchain\10 2020-q4-major\bin;C:\Users\minigubben\AppData\Local\Microsoft\WindowsApps;C:\Users\minigubben\AppData\Local\Programs\Microsoft VS Code\bin;C:\Users\minigubben\AppData\Roaming\npm;
# environment
DEVKITARM = /opt/devkitpro/devkitARM
# makefile (from `makefile', line 83)
HEX = $(CP) -O ihex
# makefile (from `makefile', line 78)
CC = $(PREFIX)gcc
# makefile (from `makefile', line 32)
BUILD_DIR = build
# makefile (from `makefile', line 124)
ASFLAGS = $(MCU) $(AS_DEFS) $(AS_INCLUDES) $(OPT) -Wall -fdata-sections -ffunction-sections
# default
MAKE_VERSION := 3.81
# makefile
.DEFAULT_GOAL := all
# environment
OneDrive = C:\Users\minigubben\OneDrive
# automatic
%D = $(patsubst %/,%,$(dir $%))
# makefile (from `makefile', line 90)
CPU = -mcpu=cortex-m0
# environment
DriverData = C:\Windows\System32\Drivers\DriverData
# environment
LOCALAPPDATA = C:\Users\minigubben\AppData\Local
# default
MAKE_COMMAND := make.exe
# environment
PROCESSOR_ARCHITEW6432 = AMD64
# makefile (from `makefile', line 145)
LIBDIR = 
# environment
OneDriveConsumer = C:\Users\minigubben\OneDrive
# default
.VARIABLES := 
# automatic
*F = $(notdir $*)
# environment
PROCESSOR_IDENTIFIER = AMD64 Family 23 Model 113 Stepping 0, AuthenticAMD
# environment
OS = Windows_NT
# environment
VSCODE_IPC_HOOK = \\.\pipe\0f288b86b56c304fc3271ca897ad29a5-1.55.2-main-sock
# environment
HOMEPATH = \Users\minigubben
# environment
PROMPT = $P$G
# environment
MFLAGS = -Rrqp
# automatic
*D = $(patsubst %/,%,$(dir $*))
# environment
INTEL_DEV_REDIST = C:\Program Files (x86)\Common Files\Intel\Shared Libraries\
# environment
PSModulePath = C:\Program Files\WindowsPowerShell\Modules;C:\WINDOWS\system32\WindowsPowerShell\v1.0\Modules
# automatic
+D = $(patsubst %/,%,$(dir $+))
# environment
windir = C:\WINDOWS
# automatic
+F = $(notdir $+)
# default
SUFFIXES := 
# environment
APPDATA = C:\Users\minigubben\AppData\Roaming
# environment
TEMP = C:\Users\MINIGU~1\AppData\Local\Temp
# makefile (from `makefile', line 115)
C_INCLUDES = -ICore/Inc -IDrivers/STM32F0xx_HAL_Driver/Inc -IDrivers/STM32F0xx_HAL_Driver/Inc/Legacy -IDrivers/CMSIS/Device/ST/STM32F0xx/Include -IDrivers/CMSIS/Include
# environment
AMDRMPATH = C:\Program Files\AMD\RyzenMaster\
# default
MAKEFILES := 
# automatic
<F = $(notdir $<)
# environment
PLATFORMIO_CALLER = vscode
# environment
GIT_SSH = C:\Program Files\PuTTY\plink.exe
# makefile (from `makefile', line 144)
LIBS = -lc -lm -lnosys 
# automatic
^F = $(notdir $^)
# makefile (from `makefile', line 38)
C_SOURCES = Core/Src/main.c Core/Src/stm32f0xx_it.c Core/Src/stm32f0xx_hal_msp.c Drivers/STM32F0xx_HAL_Driver/Src/stm32f0xx_hal_tim.c Drivers/STM32F0xx_HAL_Driver/Src/stm32f0xx_hal_tim_ex.c Drivers/STM32F0xx_HAL_Driver/Src/stm32f0xx_hal_uart.c Drivers/STM32F0xx_HAL_Driver/Src/stm32f0xx_hal_uart_ex.c Drivers/STM32F0xx_HAL_Driver/Src/stm32f0xx_hal_rcc.c Drivers/STM32F0xx_HAL_Driver/Src/stm32f0xx_hal_rcc_ex.c Drivers/STM32F0xx_HAL_Driver/Src/stm32f0xx_hal.c Drivers/STM32F0xx_HAL_Driver/Src/stm32f0xx_hal_i2c.c Drivers/STM32F0xx_HAL_Driver/Src/stm32f0xx_hal_i2c_ex.c Drivers/STM32F0xx_HAL_Driver/Src/stm32f0xx_hal_gpio.c Drivers/STM32F0xx_HAL_Driver/Src/stm32f0xx_hal_dma.c Drivers/STM32F0xx_HAL_Driver/Src/stm32f0xx_hal_cortex.c Drivers/STM32F0xx_HAL_Driver/Src/stm32f0xx_hal_pwr.c Drivers/STM32F0xx_HAL_Driver/Src/stm32f0xx_hal_pwr_ex.c Drivers/STM32F0xx_HAL_Driver/Src/stm32f0xx_hal_flash.c Drivers/STM32F0xx_HAL_Driver/Src/stm32f0xx_hal_flash_ex.c Drivers/STM32F0xx_HAL_Driver/Src/stm32f0xx_hal_exti.c Core/Src/system_stm32f0xx.c
# environment
ProgramFiles = C:\Program Files (x86)
# environment
SESSIONNAME = Console
# environment
PROCESSOR_REVISION = 7100
# environment
DEVKITPPC = /opt/devkitpro/devkitPPC
# environment
MAKELEVEL := 0
# makefile (from `makefile', line 159)
OBJECTS = $(addprefix $(BUILD_DIR)/,$(notdir $(C_SOURCES:.c=.o))) $(addprefix $(BUILD_DIR)/,$(notdir $(ASM_SOURCES:.s=.o)))
# environment
PROCESSOR_LEVEL = 23
# environment
VSCODE_PID = 19680
# environment
USERDOMAIN_ROAMINGPROFILE = DESKTOP-F9H2G86
# variable set hash-table stats:
# Load=127/1024=12%, Rehash=0, Collisions=18/235=8%

# Pattern-specific Variable Values

# No pattern-specific variable values.

# Directories

# C:\Users\minigubben\AppData\Local\Programs\Microsoft VS Code\bin (key C:/Users/minigubben/AppData/Local/Programs/Microsoft VS Code/bin, mtime 1618390388): 4 files, no impossibilities.
# C:\Program Files\Oculus\Support\oculus-runtime (key C:/Program Files/Oculus/Support/oculus-runtime, mtime 1617926415): 34 files, no impossibilities.
# C:\Users\minigubben\AppData\Roaming\npm (key C:/Users/minigubben/AppData/Roaming/npm, mtime 1615989101): 2 files, no impossibilities.
# C:\Windows\System32\WindowsPowerShell\v1.0\ (key C:/Windows/System32/WindowsPowerShell/v1.0/, mtime 1616152670): 30 files, no impossibilities.
# C:\Windows\System32\Wbem (key C:/Windows/System32/Wbem, mtime 1616152897): 181 files, no impossibilities.
# . (key c:/Users/minigubben/Documents/Utveckling_git/STM32/bat_8_ut_reciver, mtime 1618622672): 29 files, no impossibilities.
# C:\Program Files\Calibre2\ (key C:/Program Files/Calibre2/, mtime 1589213346): 24 files, no impossibilities.
# C:\Program Files\nodejs\ (key C:/Program Files/nodejs/, mtime 1615989106): 11 files, no impossibilities.
# C:\Program Files (x86)\NVIDIA Corporation\PhysX\Common (key C:/Program Files (x86)/NVIDIA Corporation/PhysX/Common, mtime 1592070839): 10 files, no impossibilities.
# C:\Program Files\dotnet\ (key C:/Program Files/dotnet/, mtime 1618682118): 8 files, no impossibilities.
# C:\Users\minigubben\AppData\Local\Microsoft\WindowsApps (key C:/Users/minigubben/AppData/Local/Microsoft/WindowsApps, mtime 1618688897): 14 files, no impossibilities.
# C:\Users\minigubben\AppData\Local\Programs\Python\Python38-32 (key C:/Users/minigubben/AppData/Local/Programs/Python/Python38-32, mtime 1584531890): 17 files, no impossibilities.
# build (key c:/Users/minigubben/Documents/Utveckling_git/STM32/bat_8_ut_reciver/build, mtime 1618623052): 77 files, no impossibilities.
# Core/Src (key c:/Users/minigubben/Documents/Utveckling_git/STM32/bat_8_ut_reciver/Core/Src, mtime 1618622671): 8 files, no impossibilities.
# C:\Windows\System32\OpenSSH\: could not be stat'd.
# C:\Program Files\PuTTY\ (key C:/Program Files/PuTTY/, mtime 1584464999): 12 files, no impossibilities.
# C:\Program Files (x86)\Common Files\Oracle\Java\javapath (key C:/Program Files (x86)/Common Files/Oracle/Java/javapath, mtime 1606729525): 5 files, no impossibilities.
# C:\Program Files (x86)\Common Files\Intel\Shared Libraries\redist\intel64_win\compiler (key C:/Program Files (x86)/Common Files/Intel/Shared Libraries/redist/intel64_win/compiler, mtime 1612612000): 18 files, no impossibilities.
# C:\Windows (key C:/Windows, mtime 1618386992): 118 files, no impossibilities.
# C:\Program Files (x86)\GNU Arm Embedded Toolchain\10 2020-q4-major\bin (key C:/Program Files (x86)/GNU Arm Embedded Toolchain/10 2020-q4-major/bin, mtime 1618621295): 35 files, no impossibilities.
# C:\Program Files (x86)\Gpg4win\..\GnuPG\bin (key C:/Program Files (x86)/GnuPG/bin, mtime 1615770204): 28 files, no impossibilities.
# Drivers/STM32F0xx_HAL_Driver/Src (key c:/Users/minigubben/Documents/Utveckling_git/STM32/bat_8_ut_reciver/Drivers/STM32F0xx_HAL_Driver/Src, mtime 1618622671): 19 files, no impossibilities.
# C:\Users\minigubben\AppData\Local\Programs\Python\Python38-32\Scripts (key C:/Users/minigubben/AppData/Local/Programs/Python/Python38-32/Scripts, mtime 1611450688): 32 files, no impossibilities.
# C:\win-builds\bin (key C:/win-builds/bin, mtime 1584461817): 555 files, no impossibilities.
# C:\PATH (key C:/PATH, mtime 1618622114): 14 files, no impossibilities.
# C:\Program Files (x86)\dotnet\ (key C:/Program Files (x86)/dotnet/, mtime 1618682295): 8 files, no impossibilities.
# C:\Program Files\Git\cmd (key C:/Program Files/Git/cmd, mtime 1615989576): 8 files, no impossibilities.
# C:\Windows\system32 (key C:/Windows/system32, mtime 1618767637): 3079 files, no impossibilities.
# C:\Program Files (x86)\VMware\VMware Player\bin\ (key C:/Program Files (x86)/VMware/VMware Player/bin/, mtime 1609996698): 4 files, no impossibilities.
# C:\Program Files\mosquitto (key C:/Program Files/mosquitto, mtime 1584962338): 21 files, no impossibilities.
# C:\Program Files\NVIDIA Corporation\NVIDIA NvDLISR (key C:/Program Files/NVIDIA Corporation/NVIDIA NvDLISR, mtime 1592070863): 5 files, no impossibilities.
# C:\Program Files (x86)\GnuWin32\bin (key C:/Program Files (x86)/GnuWin32/bin, mtime 1618620081): 8 files, no impossibilities.

# 4418 files, no impossibilities in 32 directories.

# Implicit Rules

build/%.o: %.c Makefile | build
#  commands to execute (from `makefile', line 163):
	$(CC) -c $(CFLAGS) -Wa,-a,-ad,-alms=$(BUILD_DIR)/$(notdir $(<:.c=.lst)) $< -o $@
	

build/%.o: %.s Makefile | build
#  commands to execute (from `makefile', line 166):
	$(AS) -c $(CFLAGS) $< -o $@
	

build/%.hex: build/%.elf | build
#  commands to execute (from `makefile', line 173):
	$(HEX) $< $@
	

build/%.bin: build/%.elf | build
#  commands to execute (from `makefile', line 176):
	$(BIN) $< $@	
	

# 4 implicit rules, 0 (0,0%) terminal.

# Files

build/stm32f0xx_hal_rcc_ex.o: Drivers/STM32F0xx_HAL_Driver/Src/stm32f0xx_hal_rcc_ex.c makefile Drivers/STM32F0xx_HAL_Driver/Src/stm32f0xx_hal_rcc_ex.c Drivers/STM32F0xx_HAL_Driver/Inc/stm32f0xx_hal.h Core/Inc/stm32f0xx_hal_conf.h Drivers/STM32F0xx_HAL_Driver/Inc/stm32f0xx_hal_rcc.h Drivers/STM32F0xx_HAL_Driver/Inc/stm32f0xx_hal_def.h Drivers/CMSIS/Device/ST/STM32F0xx/Include/stm32f0xx.h Drivers/CMSIS/Device/ST/STM32F0xx/Include/stm32f070x6.h Drivers/CMSIS/Include/core_cm0.h Drivers/CMSIS/Include/cmsis_version.h Drivers/CMSIS/Include/cmsis_compiler.h Drivers/CMSIS/Include/cmsis_gcc.h Drivers/CMSIS/Device/ST/STM32F0xx/Include/system_stm32f0xx.h Drivers/STM32F0xx_HAL_Driver/Inc/Legacy/stm32_hal_legacy.h Drivers/STM32F0xx_HAL_Driver/Inc/stm32f0xx_hal_rcc_ex.h Drivers/STM32F0xx_HAL_Driver/Inc/stm32f0xx_hal_gpio.h Drivers/STM32F0xx_HAL_Driver/Inc/stm32f0xx_hal_gpio_ex.h Drivers/STM32F0xx_HAL_Driver/Inc/stm32f0xx_hal_exti.h Drivers/STM32F0xx_HAL_Driver/Inc/stm32f0xx_hal_dma.h Drivers/STM32F0xx_HAL_Driver/Inc/stm32f0xx_hal_dma_ex.h Drivers/STM32F0xx_HAL_Driver/Inc/stm32f0xx_hal_cortex.h Drivers/STM32F0xx_HAL_Driver/Inc/stm32f0xx_hal_flash.h Drivers/STM32F0xx_HAL_Driver/Inc/stm32f0xx_hal_flash_ex.h Drivers/STM32F0xx_HAL_Driver/Inc/stm32f0xx_hal_i2c.h Drivers/STM32F0xx_HAL_Driver/Inc/stm32f0xx_hal_i2c_ex.h Drivers/STM32F0xx_HAL_Driver/Inc/stm32f0xx_hal_pwr.h Drivers/STM32F0xx_HAL_Driver/Inc/stm32f0xx_hal_pwr_ex.h Drivers/STM32F0xx_HAL_Driver/Inc/stm32f0xx_hal_uart.h  
Drivers/STM32F0xx_HAL_Driver/Inc/stm32f0xx_hal_uart_ex.h | build
#  Implicit rule search has been done.
#  Implicit/static pattern stem: `stm32f0xx_hal_rcc_ex'
#  Last modified 2021-04-17 03:24:54
#  File has been updated.
#  Successfully updated.
# variable set hash-table stats:
# Load=0/32=0%, Rehash=0, Collisions=0/0=0%
#  commands to execute (from `makefile', line 163):
	$(CC) -c $(CFLAGS) -Wa,-a,-ad,-alms=$(BUILD_DIR)/$(notdir $(<:.c=.lst)) $< -o $@
	

build/startup_stm32f070x6.o: startup_stm32f070x6.s makefile startup_stm32f070x6.s | build
#  Implicit rule search has been done.
#  Implicit/static pattern stem: `startup_stm32f070x6'
#  Last modified 2021-04-17 03:24:56
#  File has been updated.
#  Successfully updated.
# variable set hash-table stats:
# Load=0/32=0%, Rehash=0, Collisions=0/0=0%
#  commands to execute (from `makefile', line 166):
	$(AS) -c $(CFLAGS) $< -o $@
	

Drivers/STM32F0xx_HAL_Driver/Inc/stm32f0xx_hal_cortex.h:
#  Implicit rule search has been done.
#  Last modified 2021-03-18 21:13:15
#  File has been updated.
#  Successfully updated.
# variable set hash-table stats:
# Load=0/32=0%, Rehash=0, Collisions=0/0=0%

# Not a target:
build/stm32f0xx_hal_uart_ex.d:
#  A default, MAKEFILES, or -include/sinclude makefile.
#  Implicit rule search has been done.
#  Last modified 2021-04-17 03:24:56
#  File has been updated.
#  Successfully updated.
# variable set hash-table stats:
# Load=0/32=0%, Rehash=0, Collisions=0/0=0%

# Not a target:
Drivers/STM32F0xx_HAL_Driver/Src/stm32f0xx_hal_flash.c:
#  Implicit rule search has been done.
#  Last modified 2021-03-18 21:13:16
#  File has been updated.
#  Successfully updated.
# variable set hash-table stats:
# Load=0/32=0%, Rehash=0, Collisions=0/0=0%

build/stm32f0xx_hal_i2c.o: Drivers/STM32F0xx_HAL_Driver/Src/stm32f0xx_hal_i2c.c makefile Drivers/STM32F0xx_HAL_Driver/Src/stm32f0xx_hal_i2c.c Drivers/STM32F0xx_HAL_Driver/Inc/stm32f0xx_hal.h Core/Inc/stm32f0xx_hal_conf.h Drivers/STM32F0xx_HAL_Driver/Inc/stm32f0xx_hal_rcc.h Drivers/STM32F0xx_HAL_Driver/Inc/stm32f0xx_hal_def.h Drivers/CMSIS/Device/ST/STM32F0xx/Include/stm32f0xx.h Drivers/CMSIS/Device/ST/STM32F0xx/Include/stm32f070x6.h Drivers/CMSIS/Include/core_cm0.h Drivers/CMSIS/Include/cmsis_version.h Drivers/CMSIS/Include/cmsis_compiler.h Drivers/CMSIS/Include/cmsis_gcc.h Drivers/CMSIS/Device/ST/STM32F0xx/Include/system_stm32f0xx.h Drivers/STM32F0xx_HAL_Driver/Inc/Legacy/stm32_hal_legacy.h Drivers/STM32F0xx_HAL_Driver/Inc/stm32f0xx_hal_rcc_ex.h Drivers/STM32F0xx_HAL_Driver/Inc/stm32f0xx_hal_gpio.h Drivers/STM32F0xx_HAL_Driver/Inc/stm32f0xx_hal_gpio_ex.h Drivers/STM32F0xx_HAL_Driver/Inc/stm32f0xx_hal_exti.h Drivers/STM32F0xx_HAL_Driver/Inc/stm32f0xx_hal_dma.h Drivers/STM32F0xx_HAL_Driver/Inc/stm32f0xx_hal_dma_ex.h Drivers/STM32F0xx_HAL_Driver/Inc/stm32f0xx_hal_cortex.h Drivers/STM32F0xx_HAL_Driver/Inc/stm32f0xx_hal_flash.h Drivers/STM32F0xx_HAL_Driver/Inc/stm32f0xx_hal_flash_ex.h Drivers/STM32F0xx_HAL_Driver/Inc/stm32f0xx_hal_i2c.h Drivers/STM32F0xx_HAL_Driver/Inc/stm32f0xx_hal_i2c_ex.h Drivers/STM32F0xx_HAL_Driver/Inc/stm32f0xx_hal_pwr.h Drivers/STM32F0xx_HAL_Driver/Inc/stm32f0xx_hal_pwr_ex.h Drivers/STM32F0xx_HAL_Driver/Inc/stm32f0xx_hal_uart.h Drivers/STM32F0xx_HAL_Driver/Inc/stm32f0xx_hal_uart_ex.h | build
#  Implicit rule search has been done.
#  Implicit/static pattern stem: `stm32f0xx_hal_i2c'
#  Last modified 2021-04-17 03:24:54
#  File has been updated.
#  Successfully updated.
# variable set hash-table stats:
# Load=0/32=0%, Rehash=0, Collisions=0/0=0%
#  commands to execute (from `makefile', line 163):
	$(CC) -c $(CFLAGS) -Wa,-a,-ad,-alms=$(BUILD_DIR)/$(notdir $(<:.c=.lst)) $< -o $@
	

Drivers/STM32F0xx_HAL_Driver/Inc/stm32f0xx_hal_flash_ex.h:
#  Implicit rule search has been done.
#  Last modified 2021-03-18 21:13:15
#  File has been updated.
#  Successfully updated.
# variable set hash-table stats:
# Load=0/32=0%, Rehash=0, Collisions=0/0=0%

build/main.o: Core/Src/main.c makefile Core/Src/main.c Core/Inc/main.h Drivers/STM32F0xx_HAL_Driver/Inc/stm32f0xx_hal.h Core/Inc/stm32f0xx_hal_conf.h Drivers/STM32F0xx_HAL_Driver/Inc/stm32f0xx_hal_rcc.h Drivers/STM32F0xx_HAL_Driver/Inc/stm32f0xx_hal_def.h Drivers/CMSIS/Device/ST/STM32F0xx/Include/stm32f0xx.h Drivers/CMSIS/Device/ST/STM32F0xx/Include/stm32f070x6.h Drivers/CMSIS/Include/core_cm0.h Drivers/CMSIS/Include/cmsis_version.h Drivers/CMSIS/Include/cmsis_compiler.h Drivers/CMSIS/Include/cmsis_gcc.h Drivers/CMSIS/Device/ST/STM32F0xx/Include/system_stm32f0xx.h Drivers/STM32F0xx_HAL_Driver/Inc/Legacy/stm32_hal_legacy.h Drivers/STM32F0xx_HAL_Driver/Inc/stm32f0xx_hal_rcc_ex.h Drivers/STM32F0xx_HAL_Driver/Inc/stm32f0xx_hal_gpio.h Drivers/STM32F0xx_HAL_Driver/Inc/stm32f0xx_hal_gpio_ex.h Drivers/STM32F0xx_HAL_Driver/Inc/stm32f0xx_hal_exti.h Drivers/STM32F0xx_HAL_Driver/Inc/stm32f0xx_hal_dma.h Drivers/STM32F0xx_HAL_Driver/Inc/stm32f0xx_hal_dma_ex.h Drivers/STM32F0xx_HAL_Driver/Inc/stm32f0xx_hal_cortex.h Drivers/STM32F0xx_HAL_Driver/Inc/stm32f0xx_hal_flash.h Drivers/STM32F0xx_HAL_Driver/Inc/stm32f0xx_hal_flash_ex.h Drivers/STM32F0xx_HAL_Driver/Inc/stm32f0xx_hal_i2c.h Drivers/STM32F0xx_HAL_Driver/Inc/stm32f0xx_hal_i2c_ex.h Drivers/STM32F0xx_HAL_Driver/Inc/stm32f0xx_hal_pwr.h Drivers/STM32F0xx_HAL_Driver/Inc/stm32f0xx_hal_pwr_ex.h Drivers/STM32F0xx_HAL_Driver/Inc/stm32f0xx_hal_uart.h Drivers/STM32F0xx_HAL_Driver/Inc/stm32f0xx_hal_uart_ex.h | build
#  Implicit rule search has been done.
#  Implicit/static pattern stem: `main'
#  Last modified 2021-04-17 03:30:52
#  File has been updated.
#  Successfully updated.
# variable set hash-table stats:
# Load=0/32=0%, Rehash=0, Col 
lisions=0/0=0%
#  commands to execute (from `makefile', line 163):
	$(CC) -c $(CFLAGS) -Wa,-a,-ad,-alms=$(BUILD_DIR)/$(notdir $(<:.c=.lst)) $< -o $@
	

# Not a target:
Drivers/STM32F0xx_HAL_Driver/Src/stm32f0xx_hal_dma.c:
#  Implicit rule search has been done.
#  Last modified 2021-03-18 21:13:16
#  File has been updated.
#  Successfully updated.
# variable set hash-table stats:
# Load=0/32=0%, Rehash=0, Collisions=0/0=0%

# Not a target:
Drivers/STM32F0xx_HAL_Driver/Src/stm32f0xx_hal_tim_ex.c:
#  Implicit rule search has been done.
#  Last modified 2021-03-18 21:13:16
#  File has been updated.
#  Successfully updated.
# variable set hash-table stats:
# Load=0/32=0%, Rehash=0, Collisions=0/0=0%

all: build/bat_8_ut_reciver.elf build/bat_8_ut_reciver.hex build/bat_8_ut_reciver.bin
#  Command-line target.
#  Implicit rule search has been done.
#  File does not exist.
#  File has been updated.
#  Needs to be updated (-q is set).
# variable set hash-table stats:
# Load=0/32=0%, Rehash=0, Collisions=0/5=0%

build/syscalls.o: Core/Src/syscalls.c
#  Implicit rule search has not been done.
#  Modification time never checked.
#  File has not been updated.

Drivers/STM32F0xx_HAL_Driver/Inc/stm32f0xx_hal_dma_ex.h:
#  Implicit rule search has been done.
#  Last modified 2021-03-18 21:13:15
#  File has been updated.
#  Successfully updated.
# variable set hash-table stats:
# Load=0/32=0%, Rehash=0, Collisions=0/0=0%

build/stm32f0xx_hal_uart.o: Drivers/STM32F0xx_HAL_Driver/Src/stm32f0xx_hal_uart.c makefile Drivers/STM32F0xx_HAL_Driver/Src/stm32f0xx_hal_uart.c Drivers/STM32F0xx_HAL_Driver/Inc/stm32f0xx_hal.h Core/Inc/stm32f0xx_hal_conf.h Drivers/STM32F0xx_HAL_Driver/Inc/stm32f0xx_hal_rcc.h Drivers/STM32F0xx_HAL_Driver/Inc/stm32f0xx_hal_def.h Drivers/CMSIS/Device/ST/STM32F0xx/Include/stm32f0xx.h Drivers/CMSIS/Device/ST/STM32F0xx/Include/stm32f070x6.h Drivers/CMSIS/Include/core_cm0.h Drivers/CMSIS/Include/cmsis_version.h Drivers/CMSIS/Include/cmsis_compiler.h Drivers/CMSIS/Include/cmsis_gcc.h Drivers/CMSIS/Device/ST/STM32F0xx/Include/system_stm32f0xx.h Drivers/STM32F0xx_HAL_Driver/Inc/Legacy/stm32_hal_legacy.h Drivers/STM32F0xx_HAL_Driver/Inc/stm32f0xx_hal_rcc_ex.h Drivers/STM32F0xx_HAL_Driver/Inc/stm32f0xx_hal_gpio.h Drivers/STM32F0xx_HAL_Driver/Inc/stm32f0xx_hal_gpio_ex.h Drivers/STM32F0xx_HAL_Driver/Inc/stm32f0xx_hal_exti.h Drivers/STM32F0xx_HAL_Driver/Inc/stm32f0xx_hal_dma.h Drivers/STM32F0xx_HAL_Driver/Inc/stm32f0xx_hal_dma_ex.h Drivers/STM32F0xx_HAL_Driver/Inc/stm32f0xx_hal_cortex.h Drivers/STM32F0xx_HAL_Driver/Inc/stm32f0xx_hal_flash.h Drivers/STM32F0xx_HAL_Driver/Inc/stm32f0xx_hal_flash_ex.h Drivers/STM32F0xx_HAL_Driver/Inc/stm32f0xx_hal_i2c.h Drivers/STM32F0xx_HAL_Driver/Inc/stm32f0xx_hal_i2c_ex.h Drivers/STM32F0xx_HAL_Driver/Inc/stm32f0xx_hal_pwr.h Drivers/STM32F0xx_HAL_Driver/Inc/stm32f0xx_hal_pwr_ex.h Drivers/STM32F0xx_HAL_Driver/Inc/stm32f0xx_hal_uart.h Drivers/STM32F0xx_HAL_Driver/Inc/stm32f0xx_hal_uart_ex.h | build
#  Implicit rule search has been done.
#  Implicit/static pattern stem: `stm32f0xx_hal_uart'
#  Last modified 2021-04-17 03:24:56
#  File has been updated.
#  Successfully updated.
# variable set hash-table stats:
# Load=0/32=0%, Rehash=0, Collisions=0/0=0%
#  commands to execute (from `makefile', line 163):
	$(CC) -c $(CFLAGS) -Wa,-a,-ad,-alms=$(BUILD_DIR)/$(notdir $(<:.c=.lst)) $< -o $@
	

Drivers/STM32F0xx_HAL_Driver/Inc/stm32f0xx_hal_def.h:
#  Implicit rule search has been done.
#  Last modified 2021-03-18 21:13:15
#  File has been updated.
#  Successfully updated.
# variable set hash-table stats:
# Load=0/32=0%, Rehash=0, Collisions=0/0=0%

# Not a target:
build/stm32f0xx_hal_flash.d:
#  A default, MAKEFILES, or -include/sinclude makefile.
#  Implicit rule search has been done.
#  Last modified 2021-04-17 03:24:49
#  File has been updated.
#  Successfully updated.
# variable set hash-table stats:
# Load=0/32=0%, Rehash=0, Collisions=0/0=0%

# Not a target:
build/stm32f0xx_hal_dma.d:
#  A default, MAKEFILES, or -include/sinclude makefile.
#  Implicit rule search has been done.
#  Last modified 2021-04-17 03:24:48
#  File has been updated.
#  Successfully updated.
# variable set hash-table stats:
# Load=0/32=0%, Rehash=0, Collisions=0/0=0%

# Not a target:
build/stm32f0xx_hal_tim_ex.d:
#  A default, MAKEFILES, or -include/sinclude makefile.
#  Implicit rule search has been done.
#  Last modified 2021-04-17 03:24:55
#  File has been updated.
#  Successfully updated.
# variable set hash-table stats:
# Load=0/32=0%, Rehash=0, Collisions=0/0=0%

Drivers/STM32F0xx_HAL_Driver/Inc/stm32f0xx_hal_gpio.h:
#  Implicit ru 
le search has been done.
#  Last modified 2021-03-18 21:13:15
#  File has been updated.
#  Successfully updated.
# variable set hash-table stats:
# Load=0/32=0%, Rehash=0, Collisions=0/0=0%

# Not a target:
Drivers/STM32F0xx_HAL_Driver/Src/stm32f0xx_hal_pwr_ex.c:
#  Implicit rule search has been done.
#  Last modified 2021-03-18 21:13:16
#  File has been updated.
#  Successfully updated.
# variable set hash-table stats:
# Load=0/32=0%, Rehash=0, Collisions=0/0=0%

# Not a target:
build/stm32f0xx_hal_pwr.d:
#  A default, MAKEFILES, or -include/sinclude makefile.
#  Implicit rule search has been done.
#  Last modified 2021-04-17 03:24:54
#  File has been updated.
#  Successfully updated.
# variable set hash-table stats:
# Load=0/32=0%, Rehash=0, Collisions=0/0=0%

# Not a target:
.DEFAULT:
#  Implicit rule search has not been done.
#  Modification time never checked.
#  File has not been updated.

Drivers/STM32F0xx_HAL_Driver/Inc/stm32f0xx_hal.h:
#  Implicit rule search has been done.
#  Last modified 2021-03-18 21:13:15
#  File has been updated.
#  Successfully updated.
# variable set hash-table stats:
# Load=0/32=0%, Rehash=0, Collisions=0/0=0%

# Not a target:
Core/Src/system_stm32f0xx.c:
#  Implicit rule search has been done.
#  Last modified 2021-03-18 21:13:15
#  File has been updated.
#  Successfully updated.
# variable set hash-table stats:
# Load=0/32=0%, Rehash=0, Collisions=0/0=0%

# Not a target:
Drivers/STM32F0xx_HAL_Driver/Src/stm32f0xx_hal_cortex.c:
#  Implicit rule search has been done.
#  Last modified 2021-03-18 21:13:16
#  File has been updated.
#  Successfully updated.
# variable set hash-table stats:
# Load=0/32=0%, Rehash=0, Collisions=0/0=0%

Drivers/STM32F0xx_HAL_Driver/Inc/stm32f0xx_hal_rcc.h:
#  Implicit rule search has been done.
#  Last modified 2021-03-18 21:13:15
#  File has been updated.
#  Successfully updated.
# variable set hash-table stats:
# Load=0/32=0%, Rehash=0, Collisions=0/0=0%

build/system_stm32f0xx.o: Core/Src/system_stm32f0xx.c makefile Core/Src/system_stm32f0xx.c Drivers/CMSIS/Device/ST/STM32F0xx/Include/stm32f0xx.h Drivers/CMSIS/Device/ST/STM32F0xx/Include/stm32f070x6.h Drivers/CMSIS/Include/core_cm0.h Drivers/CMSIS/Include/cmsis_version.h Drivers/CMSIS/Include/cmsis_compiler.h Drivers/CMSIS/Include/cmsis_gcc.h Drivers/CMSIS/Device/ST/STM32F0xx/Include/system_stm32f0xx.h Drivers/STM32F0xx_HAL_Driver/Inc/stm32f0xx_hal.h Core/Inc/stm32f0xx_hal_conf.h Drivers/STM32F0xx_HAL_Driver/Inc/stm32f0xx_hal_rcc.h Drivers/STM32F0xx_HAL_Driver/Inc/stm32f0xx_hal_def.h Drivers/STM32F0xx_HAL_Driver/Inc/Legacy/stm32_hal_legacy.h Drivers/STM32F0xx_HAL_Driver/Inc/stm32f0xx_hal_rcc_ex.h Drivers/STM32F0xx_HAL_Driver/Inc/stm32f0xx_hal_gpio.h Drivers/STM32F0xx_HAL_Driver/Inc/stm32f0xx_hal_gpio_ex.h Drivers/STM32F0xx_HAL_Driver/Inc/stm32f0xx_hal_exti.h Drivers/STM32F0xx_HAL_Driver/Inc/stm32f0xx_hal_dma.h Drivers/STM32F0xx_HAL_Driver/Inc/stm32f0xx_hal_dma_ex.h Drivers/STM32F0xx_HAL_Driver/Inc/stm32f0xx_hal_cortex.h Drivers/STM32F0xx_HAL_Driver/Inc/stm32f0xx_hal_flash.h Drivers/STM32F0xx_HAL_Driver/Inc/stm32f0xx_hal_flash_ex.h Drivers/STM32F0xx_HAL_Driver/Inc/stm32f0xx_hal_i2c.h Drivers/STM32F0xx_HAL_Driver/Inc/stm32f0xx_hal_i2c_ex.h Drivers/STM32F0xx_HAL_Driver/Inc/stm32f0xx_hal_pwr.h Drivers/STM32F0xx_HAL_Driver/Inc/stm32f0xx_hal_pwr_ex.h Drivers/STM32F0xx_HAL_Driver/Inc/stm32f0xx_hal_uart.h Drivers/STM32F0xx_HAL_Driver/Inc/stm32f0xx_hal_uart_ex.h | build
#  Implicit rule search has been done.
#  Implicit/static pattern stem: `system_stm32f0xx'
#  Last modified 2021-04-17 03:24:48
#  File has been updated.
#  Successfully updated.
# variable set hash-table stats:
# Load=0/32=0%, Rehash=0, Collisions=0/0=0%
#  commands to execute (from `makefile', line 163):
	$(CC) -c $(CFLAGS) -Wa,-a,-ad,-alms=$(BUILD_DIR)/$(notdir $(<:.c=.lst)) $< -o $@
	

# Not a target:
Drivers/STM32F0xx_HAL_Driver/Src/stm32f0xx_hal_uart.c:
#  Implicit rule search has been done.
#  Last modified 2021-03-18 21:13:16
#  File has been updated.
#  Successfully updated.
# variable set hash-table stats:
# Load=0/32=0%, Rehash=0, Collision 
s=0/0=0%

# Not a target:
build/stm32f0xx_hal_pwr_ex.d:
#  A default, MAKEFILES, or -include/sinclude makefile.
#  Implicit rule search has been done.
#  Last modified 2021-04-17 03:24:54
#  File has been updated.
#  Successfully updated.
# variable set hash-table stats:
# Load=0/32=0%, Rehash=0, Collisions=0/0=0%

# Not a target:
Drivers/STM32F0xx_HAL_Driver/Src/stm32f0xx_hal_flash_ex.c:
#  Implicit rule search has been done.
#  Last modified 2021-03-18 21:13:16
#  File has been updated.
#  Successfully updated.
# variable set hash-table stats:
# Load=0/32=0%, Rehash=0, Collisions=0/0=0%

build/stm32f0xx_hal_i2c_ex.o: Drivers/STM32F0xx_HAL_Driver/Src/stm32f0xx_hal_i2c_ex.c makefile Drivers/STM32F0xx_HAL_Driver/Src/stm32f0xx_hal_i2c_ex.c Drivers/STM32F0xx_HAL_Driver/Inc/stm32f0xx_hal.h Core/Inc/stm32f0xx_hal_conf.h Drivers/STM32F0xx_HAL_Driver/Inc/stm32f0xx_hal_rcc.h Drivers/STM32F0xx_HAL_Driver/Inc/stm32f0xx_hal_def.h Drivers/CMSIS/Device/ST/STM32F0xx/Include/stm32f0xx.h Drivers/CMSIS/Device/ST/STM32F0xx/Include/stm32f070x6.h Drivers/CMSIS/Include/core_cm0.h Drivers/CMSIS/Include/cmsis_version.h Drivers/CMSIS/Include/cmsis_compiler.h Drivers/CMSIS/Include/cmsis_gcc.h Drivers/CMSIS/Device/ST/STM32F0xx/Include/system_stm32f0xx.h Drivers/STM32F0xx_HAL_Driver/Inc/Legacy/stm32_hal_legacy.h Drivers/STM32F0xx_HAL_Driver/Inc/stm32f0xx_hal_rcc_ex.h Drivers/STM32F0xx_HAL_Driver/Inc/stm32f0xx_hal_gpio.h Drivers/STM32F0xx_HAL_Driver/Inc/stm32f0xx_hal_gpio_ex.h Drivers/STM32F0xx_HAL_Driver/Inc/stm32f0xx_hal_exti.h Drivers/STM32F0xx_HAL_Driver/Inc/stm32f0xx_hal_dma.h Drivers/STM32F0xx_HAL_Driver/Inc/stm32f0xx_hal_dma_ex.h Drivers/STM32F0xx_HAL_Driver/Inc/stm32f0xx_hal_cortex.h Drivers/STM32F0xx_HAL_Driver/Inc/stm32f0xx_hal_flash.h Drivers/STM32F0xx_HAL_Driver/Inc/stm32f0xx_hal_flash_ex.h Drivers/STM32F0xx_HAL_Driver/Inc/stm32f0xx_hal_i2c.h Drivers/STM32F0xx_HAL_Driver/Inc/stm32f0xx_hal_i2c_ex.h Drivers/STM32F0xx_HAL_Driver/Inc/stm32f0xx_hal_pwr.h Drivers/STM32F0xx_HAL_Driver/Inc/stm32f0xx_hal_pwr_ex.h Drivers/STM32F0xx_HAL_Driver/Inc/stm32f0xx_hal_uart.h Drivers/STM32F0xx_HAL_Driver/Inc/stm32f0xx_hal_uart_ex.h | build
#  Implicit rule search has been done.
#  Implicit/static pattern stem: `stm32f0xx_hal_i2c_ex'
#  Last modified 2021-04-17 03:24:54
#  File has been updated.
#  Successfully updated.
# variable set hash-table stats:
# Load=0/32=0%, Rehash=0, Collisions=0/0=0%
#  commands to execute (from `makefile', line 163):
	$(CC) -c $(CFLAGS) -Wa,-a,-ad,-alms=$(BUILD_DIR)/$(notdir $(<:.c=.lst)) $< -o $@
	

Drivers/STM32F0xx_HAL_Driver/Inc/stm32f0xx_hal_exti.h:
#  Implicit rule search has been done.
#  Last modified 2021-03-18 21:13:15
#  File has been updated.
#  Successfully updated.
# variable set hash-table stats:
# Load=0/32=0%, Rehash=0, Collisions=0/0=0%

# Not a target:
build/stm32f0xx_hal_cortex.d:
#  A default, MAKEFILES, or -include/sinclude makefile.
#  Implicit rule search has been done.
#  Last modified 2021-04-17 03:24:48
#  File has been updated.
#  Successfully updated.
# variable set hash-table stats:
# Load=0/32=0%, Rehash=0, Collisions=0/0=0%

Drivers/STM32F0xx_HAL_Driver/Inc/stm32f0xx_hal_i2c.h:
#  Implicit rule search has been done.
#  Last modified 2021-03-18 21:13:15
#  File has been updated.
#  Successfully updated.
# variable set hash-table stats:
# Load=0/32=0%, Rehash=0, Collisions=0/0=0%

build/stm32f0xx_hal_pwr.o: Drivers/STM32F0xx_HAL_Driver/Src/stm32f0xx_hal_pwr.c makefile Drivers/STM32F0xx_HAL_Driver/Src/stm32f0xx_hal_pwr.c Drivers/STM32F0xx_HAL_Driver/Inc/stm32f0xx_hal.h Core/Inc/stm32f0xx_hal_conf.h Drivers/STM32F0xx_HAL_Driver/Inc/stm32f0xx_hal_rcc.h Drivers/STM32F0xx_HAL_Driver/Inc/stm32f0xx_hal_def.h Drivers/CMSIS/Device/ST/STM32F0xx/Include/stm32f0xx.h Drivers/CMSIS/Device/ST/STM32F0xx/Include/stm32f070x6.h Drivers/CMSIS/Include/core_cm0.h Drivers/CMSIS/Include/cmsis_version.h Drivers/CMSIS/Include/cmsis_compiler.h Drivers/CMSIS/Include/cmsis_gcc.h Drivers/CMSIS/Device/ST/STM32F0xx/Include/system_stm32f0xx.h Drivers/STM32F0xx_HAL_Driver/Inc/Legacy/stm32_hal_legacy.h Drivers/STM32F0xx_HAL_Driver/Inc/stm32f0xx_hal_rcc_ex.h Drivers/STM32F0xx_HAL_Driver/Inc/stm32f0xx_hal_gpio.h Drivers/STM32F0xx_HAL_Driver/Inc/stm32f0xx_hal_gpio_ex.h Drivers/STM32F0xx_HAL_Driver/Inc/stm32f0xx_hal_exti.h Drivers/STM32F0xx_HAL_Driver/Inc/stm32f0xx_hal_dma.h Drivers/STM32F0xx_HAL_Driver/Inc/stm32f0xx_hal_dma_ex.h Drivers/STM32F0xx_HAL_Driver/Inc/stm32f0xx_hal_cortex.h Drivers/STM32F0xx_HAL_Driver/Inc/stm32f0xx_hal_flash.h Drivers/STM32F0xx_HAL_Driver/Inc/stm32f0xx_hal_flash_ex.h Drivers/STM32F0xx_HAL_Driver/Inc/stm32f0xx 
_hal_i2c.h Drivers/STM32F0xx_HAL_Driver/Inc/stm32f0xx_hal_i2c_ex.h Drivers/STM32F0xx_HAL_Driver/Inc/stm32f0xx_hal_pwr.h Drivers/STM32F0xx_HAL_Driver/Inc/stm32f0xx_hal_pwr_ex.h Drivers/STM32F0xx_HAL_Driver/Inc/stm32f0xx_hal_uart.h Drivers/STM32F0xx_HAL_Driver/Inc/stm32f0xx_hal_uart_ex.h | build
#  Implicit rule search has been done.
#  Implicit/static pattern stem: `stm32f0xx_hal_pwr'
#  Last modified 2021-04-17 03:24:54
#  File has been updated.
#  Successfully updated.
# variable set hash-table stats:
# Load=0/32=0%, Rehash=0, Collisions=0/0=0%
#  commands to execute (from `makefile', line 163):
	$(CC) -c $(CFLAGS) -Wa,-a,-ad,-alms=$(BUILD_DIR)/$(notdir $(<:.c=.lst)) $< -o $@
	

build/stm32f0xx_hal_uart_ex.o: Drivers/STM32F0xx_HAL_Driver/Src/stm32f0xx_hal_uart_ex.c makefile Drivers/STM32F0xx_HAL_Driver/Src/stm32f0xx_hal_uart_ex.c Drivers/STM32F0xx_HAL_Driver/Inc/stm32f0xx_hal.h Core/Inc/stm32f0xx_hal_conf.h Drivers/STM32F0xx_HAL_Driver/Inc/stm32f0xx_hal_rcc.h Drivers/STM32F0xx_HAL_Driver/Inc/stm32f0xx_hal_def.h Drivers/CMSIS/Device/ST/STM32F0xx/Include/stm32f0xx.h Drivers/CMSIS/Device/ST/STM32F0xx/Include/stm32f070x6.h Drivers/CMSIS/Include/core_cm0.h Drivers/CMSIS/Include/cmsis_version.h Drivers/CMSIS/Include/cmsis_compiler.h Drivers/CMSIS/Include/cmsis_gcc.h Drivers/CMSIS/Device/ST/STM32F0xx/Include/system_stm32f0xx.h Drivers/STM32F0xx_HAL_Driver/Inc/Legacy/stm32_hal_legacy.h Drivers/STM32F0xx_HAL_Driver/Inc/stm32f0xx_hal_rcc_ex.h Drivers/STM32F0xx_HAL_Driver/Inc/stm32f0xx_hal_gpio.h Drivers/STM32F0xx_HAL_Driver/Inc/stm32f0xx_hal_gpio_ex.h Drivers/STM32F0xx_HAL_Driver/Inc/stm32f0xx_hal_exti.h Drivers/STM32F0xx_HAL_Driver/Inc/stm32f0xx_hal_dma.h Drivers/STM32F0xx_HAL_Driver/Inc/stm32f0xx_hal_dma_ex.h Drivers/STM32F0xx_HAL_Driver/Inc/stm32f0xx_hal_cortex.h Drivers/STM32F0xx_HAL_Driver/Inc/stm32f0xx_hal_flash.h Drivers/STM32F0xx_HAL_Driver/Inc/stm32f0xx_hal_flash_ex.h Drivers/STM32F0xx_HAL_Driver/Inc/stm32f0xx_hal_i2c.h Drivers/STM32F0xx_HAL_Driver/Inc/stm32f0xx_hal_i2c_ex.h Drivers/STM32F0xx_HAL_Driver/Inc/stm32f0xx_hal_pwr.h Drivers/STM32F0xx_HAL_Driver/Inc/stm32f0xx_hal_pwr_ex.h Drivers/STM32F0xx_HAL_Driver/Inc/stm32f0xx_hal_uart.h Drivers/STM32F0xx_HAL_Driver/Inc/stm32f0xx_hal_uart_ex.h | build
#  Implicit rule search has been done.
#  Implicit/static pattern stem: `stm32f0xx_hal_uart_ex'
#  Last modified 2021-04-17 03:24:56
#  File has been updated.
#  Successfully updated.
# variable set hash-table stats:
# Load=0/32=0%, Rehash=0, Collisions=0/0=0%
#  commands to execute (from `makefile', line 163):
	$(CC) -c $(CFLAGS) -Wa,-a,-ad,-alms=$(BUILD_DIR)/$(notdir $(<:.c=.lst)) $< -o $@
	

# Not a target:
build/stm32f0xx_hal_flash_ex.d:
#  A default, MAKEFILES, or -include/sinclude makefile.
#  Implicit rule search has been done.
#  Last modified 2021-04-17 03:24:49
#  File has been updated.
#  Successfully updated.
# variable set hash-table stats:
# Load=0/32=0%, Rehash=0, Collisions=0/0=0%

# Not a target:
makefile:
#  Implicit rule search has been done.
#  Last modified 2021-04-17 03:24:32
#  File has been updated. 

#  Successfully updated.
# variable set hash-table stats:
# Load=0/32=0%, Rehash=0, Collisions=0/0=0%

build:
#  Implicit rule search has not been done.
#  Last modified 2021-04-17 03:30:52
#  File has been updated.
#  Successfully updated.
#  commands to execute (from `makefile', line 179):
	mkdir $@		
	

# Not a target:
Drivers/STM32F0xx_HAL_Driver/Src/stm32f0xx_hal_gpio.c:
#  Implicit rule search has been done.
#  Last modified 2021-03-18 21:13:16
#  File has been updated.
#  Successfully updated.
# variable set hash-table stats:
# Load=0/32=0%, Rehash=0, Collisions=0/0=0%

# Not a target:
Core/Src/sysmem.c:
#  Implicit rule search has not been done.
#  Modification time never checked.
#  File has not been updated.

Drivers/STM32F0xx_HAL_Driver/Inc/stm32f0xx_hal_gpio_ex.h:
#  Implicit rule search has been done.
#  Last modified 2021-03-18 21:13:15
#  File has been updated.
#  Successfully updated.
# variable set hash-table stats:
# Load=0/32=0%, Rehash=0, Collisions=0/0=0%

# Not a target:
Drivers/STM32F0xx_HAL_Driver/Src/stm32f0xx_hal.c:
#  Implicit rule search has been done.
#  Last modified 2021-03-18 21:13:16
#  File has been updated.
#  Successfully updated.
# variable set hash-table stats:
# Load=0/32=0%, Rehash=0, Collisions=0/0=0%

build/stm32f0xx_hal_flash.o: Drivers/STM32F0xx_HAL_Driver/Src/stm32f0xx_hal_flash.c makefile Drivers/STM32F0xx_HAL_Driver/Src/stm32f0xx_hal_flash.c Drivers/STM32F0xx_HAL_Driver/Inc/stm32f0xx_hal.h Core/Inc/stm32f0xx_hal_conf.h Drivers/STM32F0xx_HAL_Driver/Inc/stm32f0xx_hal_rcc.h Drivers/STM32F0xx_HAL_Driver/Inc/stm32f0xx_hal_def.h Drivers/CMSIS/Device/ST/STM32F0xx/Include/stm32f0xx.h Drivers/CMSIS/Device/ST/STM32F0xx/Include/stm32f070x6.h Drivers/CMSIS/Include/core_cm0.h Drivers/CMSIS/Include/cmsis_version.h Drivers/CMSIS/Include/cmsis_compiler.h Drivers/CMSIS/Include/cmsis_gcc.h Drivers/CMSIS/Device/ST/STM32F0xx/Include/system_stm32f0xx.h Drivers/STM32F0xx_HAL_Driver/Inc/Legacy/stm32_hal_legacy.h Drivers/STM32F0xx_HAL_Driver/Inc/stm32f0xx_hal_rcc_ex.h Drivers/STM32F0xx_HAL_Driver/Inc/stm32f0xx_hal_gpio.h Drivers/STM32F0xx_HAL_Driver/Inc/stm32f0xx_hal_gpio_ex.h Drivers/STM32F0xx_HAL_Driver/Inc/stm32f0xx_hal_exti.h Drivers/STM32F0xx_HAL_Driver/Inc/stm32f0xx_hal_dma.h Drivers/STM32F0xx_HAL_Driver/Inc/stm32f0xx_hal_dma_ex.h Drivers/STM32F0xx_HAL_Driver/Inc/stm32f0xx_hal_cortex.h Drivers/STM32F0xx_HAL_Driver/Inc/stm32f0xx_hal_flash.h Drivers/STM32F0xx_HAL_Driver/Inc/stm32f0xx_hal_flash_ex.h Drivers/STM32F0xx_HAL_Driver/Inc/stm32f0xx_hal_i2c.h Drivers/STM32F0xx_HAL_Driver/Inc/stm3 
2f0xx_hal_i2c_ex.h Drivers/STM32F0xx_HAL_Driver/Inc/stm32f0xx_hal_pwr.h Drivers/STM32F0xx_HAL_Driver/Inc/stm32f0xx_hal_pwr_ex.h Drivers/STM32F0xx_HAL_Driver/Inc/stm32f0xx_hal_uart.h Drivers/STM32F0xx_HAL_Driver/Inc/stm32f0xx_hal_uart_ex.h | build
#  Implicit rule search has been done.
#  Implicit/static pattern stem: `stm32f0xx_hal_flash'
#  Last modified 2021-04-17 03:24:49
#  File has been updated.
#  Successfully updated.
# variable set hash-table stats:
# Load=0/32=0%, Rehash=0, Collisions=0/0=0%
#  commands to execute (from `makefile', line 163):
	$(CC) -c $(CFLAGS) -Wa,-a,-ad,-alms=$(BUILD_DIR)/$(notdir $(<:.c=.lst)) $< -o $@
	

# Not a target:
build/stm32f0xx_hal_msp.d:
#  A default, MAKEFILES, or -include/sinclude makefile.
#  Implicit rule search has been done.
#  Last modified 2021-04-17 03:24:47
#  File has been updated.
#  Successfully updated.
# variable set hash-table stats:
# Load=0/32=0%, Rehash=0, Collisions=0/0=0%

# Not a target:
Drivers/STM32F0xx_HAL_Driver/Src/stm32f0xx_hal_rcc.c:
#  Implicit rule search has been done.
#  Last modified 2021-03-18 21:13:16
#  File has been updated.
#  Successfully updated.
# variable set hash-table stats:
# Load=0/32=0%, Rehash=0, Collisions=0/0=0%

# Not a target:
build/stm32f0xx_hal_gpio.d:
#  A default, MAKEFILES, or -include/sinclude makefile.
#  Implicit rule search has been done.
#  Last modified 2021-04-17 03:24:49
#  File has been updated.
#  Successfully updated.
# variable set hash-table stats:
# Load=0/32=0%, Rehash=0, Collisions=0/0=0%

Drivers/CMSIS/Device/ST/STM32F0xx/Include/stm32f070x6.h:
#  Implicit rule search has been done.
#  Last modified 2021-03-18 21:13:15
#  File has been updated.
#  Successfully updated.
# variable set hash-table stats:
# Load=0/32=0%, Rehash=0, Collisions=0/0=0%

Drivers/STM32F0xx_HAL_Driver/Inc/stm32f0xx_hal_rcc_ex.h:
#  Implicit rule search has been done.
#  Last modified 2021-03-18 21:13:15
#  File has been updated.
#  Successfully updated.
# variable set hash-table stats:
# Load=0/32=0%, Rehash=0, Collisions=0/0=0%

build/stm32f0xx_hal_dma.o: Drivers/STM32F0xx_HAL_Driver/Src/stm32f0xx_hal_dma.c makefile Drivers/STM32F0xx_HAL_Driver/Src/stm32f0xx_hal_dma.c Drivers/STM32F0xx_HAL_Driver/Inc/stm32f0xx_hal.h Core/Inc/stm32f0xx_hal_conf.h Drivers/STM32F0xx_HAL_Driver/Inc/stm32f0xx_hal_rcc.h Drivers/STM32F0xx_HAL_Driver/Inc/stm32f0xx_hal_def.h Drivers/CMSIS/Device/ST/STM32F0xx/Include/stm32f0xx.h Drivers/CMSIS/Device/ST/STM32F0xx/Include/stm32f070x6.h Drivers/CMSIS/Include/core_cm0.h Drivers/CMSIS/Include/cmsis_version.h Drivers/CMSIS/Include/cmsis_compiler.h Drivers/CMSIS/Include/cmsis_gcc.h Drivers/CMSIS/Device/ST/STM32F0xx/Include/system_stm32f0xx.h Drivers/STM32F0xx_HAL_Driver/Inc/Legacy/stm32_hal_legacy.h Drivers/STM32F0xx_HAL_Driver/Inc/stm32f0xx_hal_rcc_ex.h Drivers/STM32F0xx_HAL_Driver/Inc/stm32f0xx_hal_gpio.h Drivers/STM32F0xx_HAL_Driver/Inc/stm32f0xx_hal_gpio_ex.h Drivers/STM32F0xx_HAL_Driver/Inc/stm32f0xx_hal_exti.h Drivers/STM32F0xx_HAL_Driver/Inc/stm32f0xx_hal_dma.h Drivers/STM32F0xx_HAL_Driver/Inc/stm32f0xx_hal_dma_ex.h Drivers/STM32F0xx_HAL_Driver/Inc/stm32f0xx_hal_cortex.h Drivers/STM32F0xx_HAL_Driver/Inc/stm32f0xx_hal_flash.h Drivers/STM32F0xx_HAL_Driver/Inc/stm32f0xx_hal_flash_ex.h Drivers/STM32F0xx_HAL_Driver/Inc/stm32f0xx_hal_i2c.h Drivers/STM32F0xx_HAL_Driver/Inc/stm32f0xx_hal_i2c_ex.h Drivers/STM32F0xx_HAL_Driver/Inc/stm32f0xx_hal_pwr.h Drivers/STM32F0xx_HAL_Driver/Inc/stm32f0xx_hal_pwr_ex.h Drivers/STM32F0xx_HAL_Driver/Inc/stm32f0xx_hal_uart.h Drivers/STM32F0xx_HAL_Driver/Inc/stm32f0xx_hal_uart_ex.h | build
#  Implicit rule search has been done.
#  Implicit/static pattern stem: `stm32f0xx_hal_dma'
#  Last modified 2021-04-17 03:24:48
#  File has been updated.
#  Successfully updated.
# variable set hash-table stats:
# Load=0/32=0%, Rehash=0, Collisions=0/0=0%
#  commands to execute (from `makefile', line 163):
	$(CC) -c $(CFLAGS) -Wa,-a,-ad,-alms=$(BUILD_DIR)/$(notdir $(<:.c=.lst)) $< -o $@
	

build/stm32f0xx_hal_tim_ex.o: Drivers/STM32F0xx_HAL_Driver/Src/stm32f0xx_hal_tim_ex.c makefile Drivers/STM32F0xx_HAL_Driver/Src/stm32f0xx_hal_tim_ex.c Drivers/STM32F0xx_HAL_Driver/Inc/stm32f0xx_hal.h Core/Inc/stm32f0xx_hal_conf.h Drivers/STM32F0xx_HAL_Driver/Inc/stm32f0xx_hal_rcc.h Drivers/STM32F0xx_HAL_Driver/Inc/stm32f0xx_hal_def.h Drivers/CMSIS/Device/ST/STM32F0xx/Include/stm32f0xx.h Drivers/CMSIS/Device/ST/STM32F0xx/Include/stm32f070x6.h Drivers/CMSIS/Include/core_cm0.h Drivers/CMSIS/Include/cmsis_version.h Drivers/CMSIS/Include/cmsis_compiler.h Drivers/CMSIS/Include/cmsis_gcc.h Drivers/CMSIS/Device/ST/STM32F0xx/Include/system_stm32f0xx.h Drivers/STM32F0xx_HAL_Driver/Inc/Legacy/stm32_hal_legacy.h Drivers/STM32F0xx_HAL_Driver/Inc/stm32f0xx_hal_rcc_ex.h Drivers/STM32F0xx_HAL_Driver/Inc/stm32f0xx_hal_gpio.h Drivers/STM32F0xx_HAL_Driver/Inc/stm32f0xx_hal_gpio_ex.h Drivers/STM32F0xx_HAL_Driver/Inc/stm32f0xx_hal_exti.h Drivers/STM32F0xx_HAL_Driver/Inc/stm32f0xx_hal_dma.h Drivers/STM32F0xx_HAL_Driver/Inc/stm32f0xx_hal_dma_ex.h Drivers/STM32F0xx_HAL_Driver/Inc/stm32f0xx_hal_cortex.h Drivers/STM32F0xx_HAL_Driver/Inc/stm32f0xx_hal_flash.h Drivers/STM32F0xx_HAL_Driver/Inc/stm32f0xx_hal_flash_ex.h Drivers/STM32F0xx_HAL_Driver/Inc/stm32f0xx_hal_i2c.h Drivers/STM32F0xx_HAL_Driver/Inc/stm32f0xx_hal_i2c_ex.h Drivers/STM32F0xx_HAL_Driver/Inc/stm32f0xx_hal_pwr.h Drivers/STM32F0xx_HAL_Driver/Inc/stm32f0xx_hal_pwr_ex.h Drivers/STM32F0xx_HAL_Driver/Inc/stm32f0xx_hal_uart.h Drivers/STM32F0xx_HAL_Driver/Inc/stm32f0xx_hal_uart_ex.h | build
#  Implicit rule search has been done.
#  Implicit/static pattern stem: `stm32f0xx_hal_tim_ex'
#  Last modified 2021-04-17 03:24:55
#  File has been updated.
#  Successfully updated.
# variable set hash-table stats:
# Load=0/32=0%, Rehash=0, Collisions=0/0=0%
#  commands to execute (from `makefile', line 163):
	$(CC) -c $(CFLAGS) -Wa,-a,-ad,-alms=$(BUILD_DIR)/$(notdir $(<:.c=.lst)) $< -o $@
	

# Not a target:
build/stm32f0xx_hal.d:
#  A default, MAKEFILES, or -include/sinclude makefile.
#  Implicit rule search has been done.
#  Last modified 2021-04-17 03:24:48
#  File has been updated.
#  Successfully updated.
# variable set hash-table stats:
# Load=0/32=0%, Rehash=0, Collisions=0/0=0%

# Not a target:
build/bat_8_ut_reciver.bin:
#  Implicit rule search has not been done.
#  Modification time never checked.
#  File has not been updated.

# Not a target:
Drivers/STM32F0xx_HAL_Driver/Src/stm32f0xx_hal_exti.c:
#  Implicit rule search has been done.
#  Last modified 2021-03-18 21:13:16
#  File has been updated.
#  Successfully updated.
# variable set hash-table stats:
# Load=0/32=0%, Rehash=0, Collisions=0/0=0%

Drivers/CMSIS/Device/ST/STM32F0xx/Include/system_stm32f0xx.h:
#  Implicit rule search has been done.
#  Last modified 2021-03-18 21:13:15
#  File has been updated.
#  Successfully updated.
# variable set hash-table stats:
# Load=0/32=0%, Rehash=0, Collisions=0/0=0%

# Not a target:
build/stm32f0xx_hal_rcc.d:
#  A default, MAKEFILES, or -include/sinclude makefile.
#  Implicit rule search has been done.
#  Last modified 2021-04-17 03:24:54
#  File has been updated.
#  Successfully updated.
# variable set hash- 
table stats:
# Load=0/32=0%, Rehash=0, Collisions=0/0=0%

# Not a target:
Core/Src/stm32f0xx_hal_msp.c:
#  Implicit rule search has been done.
#  Last modified 2021-04-17 03:24:30
#  File has been updated.
#  Successfully updated.
# variable set hash-table stats:
# Load=0/32=0%, Rehash=0, Collisions=0/0=0%

build/stm32f0xx_hal_pwr_ex.o: Drivers/STM32F0xx_HAL_Driver/Src/stm32f0xx_hal_pwr_ex.c makefile Drivers/STM32F0xx_HAL_Driver/Src/stm32f0xx_hal_pwr_ex.c Drivers/STM32F0xx_HAL_Driver/Inc/stm32f0xx_hal.h Core/Inc/stm32f0xx_hal_conf.h Drivers/STM32F0xx_HAL_Driver/Inc/stm32f0xx_hal_rcc.h Drivers/STM32F0xx_HAL_Driver/Inc/stm32f0xx_hal_def.h Drivers/CMSIS/Device/ST/STM32F0xx/Include/stm32f0xx.h Drivers/CMSIS/Device/ST/STM32F0xx/Include/stm32f070x6.h Drivers/CMSIS/Include/core_cm0.h Drivers/CMSIS/Include/cmsis_version.h Drivers/CMSIS/Include/cmsis_compiler.h Drivers/CMSIS/Include/cmsis_gcc.h Drivers/CMSIS/Device/ST/STM32F0xx/Include/system_stm32f0xx.h Drivers/STM32F0xx_HAL_Driver/Inc/Legacy/stm32_hal_legacy.h Drivers/STM32F0xx_HAL_Driver/Inc/stm32f0xx_hal_rcc_ex.h Drivers/STM32F0xx_HAL_Driver/Inc/stm32f0xx_hal_gpio.h Drivers/STM32F0xx_HAL_Driver/Inc/stm32f0xx_hal_gpio_ex.h Drivers/STM32F0xx_HAL_Driver/Inc/stm32f0xx_hal_exti.h Drivers/STM32F0xx_HAL_Driver/Inc/stm32f0xx_hal_dma.h Drivers/STM32F0xx_HAL_Driver/Inc/stm32f0xx_hal_dma_ex.h Drivers/STM32F0xx_HAL_Driver/Inc/stm32f0xx_hal_cortex.h Drivers/STM32F0xx_HAL_Driver/Inc/stm32f0xx_hal_flash.h Drivers/STM32F0xx_HAL_Driver/Inc/stm32f0xx_hal_flash_ex.h Drivers/STM32F0xx_HAL_Driver/Inc/stm32f0xx_hal_i2c.h Drivers/STM32F0xx_HAL_Driver/Inc/stm32f0xx_hal_i2c_ex.h Drivers/STM32F0xx_HAL_Driver/Inc/stm32f0xx_hal_pwr.h Drivers/STM32F0xx_HAL_Driver/Inc/stm32f0xx_hal_pwr_ex.h Drivers/STM32F0xx_HAL_Driver/Inc/stm32f0xx_hal_uart.h Drivers/STM32F0xx_HAL_Driver/Inc/stm32f0xx_hal_uart_ex.h | build
#  Implicit rule search has been done.
#  Implicit/static pattern stem: `stm32f0xx_hal_pwr_ex'
#  Last modified 2021-04-17 03:24:54
#  File has been updated.
#  Successfully updated.
# variable set hash-table stats:
# Load=0/32=0%, Rehash=0, Collisions=0/0=0%
#  commands to execute (from `makefile', line 163):
	$(CC) -c $(CFLAGS) -Wa,-a,-ad,-alms=$(BUILD_DIR)/$(notdir $(<:.c=.lst)) $< -o $@
	

Core/Inc/stm32f0xx_it.h:
#  Implicit rule search has been done.
#  Last modified 2021-04-17 03:24:30
#  File has been updated.
#  Successfully updated.
# variable set hash-table stats:
# Load=0/32=0%, Rehash=0, Collisions=0/0=0%

# Not a target:
.SUFFIXES:
#  Implicit rule search has not been done.
#  Modification time never checked.
#  File has not been updated.

Drivers/STM32F0xx_HAL_Driver/Inc/stm32f0xx_hal_uart.h:
#  Implicit rule search has been done.
#  Last modified 2021-03-18 21:13:15
#  File has been updated.
#  Successfully updated.
# variable set hash-table stats:
# Load=0/32=0%, Rehash=0, Collisions=0/0=0%

# Not a target:
build/stm32f0xx_hal_exti.d:
#  A default, MAKEFILES, or -include/sinclude makefile.
#  Implicit rule search has been done.
#  Last modified 2021-04-17 03:24:48
#  File has been updated.
#  Successfully updated.
# variable set hash-table stats:
# Load=0/32=0%, Rehash=0, Collisions=0/0=0%

build/stm32f0xx_hal_tim.o: Drivers/STM32F0xx_HAL_Driver/Src/stm32f0xx_hal_tim.c makefile Drivers/STM32F0xx_HAL_Driver/Src/stm32f0xx_hal_tim.c Drivers/STM32F0xx_HAL_Driver/Inc/stm32f0xx_hal.h Core/Inc/stm32f0xx_hal_conf.h Drivers/STM32F0xx_HAL_Driver/Inc/stm32f0xx_hal_rcc.h Drivers/STM32F0xx_HAL_Driver/Inc/stm32f0xx_hal_def.h Drivers/CMSIS/Device/ST/STM32F0xx/Include/stm32f0xx.h Drivers/CMSIS/Device/ST/STM32F0xx/Include/stm32f070x6.h Drivers/CMSIS/Include/core_cm0.h Drivers/CMSIS/Include/cmsis_version.h Drivers/CMSIS/Include/cmsis_compiler.h Drivers/CMSIS/Include/cmsis_gcc.h Drivers/CMSIS/Device/ST/STM32F0xx/Include/system_stm32f0xx.h Drivers/STM32F0xx_HAL_Driver/Inc/Legacy/stm32_hal_legacy.h Drivers/STM32F0xx_HAL_Driver/Inc/stm32f0xx_hal_rcc_ex.h Drivers/STM32F0xx_HAL_Driver/Inc/stm32f0xx_hal_gpio.h Drivers/STM32F0xx_HAL_Driver/Inc/stm32f0xx_hal_gpio_ex.h Drivers/STM32F0xx_HAL_Driver/Inc/stm32f0xx_hal_exti.h Drivers/STM32F0xx_HAL_Driver/Inc/stm32f0xx_hal_dma.h Drivers/STM32F0xx_HAL_Driver/Inc/stm32f0xx_hal_dma_ex.h Drivers/STM32F0xx_HAL_Driver/Inc/stm32f0xx_hal_cortex.h Drivers/STM32F0xx_HAL_Driver/Inc/stm32f0xx_hal_flash.h Drivers/STM32F0xx_HAL_Driver/Inc/stm32f0xx_hal_flash_ex.h Drivers/STM32F0xx_HAL_Driver/Inc/stm32f0xx_hal_i2c.h Drivers/STM32F0xx_HAL_Driver/Inc/stm32f0xx_hal_i2c_ex.h Drivers/STM32F0xx_HAL_Driver/Inc/stm32f0xx_hal_pwr.h Drivers/STM32F0xx_HAL_Driver/Inc/stm32f0xx_hal_pwr_ex.h Drivers/STM32F0xx_HAL_Driver/Inc/stm32f0xx_hal_uart.h Drivers/STM32F0xx_HAL_Driver/Inc/stm32f0xx_hal_uart_ex.h | build
#  Implicit rule search has been done.
#  Implicit/static pattern stem: `stm32f0xx_hal_tim'
#  Last modified 2021-04-17 03:24:54
#  File has been updated.
#  Successfully updated.
# variable set hash-table stats:
# Load=0/32=0%, Rehash=0, Collisions=0/0=0%
#  commands to execute (from `makefile', line 163):
	$(CC) -c $(CFLAGS) -Wa,-a,-ad,-alms=$(BUILD_DIR)/$(notdir $(<:.c=.lst)) $< -o $@
	

build/sysmem.o: Core/Src/sysmem.c
#  Implicit rule search has not been done.
#  Modification time never checked.
#  File has not been updated.

build/stm32f0xx_hal_cortex.o: Drivers/STM32F0xx_HAL_Driver/Src/stm32f0xx_hal_cortex.c makefile Drivers/STM32F0xx_HAL_Driver/Src/stm32f0xx_hal_cortex.c Drivers/STM32F0xx_HAL_Driver/Inc/stm32f0xx_hal.h Core/Inc/stm32f0xx_hal_conf.h Drivers/STM32F0xx_HAL_Driver/Inc/stm32f0xx_hal_rcc.h Drivers/STM32F0xx_HAL_Driver/Inc/stm32f0xx_hal_def.h Drivers/CMSIS/Device/ST/STM32F0xx/Include/stm32f0xx.h Drivers/CMSIS/Device/ST/STM32F0xx/Include/stm32f070x6.h Drivers/CMSIS/Include/core_cm0.h Drivers/CMSIS/Include/cmsis_version.h Drivers/CMSIS/Include/cmsis_compiler.h Drivers/CMSIS/Include/cmsis_gcc.h Drivers/CMSIS/Device/ST/STM32F0xx/Include/system_stm32f0xx.h Drivers/STM32F0xx_HAL_Driver/Inc/Legacy/stm32_hal_legacy.h Drivers/STM32F0xx_HAL_Driver/Inc/stm32f0xx_hal_rcc_ex.h Drivers/STM32F0xx_HAL_Driver/Inc/stm32f0xx_hal_gpio.h Drivers/STM32F0xx_HAL_Driver/Inc/stm32f0xx_hal_gpio_ex.h Drivers/STM32F0xx_HAL_Driver/Inc/stm32f0xx_hal_exti.h Drivers/STM32F0xx_HAL_Driver/Inc/stm32f0xx_hal_dma.h Drivers/STM32F0xx_HAL_Driver/Inc/stm32f0xx_hal_dma_ex.h Drivers/STM32F0xx_HAL_Driver/Inc/stm32f0xx_hal_cortex.h Drivers/STM32F0xx_HAL_Driver/Inc/stm32f0xx_hal_flash.h Drivers/STM32F0xx_HAL_Driver/Inc/stm32f0xx_hal_flash_ex.h Drivers/STM32F0xx_HAL_Driver/Inc/stm32f0xx_hal_i2c.h Drivers/STM32F0xx_HAL_Driver/Inc/stm32f0xx_hal_i2c_ex.h Drivers/STM32F0xx_HAL_Driver/Inc/stm32f0xx_hal_pwr.h Drivers/STM32F0xx_HAL_Driv 
er/Inc/stm32f0xx_hal_pwr_ex.h Drivers/STM32F0xx_HAL_Driver/Inc/stm32f0xx_hal_uart.h Drivers/STM32F0xx_HAL_Driver/Inc/stm32f0xx_hal_uart_ex.h | build
#  Implicit rule search has been done.
#  Implicit/static pattern stem: `stm32f0xx_hal_cortex'
#  Last modified 2021-04-17 03:24:48
#  File has been updated.
#  Successfully updated.
# variable set hash-table stats:
# Load=0/32=0%, Rehash=0, Collisions=0/0=0%
#  commands to execute (from `makefile', line 163):
	$(CC) -c $(CFLAGS) -Wa,-a,-ad,-alms=$(BUILD_DIR)/$(notdir $(<:.c=.lst)) $< -o $@
	

build/stm32f0xx_hal_flash_ex.o: Drivers/STM32F0xx_HAL_Driver/Src/stm32f0xx_hal_flash_ex.c makefile Drivers/STM32F0xx_HAL_Driver/Src/stm32f0xx_hal_flash_ex.c Drivers/STM32F0xx_HAL_Driver/Inc/stm32f0xx_hal.h Core/Inc/stm32f0xx_hal_conf.h Drivers/STM32F0xx_HAL_Driver/Inc/stm32f0xx_hal_rcc.h Drivers/STM32F0xx_HAL_Driver/Inc/stm32f0xx_hal_def.h Drivers/CMSIS/Device/ST/STM32F0xx/Include/stm32f0xx.h Drivers/CMSIS/Device/ST/STM32F0xx/Include/stm32f070x6.h Drivers/CMSIS/Include/core_cm0.h Drivers/CMSIS/Include/cmsis_version.h Drivers/CMSIS/Include/cmsis_compiler.h Drivers/CMSIS/Include/cmsis_gcc.h Drivers/CMSIS/Device/ST/STM32F0xx/Include/system_stm32f0xx.h Drivers/STM32F0xx_HAL_Driver/Inc/Legacy/stm32_hal_legacy.h Drivers/STM32F0xx_HAL_Driver/Inc/stm32f0xx_hal_rcc_ex.h Drivers/STM32F0xx_HAL_Driver/Inc/stm32f0xx_hal_gpio.h Drivers/STM32F0xx_HAL_Driver/Inc/stm32f0xx_hal_gpio_ex.h Drivers/STM32F0xx_HAL_Driver/Inc/stm32f0xx_hal_exti.h Drivers/STM32F0xx_HAL_Driver/Inc/stm32f0xx_hal_dma.h Drivers/STM32F0xx_HAL_Driver/Inc/stm32f0xx_hal_dma_ex.h Drivers/STM32F0xx_HAL_Driver/Inc/stm32f0xx_hal_cortex.h Drivers/STM32F0xx_HAL_Driver/Inc/stm32f0xx_hal_flash.h Drivers/STM32F0xx_HAL_Driver/Inc/stm32f0xx_hal_flash_ex.h Drivers/STM32F0xx_HAL_Driver/Inc/stm32f0xx_hal_i2c.h Drivers/STM32F0xx_HAL_Driver/Inc/stm32f0xx_hal_i2c_ex.h Drivers/STM32F0xx_HAL_Driver/Inc/stm32f0xx_hal_pwr.h Drivers/STM32F0xx_HAL_Driver/Inc/stm32f0xx_hal_pwr_ex.h Drivers/STM32F0xx_HAL_Driver/Inc/stm32f0xx_hal_uart.h Drivers/STM32F0xx_HAL_Driver/Inc/stm32f0xx_hal_uart_ex.h | build
#  Implicit rule search has been done.
#  Implicit/static pattern stem: `stm32f0xx_hal_flash_ex'
#  Last modified 2021-04-17 03:24:49
#  File has been updated.
#  Successfully updated.
# variable set hash-table stats:
# Load=0/32=0%, Rehash=0, Collisions=0/0=0%
#  commands to execute (from `makefile', line 163):
	$(CC) -c $(CFLAGS) -Wa,-a,-ad,-alms=$(BUILD_DIR)/$(notdir $(<:.c=.lst)) $< -o $@
	

# Not a target:
build/stm32f0xx_it.d:
#  A default, MAKEFILES, or -include/sinclude makefile.
#  Implicit rule search has been done.
#  Last modified 2021-04-17 03:24:47
#  File has been updated.
#  Successfully updated.
# variable set hash-table stats:
# Load=0/32=0%, Rehash=0, Collisions=0/0=0%

# Not a target:
Drivers/STM32F0xx_HAL_Driver/Src/stm32f0xx_hal_rcc_ex.c:
#  Implicit rule search has been done.
#  Last modified 2021-03-18 21:13:16
#  File has been updated.
#  Successfully updated.
# variable set hash-table stats:
# Load=0/32=0%, Rehash=0, Collisions=0/0=0%

Core/Inc/main.h:
#  Implicit rule search has been done.
#  Last modified 2021-04-17 03:24:30
#  File has been updated.
#  Successfully updated.
# variable set hash-table stats:
# Load=0/32=0%, Rehash=0, Collisions=0/0=0%

build/bat_8_ut_reciver.hex: build/bat_8_ut_reciver.elf | build
#  Implicit rule search has been done.
#  Implicit/static pattern stem: `bat_8_ut_reciver'
#  Last modified 2021-04-17 03:10:52
#  File has been updated.
#  Needs to be updated (-q is set).
# automatic
# @ := build/bat_8_ut_reciver.hex
# automatic
# % := 
# automatic
# * := bat_8_ut_reciver
# automatic
# + := build/bat_8_ut_reciver.elf
# automatic
# | := build
# automatic
# < := build/bat_8_ut_reciver.elf
# automatic
# ^ := build/bat_8_ut_reciver.elf
# automatic
# ? := build/bat_8_ut_reciver.elf
# variable set hash-table stats:
# Load=8/32=25%, Rehash=0, Collisions=1/15=7%
#  commands to execute (from `makefile', line 173):
	$(HEX) $< $@
	

clean:
#  Implicit rule search has not been done.
#  Modification time never checked.
#  File has not been updated.
#  commands to execute (from `makefile', line 185):
	-rm -fR $(BUILD_DIR)
	

# Not a target:
Drivers/STM32F0xx_HAL_Driver/Src/stm32f0xx_hal_i2c.c:
#  Implicit rule search has been done.
#  Last modified 2021-03-18 21:13:16
#  File has been updated.
#  Successfully updated.
# variable set hash-table stats:
# Load=0/32=0%, Rehash=0, Collisions=0/0=0%

Drivers/CMSIS/Include/cmsis_version.h:
#  Implicit rule search has been done.
#  Last modified 2021-03-18 21:12:21
#  File has been updated.
#  Successfully updated.
# variable set hash-table stats:
# Load=0/32=0%, Rehash=0, Collisions=0/0=0%

Drivers/STM32F0xx_HAL_Driver/Inc/stm32f0xx_hal_i2c_ex.h:
#  Implicit rule search has been done.
#  Last modified 2021-03-18 21:13:15
#  File has been updated.
#  Successfully updated.
# variable set hash-table stats:
# Load=0/32=0%, Rehash=0, Collisions=0/0=0%

# Not a target:
build/stm32f0xx_hal_rcc_ex.d:
#  A default, MAKEFILES, or -include/sinclude makefile.
#  Implicit rule search has been done.
#  Last modified 2021-04-17 03:24:54
#  File has been updated.
#  Successfully updated.
# variable set hash-table stats:
# Load=0/32=0%, Rehash=0, Collisions=0/0=0%

build/stm32f0xx_hal_msp.o: Core/Src/stm32f0xx_hal_msp.c makefile Core/Src/stm32f0xx_hal_msp.c Core/Inc/main.h Drivers/STM32F0xx_HAL_Driver/Inc/stm32f0xx_hal.h Core/Inc/stm32f0xx_hal_conf.h Drivers/STM32F0xx_HAL_Driver/Inc/stm32f0xx_hal_rcc.h Drivers/STM32F0xx_HAL_Driver/Inc/stm32f0xx_hal_def.h Drivers/CMSIS/Device/ST/STM32F0xx/Include/stm32f0xx.h Drivers/CMSIS/Device/ST/STM32F0xx/Include/stm32f070x6.h Drivers/CMSIS/Include/core_cm0.h Drivers/CMSIS/Include/cmsis_version.h Drivers/CMSIS/Include/cmsis_compiler.h Drivers/CMSIS/Include/cmsis_gcc.h Drivers/CMSIS/Device/ST/STM32F0xx/Include/system_stm32f0xx.h Drivers/STM32F0xx_HAL_Driver/Inc/Legacy/stm32_hal_legacy.h Drivers/STM32F0xx_HAL_Driver/Inc/stm32f0xx_hal_rcc_ex.h Drivers/STM32F0xx_HAL_Driver/Inc/stm32f0xx_hal_gpio.h Drivers/STM32F0xx_HAL_Driver/Inc/stm32f0xx_hal_gpio_ex.h Drivers/STM32F0xx_HAL_Driver/Inc/stm32f0xx_hal_exti.h Drivers/STM32F0xx_HAL_Driver/Inc/stm32f0xx_hal_dma.h Drivers/STM32F0xx_HAL_Driver/Inc/stm32f0xx_hal_dma_ex.h Drivers/STM32F0xx_HAL_Driver/Inc/stm32f0xx_hal_cortex.h Drivers/STM32F0xx_HAL_Driver/Inc/stm32f0xx_hal_flash.h Drivers/STM32F0xx_HAL_Driver/Inc/stm32f0xx_hal_flash_ex.h Drivers/STM32F0xx_HAL_Driver/Inc/stm32f0xx_hal_i2c.h Drivers/STM32F0xx_HAL_Driver/Inc/stm32f0xx_hal_i2c_ex.h Drivers/STM32F0xx_HAL_Driver/Inc/stm32f0xx_hal_pwr.h Drivers/STM32F0xx_HAL_Driver/Inc/stm32f0xx_hal_pwr_ex.h Drivers/STM32F0xx_HAL_Driver/Inc/stm32f0xx_hal_uart.h Drivers/STM32F0xx_HAL_Driver/Inc/stm32f0xx_hal_uart_ex.h | build
#  Implicit rule search has been done.
#  Implicit/static pattern stem: `stm32f0xx_hal_msp'
#  Last modified 2021-04-17 03:24:47
#  File has been updated.
#  Successfully updated.
# variable set hash-table stats:
# Load=0/32=0%, Rehash=0, Collisions=0/0=0%
#  commands to execute (from `makefile', line 163):
	$(CC) -c $(CFLAGS) -Wa,-a,-ad,-alms=$(BUILD_DIR)/$(notdir $(<:.c=.lst)) $< -o $@
	

# Not a target:
build/startup_stm32f070x6.d:
#  A default, MAKEFILES, or -include/sinclude makefile.
#  Implicit rule search has been done.
#  Last modified 2021-04-17 03:24:56
#  File has been updated.
#  Successfully updated.
# variable set hash-table stats:
# Load=0/32=0%, Rehash=0, Collisions=0/0=0%

build/stm32f0xx_hal_gpio.o: Drivers/STM32F0xx_HAL_Driver/Src/stm32f0xx_hal_gpio.c makefile Drivers/STM32F0xx_HAL_Driver/Src/stm32f0xx_hal_gpio.c Drivers/STM32F0xx_HAL_Driver/Inc/stm32f0xx_hal.h Core/Inc/stm32f0xx_hal_conf.h Drivers/STM32F0xx_HAL_Driver/Inc/stm32f0xx_hal_rcc.h Drivers/STM32F0xx_HAL_Driver/Inc/stm32f0xx_hal_def.h Drivers/CMSIS/Device/ST/STM32F0xx/Include/stm32f0xx.h Drivers/CMSIS/Device/ST/STM32F0xx/Include/stm32f070x6.h Drivers/CMSIS/Include/core_cm0.h Drivers/CMSIS/Include/cmsis_version.h Drivers/CMSIS/Include/cmsis_compiler.h Drivers/CMSIS/Include/cmsis_gcc.h Drivers/CMSIS/Device/ST/STM32F0xx/Include/system_stm32f0xx.h Drivers/STM32F0xx_HAL_Driver/Inc/Legacy/stm32_hal_legacy.h Drivers/STM32F0xx_HAL_Driver/Inc/stm32f0xx_hal_rcc_ex.h Drivers/STM32F0xx_HAL_Driver/Inc/stm32f0xx_hal_gpio.h Drivers/STM32F0xx_HAL_Driver/Inc/stm32f0xx_hal_gpio_ex.h Drivers/STM32F0xx_HAL_Driver/Inc/stm32f0xx_hal_exti.h Drivers/STM32F0xx_HAL_Driver/Inc/stm32f0xx_hal_dma.h Drivers/STM32F0xx_HAL_Driver/Inc/stm32f0xx_hal_dma_ex.h Drivers/STM32F0xx_HAL_Driver/Inc/stm32f0xx_hal_cortex.h Drivers/STM32F0xx_HAL_Driver/Inc/stm32f0xx_hal_flash.h Drivers/STM32F0xx_HAL_Driver/Inc/stm32f0xx_hal_flash_ex.h Drivers/STM32F0xx_HAL_Driver/Inc/stm32f0xx_hal_i2c.h Drivers/STM32F0xx_HAL_Driver/Inc/stm32f0xx_hal_i2c_ex.h Drivers/STM32F0xx_HAL_Driver/Inc/stm32f0xx_hal_pwr.h Drivers/STM32F0xx_HAL_Driver/Inc/stm32f0xx_hal_pwr_ex.h Drivers/STM32F0xx_HAL_Driver/Inc/stm32f0xx_hal_uart.h Drivers/STM32F0xx_HAL_Driver/Inc/stm32f0xx_hal_uart_ex.h | build
#  Implicit rule search has been done.
#  Implicit/static pattern stem: `stm32f0xx_hal_gpio'
#  Last modified 2021-04-17 03:24:49
#  File has been updated.
#  Successfully updated.
# 
 variable set hash-table stats:
# Load=0/32=0%, Rehash=0, Collisions=0/0=0%
#  commands to execute (from `makefile', line 163):
	$(CC) -c $(CFLAGS) -Wa,-a,-ad,-alms=$(BUILD_DIR)/$(notdir $(<:.c=.lst)) $< -o $@
	

# Not a target:
build/sysmem.d:
#  A default, MAKEFILES, or -include/sinclude makefile.
#  Implicit rule search has been done.
#  Last modified 2021-04-17 03:24:48
#  File has been updated.
#  Successfully updated.
# variable set hash-table stats:
# Load=0/32=0%, Rehash=0, Collisions=0/0=0%

# Not a target:
Core/Src/stm32f0xx_it.c:
#  Implicit rule search has been done.
#  Last modified 2021-04-17 03:24:30
#  File has been updated.
#  Successfully updated.
# variable set hash-table stats:
# Load=0/32=0%, Rehash=0, Collisions=0/0=0%

Drivers/CMSIS/Include/cmsis_gcc.h:
#  Implicit rule search has been done.
#  Last modified 2021-03-18 21:12:21
#  File has been updated.
#  Successfully updated.
# variable set hash-table stats:
# Load=0/32=0%, Rehash=0, Collisions=0/0=0%

Drivers/STM32F0xx_HAL_Driver/Inc 
/stm32f0xx_hal_pwr.h:
#  Implicit rule search has been done.
#  Last modified 2021-03-18 21:13:15
#  File has been updated.
#  Successfully updated.
# variable set hash-table stats:
# Load=0/32=0%, Rehash=0, Collisions=0/0=0%

build/stm32f0xx_hal.o: Drivers/STM32F0xx_HAL_Driver/Src/stm32f0xx_hal.c makefile Drivers/STM32F0xx_HAL_Driver/Src/stm32f0xx_hal.c Drivers/STM32F0xx_HAL_Driver/Inc/stm32f0xx_hal.h Core/Inc/stm32f0xx_hal_conf.h Drivers/STM32F0xx_HAL_Driver/Inc/stm32f0xx_hal_rcc.h Drivers/STM32F0xx_HAL_Driver/Inc/stm32f0xx_hal_def.h Drivers/CMSIS/Device/ST/STM32F0xx/Include/stm32f0xx.h Drivers/CMSIS/Device/ST/STM32F0xx/Include/stm32f070x6.h Drivers/CMSIS/Include/core_cm0.h Drivers/CMSIS/Include/cmsis_version.h Drivers/CMSIS/Include/cmsis_compiler.h Drivers/CMSIS/Include/cmsis_gcc.h Drivers/CMSIS/Device/ST/STM32F0xx/Include/system_stm32f0xx.h Drivers/STM32F0xx_HAL_Driver/Inc/Legacy/stm32_hal_legacy.h Drivers/STM32F0xx_HAL_Driver/Inc/stm32f0xx_hal_rcc_ex.h Drivers/STM32F0xx_HAL_Driver/Inc/stm32f0xx_hal_gpio.h Drivers/STM32F0xx_HAL_Driver/Inc/stm32f0xx_hal_gpio_ex.h Drivers/STM32F0xx_HAL_Driver/Inc/stm32f0xx_hal_exti.h Drivers/STM32F0xx_HAL_Driver/Inc/stm32f0xx_hal_dma.h Drivers/STM32F0xx_HAL_Driver/Inc/stm32f0xx_hal_dma_ex.h Drivers/STM32F0xx_HAL_Driver/Inc/stm32f0xx_hal_cortex.h Drivers/STM32F0xx_HAL_Driver/Inc/stm32f0xx_hal_flash.h Drivers/STM32F0xx_HAL_Driver/Inc/stm32f0xx_hal_flash_ex.h Drivers/STM32F0xx_HAL_Driver/Inc/stm32f0xx_hal_i2c.h Drivers/STM32F0xx_HAL_Driver/Inc/stm32f0xx_hal_i2c_ex.h Drivers/STM32F0xx_HAL_Driver/Inc/stm32f0xx_hal_pwr.h Drivers/STM32F0xx_HAL_Driver/Inc/stm32f0xx_hal_pwr_ex.h Drivers/STM32F0xx_HAL_Driver/Inc/stm32f0xx_hal_uart.h Drivers/STM32F0xx_HAL_Driver/Inc/stm32f0xx_hal_uart_ex.h | build
#  Implicit rule search has been done.
#  Implicit/static pattern stem: `stm32f0xx_hal'
#  Last modified 2021-04-17 03:24:48
#  File has been updated.
#  Successfully updated.
# variable set hash-table stats:
# Load=0/32=0%, Rehash=0, Collisions=0/0=0%
#  commands to execute (from `makefile', line 163):
	$(CC) -c $(CFLAGS) -Wa,-a,-ad,-alms=$(BUILD_DIR)/$(notdir $(<:.c=.lst)) $< -o $@
	

# Not a target:
build/stm32f0xx_hal_i2c.d:
#  A default, MAKEFILES, or -include/sinclude makefile.
#  Implicit rule search has been done.
#  Last modified 2021-04-17 03:24:49
#  File has been updated.
#  Successfully updated.
# variable set hash-table stats:
# Load=0/32=0%, Rehash=0, Collisions=0/0=0%

# Not a target:
startup_stm32f070x6.s:
#  Implicit rule search has been done.
#  Last modified 2021-03-18 21:13:15
#  File has been updated.
#  Successfully updated.
# variable set hash-table stats:
# Load=0/32=0%, Rehash=0, Collisions=0/0=0%

Drivers/STM32F0xx_HAL_Driver/Inc/stm32f0xx_hal_uart_ex.h:
#  Implicit rule search has been done.
#  Last modified 2021-03-18 21:13:15
#  File has been updated.
#  Successfully updated.
# variable set hash-table stats:
# Load=0/32=0%, Rehash=0, Collisions=0/0=0%

# Not a target:
build/main.d:
#  A default, MAKEFILES, or -include/sinclude makefile.
#  Implicit rule search has been done.
#  Last modified 2021-04-17 03:30:52
#  File has been updated.
#  Successfully updated.
# variable set hash-table stats:
# Load=0/32=0%, Rehash=0, Collisions=0/0=0%

build/stm32f0xx_hal_rcc.o: Drivers/STM32F0xx_HAL_Driver/Src/stm32f0xx_hal_rcc.c makefile Drivers/STM32F0xx_HAL_Driver/Src/stm32f0xx_hal_rcc.c Drivers/STM32F0xx_HAL_Driver/Inc/stm32f0xx_hal.h Core/Inc/stm32f0xx_hal_conf.h Drivers/STM32F0xx_HAL_Driver/Inc/stm32f0xx_hal_rcc.h Drivers/STM32F0xx_HAL_Driver/Inc/stm32f0xx_hal_def.h Drivers/CMSIS/Device/ST/STM32F0xx/Include/stm32f0xx.h Drivers/CMSIS/Device/ST/STM32F0xx/Include/stm32f070x6.h Drivers/CMSIS/Include/core_cm0.h Drivers/CMSIS/Include/cmsis_version.h Drivers/CMSIS/Include/cmsis_compiler.h Drivers/CMSIS/Include/cmsis_gcc.h Drivers/CMSIS/Device/ST/STM32F0xx/Include/system_stm32f0xx.h Drivers/STM32F0xx_HAL_Driver/Inc/Legacy/stm32_hal_legacy.h Drivers/STM32F0xx_HAL_Driver/Inc/stm32f0xx_hal_rcc_ex.h Drivers/STM32F0xx_HAL_Driver/Inc/stm32f0xx_hal_gpio.h Drivers/STM32F0xx_HAL_Driver/Inc/stm32f0xx_hal_gpio_ex.h Drivers/STM32F0xx_HAL_Driver/Inc/stm32f0xx_hal_exti.h Drivers/STM32F0xx_HAL_Driver/Inc/stm32f0xx_hal_dma.h Drivers/STM32F0xx_HAL_Driver/Inc/stm32f0xx_hal_dma_ex.h Drivers/STM32F0xx_HAL_Driver/Inc/stm32f0xx_hal_cortex.h Drivers/STM32F0xx_HAL_Driver/Inc/stm32f0xx_hal_flash.h Drivers/STM32F0xx_HAL_Driver/Inc/stm32f0xx_hal_flash_ex.h Drivers/STM32F0xx_HAL_Driver/Inc/stm32f0xx_hal_i2c.h Drivers/STM32F0xx_HAL_Driver/Inc/stm32f0xx_hal_i2c_ex.h Drivers/STM32F0xx_HAL_Driver/Inc/stm32f0xx_hal_pwr.h Drivers/STM32F0xx_HAL_Driver/Inc/stm32f0xx_hal_pwr_ex.h Drivers/STM32F0xx_HAL_Driver/Inc/stm32f0xx_hal_uart.h Drivers/STM32F0xx_HAL_Driver/Inc/stm32f0xx_hal_uart_ex.h | build
#  Implicit rule search has been done.
#  Implicit/static pattern stem: `stm32f0xx_hal_rcc'
#  Last modified 2021-04-17 03:24:54
#  File has been updated.
#  Successfully updated.
# variable set hash-table stats:
# Load=0/32=0%, Rehash=0, Collisions=0/0=0%
#  commands to execute (from `makefile', line 163):
	$(CC) -c $(CFLAGS) -Wa,-a,-ad,-alms=$(BUILD_DIR)/$(notdir $(<:.c=.lst)) $< -o $@
	

# Not a target:
build/syscalls.d:
#  A default, MAKEFILES, or -include/sinclude makefile.
#  Implicit rule search has been done.
#  Last modified 2021-04-17 03:24:48
#  File has been updated.
#  Successfully updated.
# variable set hash-table stats:
# Load=0/32=0%, Rehash=0, Collisions=0/0=0%

# Not a target:
build/stm32f0xx_hal_uart.d:
#  A default, MAKEFILES, or -include/sinclude makefile.
#  Implicit rule search has been done.
#  Last modified 2021-04-17 03:24:55
#  File has been updated.
#  Successfully updated.
# variable set hash-table stats:
# Load=0/32=0%, Rehash=0, Collisions=0/0=0%

build/bat_8_ut_reciver.elf: build/main.o build/stm32f0xx_it.o build/stm32f0xx_hal_msp.o build/stm32f0xx_hal_tim.o build/stm32f0xx_hal_tim_ex.o build/stm32f0xx_hal_uart.o build/stm32f0xx_hal_uart_ex.o build/stm32f0xx_hal_rcc.o build/stm32f0xx_hal_rcc_ex.o build/stm32f0xx_hal.o build/stm32f0xx_hal_i2c.o build/stm32f0xx_hal_i2c_ex.o build/stm32f0xx_hal_gpio.o build/stm3 
2f0xx_hal_dma.o build/stm32f0xx_hal_cortex.o build/stm32f0xx_hal_pwr.o build/stm32f0xx_hal_pwr_ex.o build/stm32f0xx_hal_flash.o build/stm32f0xx_hal_flash_ex.o build/stm32f0xx_hal_exti.o build/system_stm32f0xx.o build/startup_stm32f070x6.o makefile
#  Implicit rule search has not been done.
#  Last modified 2021-04-17 03:30:52
#  File has been updated.
#  Successfully updated.
# variable set hash-table stats:
# Load=0/32=0%, Rehash=0, Collisions=0/0=0%
#  commands to execute (from `makefile', line 169):
	$(CC) $(OBJECTS) $(LDFLAGS) -o $@
	$(SZ) $@
	

build/stm32f0xx_hal_exti.o: Drivers/STM32F0xx_HAL_Driver/Src/stm32f0xx_hal_exti.c makefile Drivers/STM32F0xx_HAL_Driver/Src/stm32f0xx_hal_exti.c Drivers/STM32F0xx_HAL_Driver/Inc/stm32f0xx_hal.h Core/Inc/stm32f0xx_hal_conf.h Drivers/STM32F0xx_HAL_Driver/Inc/stm32f0xx_hal_rcc.h Drivers/STM32F0xx_HAL_Driver/Inc/stm32f0xx_hal_def.h Drivers/CMSIS/Device/ST/STM32F0xx/Include/stm32f0xx.h Drivers/CMSIS/Device/ST/STM32F0xx/Include/stm32f070x6.h Drivers/CMSIS/Include/core_cm0.h Drivers/CMSIS/Include/cmsis_version.h Drivers/CMSIS/Include/cmsis_compiler.h Drivers/CMSIS/Include/cmsis_gcc.h Drivers/CMSIS/Device/ST/STM32F0xx/Include/system_stm32f0xx.h Drivers/STM32F0xx_HAL_Driver/Inc/Legacy/stm32_hal_legacy.h Drivers/STM32F0xx_HAL_Driver/Inc/stm32f0xx_hal_rcc_ex.h Drivers/STM32F0xx_HAL_Driver/Inc/stm32f0xx_hal_gpio.h Drivers/STM32F0xx_HAL_Driver/Inc/stm32f0xx_hal_gpio_ex.h Drivers/STM32F0xx_HAL_Driver/Inc/stm32f0xx_hal_exti.h Drivers/STM32F0xx_HAL_Driver/Inc/stm32f0xx_hal_dma.h Drivers/STM32F0xx_HAL_Driver/Inc/stm32f0xx_hal_dma_ex.h Drivers/STM32F0xx_HAL_Driver/Inc/stm32f0xx_hal_cortex.h Drivers/STM32F0xx_HAL_Driver/Inc/stm32f0xx_hal_flash.h Drivers/STM32F0xx_HAL_Driver/Inc/stm32f0xx_hal_flash_ex.h Drivers/STM32F0xx_HAL_Driver/Inc/stm32f0xx_hal_i2c.h Drivers/STM32F0xx_HAL_Driver/Inc/stm32f0xx_hal_i2c_ex.h Drivers/STM32F0xx_HAL_Driver/Inc/stm32f0xx_hal_pwr.h Drivers/STM32F0xx_HAL_Driver/Inc/stm32f0xx_hal_pwr_ex.h Drivers/STM32F0xx_HAL_Driver/Inc/stm32f0xx_hal_uart.h Drivers/STM32F0xx_HAL_Driver/Inc/stm32f0xx_hal_uart_ex.h | build
#  Implicit rule search has been done.
#  Implicit/static pattern stem: `stm32f0xx_hal_exti'
#  Last modified 2021-04-17 03:24:48
#  File has been updated.
#  Successfully updated.
# variable set hash-table stats:
# Load=0/32=0%, Rehash=0, Collisions=0/0=0%
#  commands to execute (from `makefile', line 163):
	$(CC) -c $(CFLAGS) -Wa,-a,-ad,-alms=$(BUILD_DIR)/$(notdir $(<:.c=.lst)) $< -o $@
	

Drivers/STM32F0xx_HAL_Driver/Inc/stm32f0xx_hal_flash.h:
#  Implicit rule search has been done.
#  Last modified 2021-03-18 21:13:15
#  File has been updated.
#  Successfully updated.
# variable set hash-table stats:
# Load=0/32=0%, Rehash=0, Collisions=0/0=0%

# Not a target:
Core/Src/main.c:
#  Implicit rule search has been done.
#  Last modified 2021-04-17 03:30:47
#  File has been updated.
#  Successfully updated.
# variable set hash-table stats:
# Load=0/32=0%, Rehash=0, Collisions=0/0=0%

# Not a target:
Drivers/STM32F0xx_HAL_Driver/Src/stm32f0xx_hal_tim.c:
#  Implicit rule search has been done.
#  Last modified 2021-03-18 21:13:16
#  File has been updated.
#  Successfully updated.
# variable set hash-table stats:
# Load=0/32=0%, Rehash=0, Collisions=0/0=0%

Drivers/CMSIS/Device/ST/STM32F0xx/Include/stm32f0xx.h:
#  Implicit rule search has been done.
#  Last modified 2021-03-18 21:13:15
#  File has been updated.
#  Successfully updated.
# variable set hash-table stats:
# Load=0/32=0%, Rehash=0, Collisions=0/0=0%

Drivers/STM32F0xx_HAL_Driver/Inc/Legacy/stm32_hal_legacy.h: 

#  Implicit rule search has been done.
#  Last modified 2021-03-18 21:13:15
#  File has been updated.
#  Successfully updated.
# variable set hash-table stats:
# Load=0/32=0%, Rehash=0, Collisions=0/0=0%

Drivers/STM32F0xx_HAL_Driver/Inc/stm32f0xx_hal_dma.h:
#  Implicit rule search has been done.
#  Last modified 2021-03-18 21:13:15
#  File has been updated.
#  Successfully updated.
# variable set hash-table stats:
# Load=0/32=0%, Rehash=0, Collisions=0/0=0%

# Not a target:
build/system_stm32f0xx.d:
#  A default, MAKEFILES, or -include/sinclude makefile.
#  Implicit rule search has been done.
#  Last modified 2021-04-17 03:24:48
#  File has been updated.
#  Successfully updated.
# variable set hash-table stats:
# Load=0/32=0%, Rehash=0, Collisions=0/0=0%

# Not a target:
Core/Src/syscalls.c:
#  Implicit rule search has not been done.
#  Modification time never checked.
#  File has not been updated.

Drivers/CMSIS/Include/cmsis_compiler.h:
#  Implicit rule search has been done.
#  Last modified 2021-03-18 21:12:21
#  File has been updated.
#  Successfully updated.
# variable set hash-table stats:
# Load=0/32=0%, Rehash=0, Collisions=0/0=0%

# Not a target:
Drivers/STM32F0xx_HAL_Driver/Src/stm32f0xx_hal_i2c_ex.c:
#  Implicit rule search has been done.
#  Last modified 2021-03-18 21:13:16
#  File has been updated.
#  Successfully updated.
# variable set hash-table stats:
# Load=0/32=0%, Rehash=0, Collisions=0/0=0%

build/stm32f0xx_it.o: Core/Src/stm32f0xx_it.c makefile Core/Src/stm32f0xx_it.c Core/Inc/main.h Drivers/STM32F0xx_HAL_Driver/Inc/stm32f0xx_hal.h Core/Inc/stm32f0xx_hal_conf.h Drivers/STM32F0xx_HAL_Driver/Inc/stm32f0xx_hal_rcc.h Drivers/STM32F0xx_HAL_Driver/Inc/stm32f0xx_hal_def.h Drivers/CMSIS/Device/ST/STM32F0xx/Include/stm32f0xx.h Drivers/CMSIS/Device/ST/STM32F0xx/Include/stm32f070x6.h Drivers/CMSIS/Include/core_cm0.h Drivers/CMSIS/Include/cmsis_version.h Drivers/CMSIS/Include/cmsis_compiler.h Drivers/CMSIS/Include/cmsis_gcc.h Drivers/CMSIS/Device/ST/STM32F0xx/Include/system_stm32f0xx.h Drivers/STM32F0xx_HAL_Driver/Inc/Legacy/stm32_hal_legacy.h Drivers/STM32F0xx_HAL_Driver/Inc/stm32f0xx_hal_rcc_ex.h Drivers/STM32F0xx_HAL_Driver/Inc/stm32f0xx_hal_gpio.h Drivers/STM32F0xx_HAL_Driver/Inc/stm32f0xx_hal_gpio_ex.h Drivers/STM32F0xx_HAL_Driver/Inc/stm32f0xx_hal_exti.h Drivers/STM32F0xx_HAL_Driver/Inc/stm32f0xx_hal_dma.h Drivers/STM32F0xx_HAL_Driver/Inc/stm32f0xx_hal_dma_ex.h Drivers/STM32F0xx_HAL_Driver/Inc/stm32f0xx_hal_cortex.h Drivers/STM32F0xx_HAL_Driver/Inc/stm32f0xx_hal_flash.h Drivers/STM32F0xx_HAL_Driver/Inc/stm32f0xx_hal_flash_ex.h Drivers/STM32F0xx_HAL_Driver/Inc/stm32f0xx_hal_i2c.h Drivers/STM32F0xx_HAL_Driver/Inc/stm32f0xx_hal_i2c_ex.h Drivers/STM32F0xx_HAL_Driver/Inc/stm32f0xx_hal_pwr.h Drivers/STM32F0xx_HAL_Driver/Inc/stm32f0xx_hal_pwr_ex.h Drivers/STM32F0xx_HAL_Driver/Inc/stm32f0xx_hal_uart.h Drivers/STM32F0xx_HAL_Driver/Inc/stm32f0xx_hal_uart_ex.h Core/Inc/stm32f0xx_it.h | build
#  Implicit rule search has been done.
#  Implicit/static pattern stem: `stm32f0xx_it'
#  Last modified 2021-04-17 03:24:47
#  File has been updated.
#  Successfully updated.
# variable set hash-table stats:
# Load=0/32=0%, Rehash=0, Collisions=0/0=0%
#  commands to execute (from `makefile', line 163):
	$(CC) -c $(CFLAGS) -Wa,-a,-ad,-alms=$(BUILD_DIR)/$(notdir $(<:.c=.lst)) $< -o $@
	

# Not a target:
build/stm32f0xx_hal_tim.d:
#  A default, MAKEFILES, or -include/sinclude makefile.
#  Implicit rule search has been done.
#  Last modified 2021-04-17 03:24:54
#  File has been updated.
#  Successfully updated.
# variable set ha 
sh-table stats:
# Load=0/32=0%, Rehash=0, Collisions=0/0=0%

# Not a target:
Drivers/STM32F0xx_HAL_Driver/Src/stm32f0xx_hal_pwr.c:
#  Implicit rule search has been done.
#  Last modified 2021-03-18 21:13:16
#  File has been updated.
#  Successfully updated.
# variable set hash-table stats:
# Load=0/32=0%, Rehash=0, Collisions=0/0=0%

Drivers/CMSIS/Include/core_cm0.h:
#  Implicit rule search has been done.
#  Last modified 2021-03-18 21:12:21
#  File has been updated.
#  Successfully updated.
# variable set hash-table stats:
# Load=0/32=0%, Rehash=0, Collisions=0/0=0%

Core/Inc/stm32f0xx_hal_conf.h:
#  Implicit rule search has been done.
#  Last modified 2021-04-17 03:24:30
#  File has been updated.
#  Successfully updated.
# variable set hash-table stats:
# Load=0/32=0%, Rehash=0, Collisions=0/0=0%

Drivers/STM32F0xx_HAL_Driver/Inc/stm32f0xx_hal_pwr_ex.h:
#  Implicit rule search has been done.
#  Last modified 2021-03-18 21:13:15
#  File has been updated.
#  Successfully updated.
# variable set hash-table stats:
# Load=0/32=0%, Rehash=0, Collisions=0/0=0%

# Not a target:
Drivers/STM32F0xx_HAL_Driver/Src/stm32f0xx_hal_uart_ex.c:
#  Implicit rule search has been done.
#  Last modified 2021-03-18 21:13:16
#  File has been updated.
#  Successfully updated.
# variable set hash-table stats:
# Load=0/32=0%, Rehash=0, Collisions=0/0=0%

# Not a target:
build/stm32f0xx_hal_i2c_ex.d:
#  A default, MAKEFILES, or -include/sinclude makefile.
#  Implicit rule search has been done.
#  Last modified 2021-04-17 03:24:54
#  File has been updated.
#  Successfully updated.
# variable set hash-table stats:
# Load=0/32=0%, Rehash=0, Collisions=0/0=0%

# files hash-table stats:
# Load=110/1024=11%, Rehash=0, Collisions=84/1652=5%
# VPATH Search Paths

vpath %.c Core/Src;Drivers/STM32F0xx_HAL_Driver/Src

# 1 `vpath' search paths.

# No general (`VPATH' variable) search path.

# # of strings in strcache: 25
# # of strcache buffers: 1
# strcache size: total = 4096 / max = 4096 / min = 4096 / avg = 4096
# strcache free: total = 3475 / max = 3475 / min = 3475 / avg = 3475

# Finished Make data base on Sun Apr 18 20:48:37 2021

 
